INFO Logging to C:\Users\lliao\Downloads\qpme_models\SimQPN_Output_new configuration_2023-11-23_194339443.log
WARN Batch means correlation test was run for depository of place Workload, color 0
    However, the standard deviation of the token residence time is 0 and therefore the result of the test is ignored!
    In future runs, you should set numBMeansCorlTested to 0 to switch off the correlation test!
WARN Batch means correlation test was run for depository of place W/product, color 0
    However, the standard deviation of the token residence time is 0 and therefore the result of the test is ignored!
    In future runs, you should set numBMeansCorlTested to 0 to switch off the correlation test!
WARN Batch means correlation test was run for depository of place P/getProduct_product, color 0
    However, the standard deviation of the token residence time is 0 and therefore the result of the test is ignored!
    In future runs, you should set numBMeansCorlTested to 0 to switch off the correlation test!
WARN Batch means correlation test was run for depository of place R/getAds_product, color 0
    However, the standard deviation of the token residence time is 0 and therefore the result of the test is ignored!
    In future runs, you should set numBMeansCorlTested to 0 to switch off the correlation test!
WARN Batch means correlation test was run for depository of place I/product_product, color 0
    However, the standard deviation of the token residence time is 0 and therefore the result of the test is ignored!
    In future runs, you should set numBMeansCorlTested to 0 to switch off the correlation test!
WARN Batch means correlation test was run for depository of place A/isLoggedIn_product, color 0
    However, the standard deviation of the token residence time is 0 and therefore the result of the test is ignored!
    In future runs, you should set numBMeansCorlTested to 0 to switch off the correlation test!
WARN Batch means correlation test was run for depository of place W/logout, color 0
    However, the standard deviation of the token residence time is 0 and therefore the result of the test is ignored!
    In future runs, you should set numBMeansCorlTested to 0 to switch off the correlation test!
WARN Batch means correlation test was run for depository of place A/logout_logout, color 0
    However, the standard deviation of the token residence time is 0 and therefore the result of the test is ignored!
    In future runs, you should set numBMeansCorlTested to 0 to switch off the correlation test!
WARN Batch means correlation test was run for depository of place P/category_logout, color 0
    However, the standard deviation of the token residence time is 0 and therefore the result of the test is ignored!
    In future runs, you should set numBMeansCorlTested to 0 to switch off the correlation test!
WARN Batch means correlation test was run for depository of place I/icon_logout, color 0
    However, the standard deviation of the token residence time is 0 and therefore the result of the test is ignored!
    In future runs, you should set numBMeansCorlTested to 0 to switch off the correlation test!
WARN Batch means correlation test was run for depository of place W/login, color 0
    However, the standard deviation of the token residence time is 0 and therefore the result of the test is ignored!
    In future runs, you should set numBMeansCorlTested to 0 to switch off the correlation test!
WARN Batch means correlation test was run for depository of place P/categories_login, color 0
    However, the standard deviation of the token residence time is 0 and therefore the result of the test is ignored!
    In future runs, you should set numBMeansCorlTested to 0 to switch off the correlation test!
WARN Batch means correlation test was run for depository of place I/icon_login, color 0
    However, the standard deviation of the token residence time is 0 and therefore the result of the test is ignored!
    In future runs, you should set numBMeansCorlTested to 0 to switch off the correlation test!
WARN Batch means correlation test was run for depository of place A/isLoggedIn_login, color 0
    However, the standard deviation of the token residence time is 0 and therefore the result of the test is ignored!
    In future runs, you should set numBMeansCorlTested to 0 to switch off the correlation test!
WARN Batch means correlation test was run for depository of place W/loginAction, color 0
    However, the standard deviation of the token residence time is 0 and therefore the result of the test is ignored!
    In future runs, you should set numBMeansCorlTested to 0 to switch off the correlation test!
WARN Batch means correlation test was run for depository of place A/login_loginAction, color 0
    However, the standard deviation of the token residence time is 0 and therefore the result of the test is ignored!
    In future runs, you should set numBMeansCorlTested to 0 to switch off the correlation test!
WARN Batch means correlation test was run for depository of place P/getUser_loginAction, color 0
    However, the standard deviation of the token residence time is 0 and therefore the result of the test is ignored!
    In future runs, you should set numBMeansCorlTested to 0 to switch off the correlation test!
WARN Batch means correlation test was run for depository of place I/icon_loginAction, color 0
    However, the standard deviation of the token residence time is 0 and therefore the result of the test is ignored!
    In future runs, you should set numBMeansCorlTested to 0 to switch off the correlation test!
WARN Batch means correlation test was run for depository of place W/category, color 0
    However, the standard deviation of the token residence time is 0 and therefore the result of the test is ignored!
    In future runs, you should set numBMeansCorlTested to 0 to switch off the correlation test!
WARN Batch means correlation test was run for depository of place P/category_category, color 0
    However, the standard deviation of the token residence time is 0 and therefore the result of the test is ignored!
    In future runs, you should set numBMeansCorlTested to 0 to switch off the correlation test!
WARN Batch means correlation test was run for depository of place I/productImages_category, color 0
    However, the standard deviation of the token residence time is 0 and therefore the result of the test is ignored!
    In future runs, you should set numBMeansCorlTested to 0 to switch off the correlation test!
WARN Batch means correlation test was run for depository of place A/isLoggedIn_category, color 0
    However, the standard deviation of the token residence time is 0 and therefore the result of the test is ignored!
    In future runs, you should set numBMeansCorlTested to 0 to switch off the correlation test!
WARN Batch means correlation test was run for depository of place W/index, color 0
    However, the standard deviation of the token residence time is 0 and therefore the result of the test is ignored!
    In future runs, you should set numBMeansCorlTested to 0 to switch off the correlation test!
WARN Batch means correlation test was run for depository of place P/categories_index, color 0
    However, the standard deviation of the token residence time is 0 and therefore the result of the test is ignored!
    In future runs, you should set numBMeansCorlTested to 0 to switch off the correlation test!
WARN Batch means correlation test was run for depository of place A/isLoggedIn_index, color 0
    However, the standard deviation of the token residence time is 0 and therefore the result of the test is ignored!
    In future runs, you should set numBMeansCorlTested to 0 to switch off the correlation test!
WARN Batch means correlation test was run for depository of place I/icon_index, color 0
    However, the standard deviation of the token residence time is 0 and therefore the result of the test is ignored!
    In future runs, you should set numBMeansCorlTested to 0 to switch off the correlation test!
WARN The simulation was stopped because of reaching max totalRunLen.
The required precision may not have been reached!
REPORT for Queue of Queueing Place : W/index----------------------------------------

queueUtilQPl=0.058454102357312514

------------------ Color = index --------------------
arrivCnt=1498243 deptCnt=1498243
arrivThrPut=16.647144004404876 deptThrPut=16.647144004404876
meanTkPop=0.11877486548980766 tkColOcp=0.10549562578421905
-----
meanST=0.007134849404701463 stDevST=0.008577415589193057

Steady State Statistics: numBatchesST=3745 batchSizeST=400 stDevStdStateMeanST=6.132970334651481E-4
95% c.i. = 0.007134876160329319 +/- 1.9642331849353958E-5



REPORT for Depository of Queueing Place : W/index----------------------------------------

tkOcp=0.0

------------------ Color = index --------------------
arrivCnt=1498243 deptCnt=1498243
arrivThrPut=16.647144004404876 deptThrPut=16.647144004404876
meanTkPop=0.0 tkColOcp=0.0
-----
meanST=0.0 stDevST=0.0

Steady State Statistics: numBatchesST=7491 batchSizeST=200 stDevStdStateMeanST=0.0
95% c.i. = 0.0 +/- 0.0



REPORT for Queue : WebUI----------------------------------------

totArrivThrPut=99.97381957958055 totDeptThrPut=99.9738418018022
meanTotTkPop=1.1685902949840492 queueUtil=0.4457195670623704
meanST=0.01168896471202395



REPORT for Queue of Queueing Place : P/categories_index----------------------------------------

queueUtilQPl=0.01872862830864015

------------------ Color = index --------------------
arrivCnt=1498243 deptCnt=1498243
arrivThrPut=16.647144004404876 deptThrPut=16.647144004404876
meanTkPop=0.03756015674124872 tkColOcp=0.03609583710939282
-----
meanST=0.0022562522875581663 stDevST=0.002595272120841365

Steady State Statistics: numBatchesST=3745 batchSizeST=400 stDevStdStateMeanST=1.5136876530476949E-4
95% c.i. = 0.0022562462980788944 +/- 4.847953532311058E-6



REPORT for Depository of Queueing Place : P/categories_index----------------------------------------

tkOcp=0.0

------------------ Color = index --------------------
arrivCnt=1498243 deptCnt=1498243
arrivThrPut=16.647144004404876 deptThrPut=16.647144004404876
meanTkPop=0.0 tkColOcp=0.0
-----
meanST=0.0 stDevST=0.0

Steady State Statistics: numBatchesST=7491 batchSizeST=200 stDevStdStateMeanST=0.0
95% c.i. = 0.0 +/- 0.0



REPORT for Queue : Persistence----------------------------------------

totArrivThrPut=99.9738418018022 totDeptThrPut=99.9738418018022
meanTotTkPop=0.4486200270559674 queueUtil=0.20911725045599341
meanST=0.004487374086767168



REPORT for Queue of Queueing Place : A/isLoggedIn_index----------------------------------------

queueUtilQPl=0.016163551914960606

------------------ Color = index --------------------
arrivCnt=1498243 deptCnt=1498243
arrivThrPut=16.647144004404876 deptThrPut=16.647144004404876
meanTkPop=0.032741992606866374 tkColOcp=0.030077237606383346
-----
meanST=0.0019668234141665838 stDevST=0.004239579657337588

Steady State Statistics: numBatchesST=3745 batchSizeST=400 stDevStdStateMeanST=2.9425223233134725E-4
95% c.i. = 0.001966784439722413 +/- 9.424144712080972E-6



REPORT for Depository of Queueing Place : A/isLoggedIn_index----------------------------------------

tkOcp=0.0

------------------ Color = index --------------------
arrivCnt=1498243 deptCnt=1498243
arrivThrPut=16.647144004404876 deptThrPut=16.647144004404876
meanTkPop=0.0 tkColOcp=0.0
-----
meanST=0.0 stDevST=0.0

Steady State Statistics: numBatchesST=7491 batchSizeST=200 stDevStdStateMeanST=0.0
95% c.i. = 0.0 +/- 0.0



REPORT for Queue : Auth----------------------------------------

totArrivThrPut=99.9738418018022 totDeptThrPut=99.97383069069137
meanTotTkPop=0.5457166096328682 queueUtil=0.2351157011934892
meanST=0.005458590819288378



REPORT for Queue of Queueing Place : W/login----------------------------------------

queueUtilQPl=0.05861525672458644

------------------ Color = login --------------------
arrivCnt=1500283 deptCnt=1500283
arrivThrPut=16.669810670472387 deptThrPut=16.669810670472387
meanTkPop=0.1191159538173695 tkColOcp=0.10574686745916587
-----
meanST=0.007145609279676 stDevST=0.008588861816964024

Steady State Statistics: numBatchesST=3750 batchSizeST=400 stDevStdStateMeanST=6.217329879438456E-4
95% c.i. = 0.007145663936585284 +/- 1.9899234409299226E-5



REPORT for Depository of Queueing Place : W/login----------------------------------------

tkOcp=0.0

------------------ Color = login --------------------
arrivCnt=1500283 deptCnt=1500283
arrivThrPut=16.669810670472387 deptThrPut=16.669810670472387
meanTkPop=0.0 tkColOcp=0.0
-----
meanST=0.0 stDevST=0.0

Steady State Statistics: numBatchesST=7501 batchSizeST=200 stDevStdStateMeanST=0.0
95% c.i. = 0.0 +/- 0.0



REPORT for Queue : WebUI----------------------------------------

totArrivThrPut=99.97381957958055 totDeptThrPut=99.9738418018022
meanTotTkPop=1.1685902949840492 queueUtil=0.4457195670623704
meanST=0.01168896471202395



REPORT for Queue of Queueing Place : W/loginAction----------------------------------------

queueUtilQPl=0.08161222535924655

------------------ Color = loginAction --------------------
arrivCnt=1500119 deptCnt=1500119
arrivThrPut=16.66798844829833 deptThrPut=16.66798844829833
meanTkPop=0.16602533644075526 tkColOcp=0.14577453765373022
-----
meanST=0.009960730231829812 stDevST=0.010291169712129013

Steady State Statistics: numBatchesST=3750 batchSizeST=400 stDevStdStateMeanST=7.201948114440598E-4
95% c.i. = 0.009960697057740322 +/- 2.3050611196748646E-5



REPORT for Depository of Queueing Place : W/loginAction----------------------------------------

tkOcp=0.0

------------------ Color = loginAction --------------------
arrivCnt=1500119 deptCnt=1500119
arrivThrPut=16.66798844829833 deptThrPut=16.66798844829833
meanTkPop=0.0 tkColOcp=0.0
-----
meanST=0.0 stDevST=0.0

Steady State Statistics: numBatchesST=7500 batchSizeST=200 stDevStdStateMeanST=0.0
95% c.i. = 0.0 +/- 0.0



REPORT for Queue : WebUI----------------------------------------

totArrivThrPut=99.97381957958055 totDeptThrPut=99.9738418018022
meanTotTkPop=1.1685902949840492 queueUtil=0.4457195670623704
meanST=0.01168896471202395



REPORT for Queue of Queueing Place : A/login_loginAction----------------------------------------

queueUtilQPl=0.1639909209591087

------------------ Color = loginAction --------------------
arrivCnt=1500119 deptCnt=1500118
arrivThrPut=16.66798844829833 deptThrPut=16.667977337187516
meanTkPop=0.3377110751128004 tkColOcp=0.2807434600723063
-----
meanST=0.020261048657882006 stDevST=0.019922740360385334

Steady State Statistics: numBatchesST=3750 batchSizeST=400 stDevStdStateMeanST=0.0011366572679348803
95% c.i. = 0.020260889818129922 +/- 3.637994099761795E-5



REPORT for Depository of Queueing Place : A/login_loginAction----------------------------------------

tkOcp=0.0

------------------ Color = loginAction --------------------
arrivCnt=1500118 deptCnt=1500118
arrivThrPut=16.667977337187516 deptThrPut=16.667977337187516
meanTkPop=0.0 tkColOcp=0.0
-----
meanST=0.0 stDevST=0.0

Steady State Statistics: numBatchesST=7500 batchSizeST=200 stDevStdStateMeanST=0.0
95% c.i. = 0.0 +/- 0.0



REPORT for Queue : Auth----------------------------------------

totArrivThrPut=99.9738418018022 totDeptThrPut=99.97383069069137
meanTotTkPop=0.5457166096328682 queueUtil=0.2351157011934892
meanST=0.005458590819288378



REPORT for Queue of Queueing Place : W/logout----------------------------------------

queueUtilQPl=0.08045303991247997

------------------ Color = logout --------------------
arrivCnt=1498803 deptCnt=1498804
arrivThrPut=16.653366226462623 deptThrPut=16.653377337573442
meanTkPop=0.16369522471957004 tkColOcp=0.14371952498573842
-----
meanST=0.009829555296162348 stDevST=0.010202302620818808

Steady State Statistics: numBatchesST=3747 batchSizeST=400 stDevStdStateMeanST=7.055469576595259E-4
95% c.i. = 0.009829559568874222 +/- 2.2590828987881967E-5



REPORT for Depository of Queueing Place : W/logout----------------------------------------

tkOcp=0.0

------------------ Color = logout --------------------
arrivCnt=1498804 deptCnt=1498804
arrivThrPut=16.653377337573442 deptThrPut=16.653377337573442
meanTkPop=0.0 tkColOcp=0.0
-----
meanST=0.0 stDevST=0.0

Steady State Statistics: numBatchesST=7494 batchSizeST=200 stDevStdStateMeanST=0.0
95% c.i. = 0.0 +/- 0.0



REPORT for Queue : WebUI----------------------------------------

totArrivThrPut=99.97381957958055 totDeptThrPut=99.9738418018022
meanTotTkPop=1.1685902949840492 queueUtil=0.4457195670623704
meanST=0.01168896471202395



REPORT for Queue of Queueing Place : A/logout_logout----------------------------------------

queueUtilQPl=0.025515526304330037

------------------ Color = logout --------------------
arrivCnt=1498804 deptCnt=1498804
arrivThrPut=16.653377337573442 deptThrPut=16.653377337573442
meanTkPop=0.05146267837297038 tkColOcp=0.04811521967585272
-----
meanST=0.003090224723177322 stDevST=0.004614259921421714

Steady State Statistics: numBatchesST=3747 batchSizeST=400 stDevStdStateMeanST=3.0828844219790426E-4
95% c.i. = 0.0030902217732596193 +/- 9.871053090125045E-6



REPORT for Depository of Queueing Place : A/logout_logout----------------------------------------

tkOcp=0.0

------------------ Color = logout --------------------
arrivCnt=1498804 deptCnt=1498804
arrivThrPut=16.653377337573442 deptThrPut=16.653377337573442
meanTkPop=0.0 tkColOcp=0.0
-----
meanST=0.0 stDevST=0.0

Steady State Statistics: numBatchesST=7494 batchSizeST=200 stDevStdStateMeanST=0.0
95% c.i. = 0.0 +/- 0.0



REPORT for Queue : Auth----------------------------------------

totArrivThrPut=99.9738418018022 totDeptThrPut=99.97383069069137
meanTotTkPop=0.5457166096328682 queueUtil=0.2351157011934892
meanST=0.005458590819288378



REPORT for Queue of Queueing Place : P/getUser_loginAction----------------------------------------

queueUtilQPl=0.02795224700881878

------------------ Color = loginAction --------------------
arrivCnt=1500118 deptCnt=1500118
arrivThrPut=16.667977337187516 deptThrPut=16.667977337187516
meanTkPop=0.055989640501166796 tkColOcp=0.05396919690125172
-----
meanST=0.003359114268547131 stDevST=0.003445131008708395

Steady State Statistics: numBatchesST=3750 batchSizeST=400 stDevStdStateMeanST=1.819695670620106E-4
95% c.i. = 0.0033591013926480423 +/- 5.824132128328848E-6



REPORT for Depository of Queueing Place : P/getUser_loginAction----------------------------------------

tkOcp=0.0

------------------ Color = loginAction --------------------
arrivCnt=1500118 deptCnt=1500118
arrivThrPut=16.667977337187516 deptThrPut=16.667977337187516
meanTkPop=0.0 tkColOcp=0.0
-----
meanST=0.0 stDevST=0.0

Steady State Statistics: numBatchesST=7500 batchSizeST=200 stDevStdStateMeanST=0.0
95% c.i. = 0.0 +/- 0.0



REPORT for Queue : Persistence----------------------------------------

totArrivThrPut=99.9738418018022 totDeptThrPut=99.9738418018022
meanTotTkPop=0.4486200270559674 queueUtil=0.20911725045599341
meanST=0.004487374086767168



REPORT for Queue of Queueing Place : W/category----------------------------------------

queueUtilQPl=0.12069621104706714

------------------ Color = category --------------------
arrivCnt=1499781 deptCnt=1499781
arrivThrPut=16.664232892842048 deptThrPut=16.664232892842048
meanTkPop=0.24710645600603687 tkColOcp=0.20980418645565346
-----
meanST=0.014828552720970367 stDevST=0.014129891424574256

Steady State Statistics: numBatchesST=3749 batchSizeST=400 stDevStdStateMeanST=9.282082086614837E-4
95% c.i. = 0.014828569163680482 +/- 2.9712266079966667E-5



REPORT for Depository of Queueing Place : W/category----------------------------------------

tkOcp=0.0

------------------ Color = category --------------------
arrivCnt=1499781 deptCnt=1499781
arrivThrPut=16.664232892842048 deptThrPut=16.664232892842048
meanTkPop=0.0 tkColOcp=0.0
-----
meanST=0.0 stDevST=0.0

Steady State Statistics: numBatchesST=7498 batchSizeST=200 stDevStdStateMeanST=0.0
95% c.i. = 0.0 +/- 0.0



REPORT for Queue : WebUI----------------------------------------

totArrivThrPut=99.97381957958055 totDeptThrPut=99.9738418018022
meanTotTkPop=1.1685902949840492 queueUtil=0.4457195670623704
meanST=0.01168896471202395



REPORT for Queue of Queueing Place : W/product----------------------------------------

queueUtilQPl=0.17064048048578945

------------------ Color = product --------------------
arrivCnt=1500415 deptCnt=1500416
arrivThrPut=16.671277337100285 deptThrPut=16.671288448211104
meanTkPop=0.35387245851050997 tkColOcp=0.2858019030657778
-----
meanST=0.021226481977354203 stDevST=0.01987127014972389

Steady State Statistics: numBatchesST=3751 batchSizeST=400 stDevStdStateMeanST=0.0012699367188801162
95% c.i. = 0.021226547404750374 +/- 4.064027513720644E-5



REPORT for Depository of Queueing Place : W/product----------------------------------------

tkOcp=0.0

------------------ Color = product --------------------
arrivCnt=1500416 deptCnt=1500417
arrivThrPut=16.671288448211104 deptThrPut=16.67129955932192
meanTkPop=0.0 tkColOcp=0.0
-----
meanST=0.0 stDevST=0.0

Steady State Statistics: numBatchesST=7502 batchSizeST=200 stDevStdStateMeanST=0.0
95% c.i. = 0.0 +/- 0.0



REPORT for Queue : WebUI----------------------------------------

totArrivThrPut=99.97381957958055 totDeptThrPut=99.9738418018022
meanTotTkPop=1.1685902949840492 queueUtil=0.4457195670623704
meanST=0.01168896471202395



REPORT for Queue of Queueing Place : P/category_category----------------------------------------

queueUtilQPl=0.05015948203777177

------------------ Color = category --------------------
arrivCnt=1499781 deptCnt=1499781
arrivThrPut=16.664232892842048 deptThrPut=16.664232892842048
meanTkPop=0.1006546339417387 tkColOcp=0.09490954529064642
-----
meanST=0.006040160059511282 stDevST=0.005967091056890811

Steady State Statistics: numBatchesST=3749 batchSizeST=400 stDevStdStateMeanST=3.16092336638015E-4
95% c.i. = 0.006040109455735557 +/- 1.0118225118446764E-5



REPORT for Depository of Queueing Place : P/category_category----------------------------------------

tkOcp=0.0

------------------ Color = category --------------------
arrivCnt=1499781 deptCnt=1499780
arrivThrPut=16.664232892842048 deptThrPut=16.664221781731232
meanTkPop=0.0 tkColOcp=0.0
-----
meanST=0.0 stDevST=0.0

Steady State Statistics: numBatchesST=7498 batchSizeST=200 stDevStdStateMeanST=0.0
95% c.i. = 0.0 +/- 0.0



REPORT for Queue : Persistence----------------------------------------

totArrivThrPut=99.9738418018022 totDeptThrPut=99.9738418018022
meanTotTkPop=0.4486200270559674 queueUtil=0.20911725045599341
meanST=0.004487374086767168



REPORT for Queue of Queueing Place : P/getProduct_product----------------------------------------

queueUtilQPl=0.0885149333452284

------------------ Color = product --------------------
arrivCnt=1500417 deptCnt=1500417
arrivThrPut=16.67129955932192 deptThrPut=16.67129955932192
meanTkPop=0.17839119104666548 tkColOcp=0.1622720252731941
-----
meanST=0.010700497007560296 stDevST=0.010556919249377416

Steady State Statistics: numBatchesST=3751 batchSizeST=400 stDevStdStateMeanST=5.460035442706653E-4
95% c.i. = 0.010700468182228633 +/- 1.7473102348452098E-5



REPORT for Depository of Queueing Place : P/getProduct_product----------------------------------------

tkOcp=0.0

------------------ Color = product --------------------
arrivCnt=1500417 deptCnt=1500417
arrivThrPut=16.67129955932192 deptThrPut=16.67129955932192
meanTkPop=0.0 tkColOcp=0.0
-----
meanST=0.0 stDevST=0.0

Steady State Statistics: numBatchesST=7502 batchSizeST=200 stDevStdStateMeanST=0.0
95% c.i. = 0.0 +/- 0.0



REPORT for Queue : Persistence----------------------------------------

totArrivThrPut=99.9738418018022 totDeptThrPut=99.9738418018022
meanTotTkPop=0.4486200270559674 queueUtil=0.20911725045599341
meanST=0.004487374086767168



REPORT for Queue of Queueing Place : R/getAds_product----------------------------------------

queueUtilQPl=0.03679038569600951

------------------ Color = product --------------------
arrivCnt=1500417 deptCnt=1500417
arrivThrPut=16.67129955932192 deptThrPut=16.67129955932192
meanTkPop=0.07367030926945084 tkColOcp=0.07104962715683298
-----
meanST=0.00441899019373432 stDevST=0.004409422588656643

Steady State Statistics: numBatchesST=3751 batchSizeST=400 stDevStdStateMeanST=2.2289340345932386E-4
95% c.i. = 0.004418977130227962 +/- 7.132992619382961E-6



REPORT for Depository of Queueing Place : R/getAds_product----------------------------------------

tkOcp=0.0

------------------ Color = product --------------------
arrivCnt=1500417 deptCnt=1500417
arrivThrPut=16.67129955932192 deptThrPut=16.67129955932192
meanTkPop=0.0 tkColOcp=0.0
-----
meanST=0.0 stDevST=0.0

Steady State Statistics: numBatchesST=7502 batchSizeST=200 stDevStdStateMeanST=0.0
95% c.i. = 0.0 +/- 0.0



REPORT for Queue : Recommender----------------------------------------

totArrivThrPut=16.67129955932192 totDeptThrPut=16.67129955932192
meanTotTkPop=0.07367030926945084 queueUtil=0.03679038569600951
meanST=0.00441899019373432



REPORT for Queue of Queueing Place : I/productImages_category----------------------------------------

queueUtilQPl=0.045394469009894446

------------------ Color = category --------------------
arrivCnt=1499780 deptCnt=1499780
arrivThrPut=16.664221781731232 deptThrPut=16.664221781731232
meanTkPop=0.09099972485399146 tkColOcp=0.08657640707204314
-----
meanST=0.005460784550632498 stDevST=0.005414069324274674

Steady State Statistics: numBatchesST=1874 batchSizeST=800 stDevStdStateMeanST=1.932866041602509E-4
95% c.i. = 0.0054606666980005015 +/- 8.751148505067018E-6



REPORT for Depository of Queueing Place : I/productImages_category----------------------------------------

tkOcp=0.0

------------------ Color = category --------------------
arrivCnt=1499780 deptCnt=1499780
arrivThrPut=16.664221781731232 deptThrPut=16.664221781731232
meanTkPop=0.0 tkColOcp=0.0
-----
meanST=0.0 stDevST=0.0

Steady State Statistics: numBatchesST=7498 batchSizeST=200 stDevStdStateMeanST=0.0
95% c.i. = 0.0 +/- 0.0



REPORT for Queue : ImageProvider----------------------------------------

totArrivThrPut=99.97383069069139 totDeptThrPut=99.97383069069139
meanTotTkPop=0.30041638579526475 queueUtil=0.1449366201913483
meanST=0.0030049502326736062



REPORT for Queue of Queueing Place : I/product_product----------------------------------------

queueUtilQPl=0.04905665832672352

------------------ Color = product --------------------
arrivCnt=1500417 deptCnt=1500417
arrivThrPut=16.67129955932192 deptThrPut=16.67129955932192
meanTkPop=0.09835639310190189 tkColOcp=0.09330882464311281
-----
meanST=0.005899743613382854 stDevST=0.005849658885550788

Steady State Statistics: numBatchesST=3751 batchSizeST=400 stDevStdStateMeanST=2.931602531893862E-4
95% c.i. = 0.00589971419458909 +/- 9.38165907937218E-6



REPORT for Depository of Queueing Place : I/product_product----------------------------------------

tkOcp=0.0

------------------ Color = product --------------------
arrivCnt=1500417 deptCnt=1500417
arrivThrPut=16.67129955932192 deptThrPut=16.67129955932192
meanTkPop=0.0 tkColOcp=0.0
-----
meanST=0.0 stDevST=0.0

Steady State Statistics: numBatchesST=7502 batchSizeST=200 stDevStdStateMeanST=0.0
95% c.i. = 0.0 +/- 0.0



REPORT for Queue : ImageProvider----------------------------------------

totArrivThrPut=99.97383069069139 totDeptThrPut=99.97383069069139
meanTotTkPop=0.30041638579526475 queueUtil=0.1449366201913483
meanST=0.0030049502326736062



REPORT for Queue of Queueing Place : Workload----------------------------------------

queueUtilQPl=1.0

------------------ Color = workload --------------------
arrivCnt=8997644 deptCnt=8997644
arrivThrPut=99.97381957958055 deptThrPut=99.97381957958055
meanTkPop=1.0 tkColOcp=1.0
-----
meanST=0.010002618125820067 stDevST=0.009997423594792202

Steady State Statistics: numBatchesST=22494 batchSizeST=400 stDevStdStateMeanST=5.005900157461589E-4
95% c.i. = 0.01000260809810583 +/- 6.541794976706005E-6



REPORT for Depository of Queueing Place : Workload----------------------------------------

tkOcp=0.0

------------------ Color = workload --------------------
arrivCnt=8997644 deptCnt=8997644
arrivThrPut=99.97381957958055 deptThrPut=99.97381957958055
meanTkPop=0.0 tkColOcp=0.0
-----
meanST=0.0 stDevST=0.0

Steady State Statistics: numBatchesST=44988 batchSizeST=200 stDevStdStateMeanST=0.0
95% c.i. = 0.0 +/- 0.0



REPORT for Queue : Workload----------------------------------------

totArrivThrPut=99.97381957958055 totDeptThrPut=99.97381957958055
meanTotTkPop=1.0 queueUtil=1.0
meanST=0.010002618125820067



REPORT for Queue of Queueing Place : I/icon_index----------------------------------------

queueUtilQPl=0.012482109002379786

------------------ Color = index --------------------
arrivCnt=1498243 deptCnt=1498243
arrivThrPut=16.647144004404876 deptThrPut=16.647144004404876
meanTkPop=0.024994544549087862 tkColOcp=0.0243796867339927
-----
meanST=0.0015014313892205318 stDevST=0.0015951782156220428

Steady State Statistics: numBatchesST=3745 batchSizeST=400 stDevStdStateMeanST=8.489875318965985E-5
95% c.i. = 0.001501391921557369 +/- 2.71908943424306E-6



REPORT for Depository of Queueing Place : I/icon_index----------------------------------------

tkOcp=0.0

------------------ Color = index --------------------
arrivCnt=1498243 deptCnt=1498243
arrivThrPut=16.647144004404876 deptThrPut=16.647144004404876
meanTkPop=0.0 tkColOcp=0.0
-----
meanST=0.0 stDevST=0.0

Steady State Statistics: numBatchesST=7491 batchSizeST=200 stDevStdStateMeanST=0.0
95% c.i. = 0.0 +/- 0.0



REPORT for Queue : ImageProvider----------------------------------------

totArrivThrPut=99.97383069069139 totDeptThrPut=99.97383069069139
meanTotTkPop=0.30041638579526475 queueUtil=0.1449366201913483
meanST=0.0030049502326736062



REPORT for Queue of Queueing Place : P/categories_login----------------------------------------

queueUtilQPl=0.018778424571933863

------------------ Color = login --------------------
arrivCnt=1500283 deptCnt=1500283
arrivThrPut=16.669810670472387 deptThrPut=16.669810670472387
meanTkPop=0.037663106044674176 tkColOcp=0.03616631473869356
-----
meanST=0.0022593601564646253 stDevST=0.0026105118265396803

Steady State Statistics: numBatchesST=3750 batchSizeST=400 stDevStdStateMeanST=1.4933949549796808E-4
95% c.i. = 0.00225930928616987 +/- 4.779771517848042E-6



REPORT for Depository of Queueing Place : P/categories_login----------------------------------------

tkOcp=0.0

------------------ Color = login --------------------
arrivCnt=1500283 deptCnt=1500283
arrivThrPut=16.669810670472387 deptThrPut=16.669810670472387
meanTkPop=0.0 tkColOcp=0.0
-----
meanST=0.0 stDevST=0.0

Steady State Statistics: numBatchesST=7501 batchSizeST=200 stDevStdStateMeanST=0.0
95% c.i. = 0.0 +/- 0.0



REPORT for Queue : Persistence----------------------------------------

totArrivThrPut=99.9738418018022 totDeptThrPut=99.9738418018022
meanTotTkPop=0.4486200270559674 queueUtil=0.20911725045599341
meanST=0.004487374086767168



REPORT for Queue of Queueing Place : I/icon_login----------------------------------------

queueUtilQPl=0.012464097916376248

------------------ Color = login --------------------
arrivCnt=1500283 deptCnt=1500283
arrivThrPut=16.669810670472387 deptThrPut=16.669810670472387
meanTkPop=0.024951044814210205 tkColOcp=0.02439572824301277
-----
meanST=0.0014967803358682745 stDevST=0.0015889971750373154

Steady State Statistics: numBatchesST=3750 batchSizeST=400 stDevStdStateMeanST=8.334913139107486E-5
95% c.i. = 0.0014967497432363077 +/- 2.6676787873965615E-6



REPORT for Depository of Queueing Place : I/icon_login----------------------------------------

tkOcp=0.0

------------------ Color = login --------------------
arrivCnt=1500283 deptCnt=1500283
arrivThrPut=16.669810670472387 deptThrPut=16.669810670472387
meanTkPop=0.0 tkColOcp=0.0
-----
meanST=0.0 stDevST=0.0

Steady State Statistics: numBatchesST=7501 batchSizeST=200 stDevStdStateMeanST=0.0
95% c.i. = 0.0 +/- 0.0



REPORT for Queue : ImageProvider----------------------------------------

totArrivThrPut=99.97383069069139 totDeptThrPut=99.97383069069139
meanTotTkPop=0.30041638579526475 queueUtil=0.1449366201913483
meanST=0.0030049502326736062



REPORT for Queue of Queueing Place : A/isLoggedIn_login----------------------------------------

queueUtilQPl=0.016341537100359363

------------------ Color = login --------------------
arrivCnt=1500283 deptCnt=1500283
arrivThrPut=16.669810670472387 deptThrPut=16.669810670472387
meanTkPop=0.03312293401456954 tkColOcp=0.030387777650371442
-----
meanST=0.0019870012125117256 stDevST=0.004258683043925874

Steady State Statistics: numBatchesST=3750 batchSizeST=400 stDevStdStateMeanST=2.9954959501721803E-4
95% c.i. = 0.0019870283126045617 +/- 9.587407655771109E-6



REPORT for Depository of Queueing Place : A/isLoggedIn_login----------------------------------------

tkOcp=0.0

------------------ Color = login --------------------
arrivCnt=1500283 deptCnt=1500283
arrivThrPut=16.669810670472387 deptThrPut=16.669810670472387
meanTkPop=0.0 tkColOcp=0.0
-----
meanST=0.0 stDevST=0.0

Steady State Statistics: numBatchesST=7501 batchSizeST=200 stDevStdStateMeanST=0.0
95% c.i. = 0.0 +/- 0.0



REPORT for Queue : Auth----------------------------------------

totArrivThrPut=99.9738418018022 totDeptThrPut=99.97383069069137
meanTotTkPop=0.5457166096328682 queueUtil=0.2351157011934892
meanST=0.005458590819288378



REPORT for Queue of Queueing Place : A/isLoggedIn_category----------------------------------------

queueUtilQPl=0.021635068442557328

------------------ Color = category --------------------
arrivCnt=1499780 deptCnt=1499780
arrivThrPut=16.664221781731232 deptThrPut=16.664221781731232
meanTkPop=0.04363013166527299 tkColOcp=0.04086349525142906
-----
meanST=0.0026181919706027997 stDevST=0.004351440866216327

Steady State Statistics: numBatchesST=3749 batchSizeST=400 stDevStdStateMeanST=2.933581003247955E-4
95% c.i. = 0.002618169387321453 +/- 9.390494344079557E-6



REPORT for Depository of Queueing Place : A/isLoggedIn_category----------------------------------------

tkOcp=0.0

------------------ Color = category --------------------
arrivCnt=1499780 deptCnt=1499780
arrivThrPut=16.664221781731232 deptThrPut=16.664221781731232
meanTkPop=0.0 tkColOcp=0.0
-----
meanST=0.0 stDevST=0.0

Steady State Statistics: numBatchesST=7498 batchSizeST=200 stDevStdStateMeanST=0.0
95% c.i. = 0.0 +/- 0.0



REPORT for Queue : Auth----------------------------------------

totArrivThrPut=99.9738418018022 totDeptThrPut=99.97383069069137
meanTotTkPop=0.5457166096328682 queueUtil=0.2351157011934892
meanST=0.005458590819288378



REPORT for Queue of Queueing Place : I/icon_logout----------------------------------------

queueUtilQPl=0.013907818807265392

------------------ Color = logout --------------------
arrivCnt=1498804 deptCnt=1498804
arrivThrPut=16.653377337573442 deptThrPut=16.653377337573442
meanTkPop=0.027840382788727726 tkColOcp=0.027210167887943452
-----
meanST=0.0016717559582292117 stDevST=0.0017388782089110034

Steady State Statistics: numBatchesST=3747 batchSizeST=400 stDevStdStateMeanST=9.17945825833293E-5
95% c.i. = 0.0016717534946505735 +/- 2.9391604550787507E-6



REPORT for Depository of Queueing Place : I/icon_logout----------------------------------------

tkOcp=0.0

------------------ Color = logout --------------------
arrivCnt=1498804 deptCnt=1498804
arrivThrPut=16.653377337573442 deptThrPut=16.653377337573442
meanTkPop=0.0 tkColOcp=0.0
-----
meanST=0.0 stDevST=0.0

Steady State Statistics: numBatchesST=7494 batchSizeST=200 stDevStdStateMeanST=0.0
95% c.i. = 0.0 +/- 0.0



REPORT for Queue : ImageProvider----------------------------------------

totArrivThrPut=99.97383069069139 totDeptThrPut=99.97383069069139
meanTotTkPop=0.30041638579526475 queueUtil=0.1449366201913483
meanST=0.0030049502326736062



REPORT for Queue of Queueing Place : I/icon_loginAction----------------------------------------

queueUtilQPl=0.016628023292669988

------------------ Color = loginAction --------------------
arrivCnt=1500118 deptCnt=1500118
arrivThrPut=16.667977337187516 deptThrPut=16.667977337187516
meanTkPop=0.03327429568734556 tkColOcp=0.032567622591969894
-----
meanST=0.0019963007516879743 stDevST=0.002028749112438021

Steady State Statistics: numBatchesST=1875 batchSizeST=800 stDevStdStateMeanST=7.205700554816542E-5
95% c.i. = 0.0019962771164777258 +/- 3.261547180742062E-6



REPORT for Depository of Queueing Place : I/icon_loginAction----------------------------------------

tkOcp=0.0

------------------ Color = loginAction --------------------
arrivCnt=1500118 deptCnt=1500118
arrivThrPut=16.667977337187516 deptThrPut=16.667977337187516
meanTkPop=0.0 tkColOcp=0.0
-----
meanST=0.0 stDevST=0.0

Steady State Statistics: numBatchesST=7500 batchSizeST=200 stDevStdStateMeanST=0.0
95% c.i. = 0.0 +/- 0.0



REPORT for Queue : ImageProvider----------------------------------------

totArrivThrPut=99.97383069069139 totDeptThrPut=99.97383069069139
meanTotTkPop=0.30041638579526475 queueUtil=0.1449366201913483
meanST=0.0030049502326736062



REPORT for Queue of Queueing Place : A/isLoggedIn_product----------------------------------------

queueUtilQPl=0.023349347805854626

------------------ Color = product --------------------
arrivCnt=1500417 deptCnt=1500417
arrivThrPut=16.67129955932192 deptThrPut=16.67129955932192
meanTkPop=0.04704779786038847 tkColOcp=0.044103527623095315
-----
meanST=0.002822083407053965 stDevST=0.0044766944302659884

Steady State Statistics: numBatchesST=937 batchSizeST=1600 stDevStdStateMeanST=1.5045109606153792E-4
95% c.i. = 0.002821997781683239 +/- 9.633268198157636E-6



REPORT for Depository of Queueing Place : A/isLoggedIn_product----------------------------------------

tkOcp=0.0

------------------ Color = product --------------------
arrivCnt=1500417 deptCnt=1500417
arrivThrPut=16.67129955932192 deptThrPut=16.67129955932192
meanTkPop=0.0 tkColOcp=0.0
-----
meanST=0.0 stDevST=0.0

Steady State Statistics: numBatchesST=7502 batchSizeST=200 stDevStdStateMeanST=0.0
95% c.i. = 0.0 +/- 0.0



REPORT for Queue : Auth----------------------------------------

totArrivThrPut=99.9738418018022 totDeptThrPut=99.97383069069137
meanTotTkPop=0.5457166096328682 queueUtil=0.2351157011934892
meanST=0.005458590819288378



REPORT for Queue of Queueing Place : P/category_logout----------------------------------------

queueUtilQPl=0.01913401888922622

------------------ Color = logout --------------------
arrivCnt=1498804 deptCnt=1498804
arrivThrPut=16.653377337573442 deptThrPut=16.653377337573442
meanTkPop=0.03836129878047358 tkColOcp=0.03696286335602872
-----
meanST=0.002303514656689043 stDevST=0.002591749331061138

Steady State Statistics: numBatchesST=3747 batchSizeST=400 stDevStdStateMeanST=1.4654710418968543E-4
95% c.i. = 0.0023035141835806177 +/- 4.692275309925016E-6



REPORT for Depository of Queueing Place : P/category_logout----------------------------------------

tkOcp=0.0

------------------ Color = logout --------------------
arrivCnt=1498804 deptCnt=1498804
arrivThrPut=16.653377337573442 deptThrPut=16.653377337573442
meanTkPop=0.0 tkColOcp=0.0
-----
meanST=0.0 stDevST=0.0

Steady State Statistics: numBatchesST=7494 batchSizeST=200 stDevStdStateMeanST=0.0
95% c.i. = 0.0 +/- 0.0



REPORT for Queue : Persistence----------------------------------------

totArrivThrPut=99.9738418018022 totDeptThrPut=99.9738418018022
meanTotTkPop=0.4486200270559674 queueUtil=0.20911725045599341
meanST=0.004487374086767168



REPORT for Ordinary Place : Finish_index----------------------------------------

tkOcp=0.9999999999999999

------------------ Color = index --------------------
arrivCnt=1498243 deptCnt=0
arrivThrPut=16.647144004404876 deptThrPut=0.0
meanTkPop=916025.6020748636 tkColOcp=0.9999999999999999
-----
meanST=NaN stDevST=NaN

Steady State Statistics: Only 0 batches collected!
Need at least 60 for steady state statistics.



REPORT for Ordinary Place : Finish_login----------------------------------------

tkOcp=1.0

------------------ Color = login --------------------
arrivCnt=1500283 deptCnt=0
arrivThrPut=16.669810670472387 deptThrPut=0.0
meanTkPop=916253.7855751785 tkColOcp=1.0
-----
meanST=NaN stDevST=NaN

Steady State Statistics: Only 0 batches collected!
Need at least 60 for steady state statistics.



REPORT for Ordinary Place : Finish_loginAction----------------------------------------

tkOcp=0.9999999999999999

------------------ Color = loginAction --------------------
arrivCnt=1500118 deptCnt=0
arrivThrPut=16.667977337187516 deptThrPut=0.0
meanTkPop=916795.553368156 tkColOcp=0.9999999999999999
-----
meanST=NaN stDevST=NaN

Steady State Statistics: Only 0 batches collected!
Need at least 60 for steady state statistics.



REPORT for Ordinary Place : Finish_category----------------------------------------

tkOcp=1.0

------------------ Color = category --------------------
arrivCnt=1499780 deptCnt=0
arrivThrPut=16.664221781731232 deptThrPut=0.0
meanTkPop=916384.6434902509 tkColOcp=1.0
-----
meanST=NaN stDevST=NaN

Steady State Statistics: Only 0 batches collected!
Need at least 60 for steady state statistics.



REPORT for Ordinary Place : Finish_product----------------------------------------

tkOcp=1.0

------------------ Color = product --------------------
arrivCnt=1500417 deptCnt=0
arrivThrPut=16.67129955932192 deptThrPut=0.0
meanTkPop=916729.2110086121 tkColOcp=1.0
-----
meanST=NaN stDevST=NaN

Steady State Statistics: Only 0 batches collected!
Need at least 60 for steady state statistics.



REPORT for Ordinary Place : Finish_logout----------------------------------------

tkOcp=1.0

------------------ Color = logout --------------------
arrivCnt=1498804 deptCnt=0
arrivThrPut=16.653377337573442 deptThrPut=0.0
meanTkPop=915423.6127250062 tkColOcp=1.0
-----
meanST=NaN stDevST=NaN

Steady State Statistics: Only 0 batches collected!
Need at least 60 for steady state statistics.



REPORT REPORT for Probe : /index----------------------------------------


------------------ Color = index --------------------
-----
meanST=0.012859356495646745 stDevST=0.010312537793381335

Steady State Statistics: numBatchesST=3745 batchSizeST=400 stDevStdStateMeanST=7.387587355079097E-4
95% c.i. = 0.012859298819687991 +/- 2.366054855584115E-5
-----
Histogram Data
   10% percentile=100.0
   20% percentile=100.0
   30% percentile=100.0
   40% percentile=100.0
   50% percentile=100.0
   60% percentile=100.0
   70% percentile=100.0
   80% percentile=100.0
   90% percentile=100.0
   histogramMean=50.0
Token sojourn times dumped in C:\Users\lliao\Downloads\qpme_models



REPORT REPORT for Probe : /login----------------------------------------


------------------ Color = login --------------------
-----
meanST=0.012888750984520626 stDevST=0.010354147316297775

Steady State Statistics: numBatchesST=3750 batchSizeST=400 stDevStdStateMeanST=7.555197442933546E-4
95% c.i. = 0.01288875127859601 +/- 2.4181223747299627E-5
-----
Histogram Data
   10% percentile=100.0
   20% percentile=100.0
   30% percentile=100.0
   40% percentile=100.0
   50% percentile=100.0
   60% percentile=100.0
   70% percentile=100.0
   80% percentile=100.0
   90% percentile=100.0
   histogramMean=50.0
Token sojourn times dumped in C:\Users\lliao\Downloads\qpme_models



REPORT REPORT for Probe : /loginAction----------------------------------------


------------------ Color = loginAction --------------------
-----
meanST=0.03557719979054458 stDevST=0.022841777793827105

Steady State Statistics: numBatchesST=3750 batchSizeST=400 stDevStdStateMeanST=0.0013849659539165362
95% c.i. = 0.035576965384996016 +/- 4.432732813008313E-5
-----
Histogram Data
   10% percentile=100.0
   20% percentile=100.0
   30% percentile=100.0
   40% percentile=100.0
   50% percentile=100.0
   60% percentile=100.0
   70% percentile=100.0
   80% percentile=100.0
   90% percentile=100.0
   histogramMean=50.0
Token sojourn times dumped in C:\Users\lliao\Downloads\qpme_models



REPORT REPORT for Probe : /logout----------------------------------------


------------------ Color = logout --------------------
-----
meanST=0.016895050634257926 stDevST=0.011786953503672934

Steady State Statistics: numBatchesST=3747 batchSizeST=400 stDevStdStateMeanST=8.096640079437536E-4
95% c.i. = 0.016895049020365017 +/- 2.5924541155667594E-5
-----
Histogram Data
   10% percentile=100.0
   20% percentile=100.0
   30% percentile=100.0
   40% percentile=100.0
   50% percentile=100.0
   60% percentile=100.0
   70% percentile=100.0
   80% percentile=100.0
   90% percentile=100.0
   histogramMean=50.0
Token sojourn times dumped in C:\Users\lliao\Downloads\qpme_models



REPORT REPORT for Probe : /category----------------------------------------


------------------ Color = category --------------------
-----
meanST=0.028947695483871404 stDevST=0.01693748429236086

Steady State Statistics: numBatchesST=3749 batchSizeST=400 stDevStdStateMeanST=0.0010743539423365295
95% c.i. = 0.028947618021398648 +/- 3.4390441606626485E-5
-----
Histogram Data
   10% percentile=100.0
   20% percentile=100.0
   30% percentile=100.0
   40% percentile=100.0
   50% percentile=100.0
   60% percentile=100.0
   70% percentile=100.0
   80% percentile=100.0
   90% percentile=100.0
   histogramMean=50.0
Token sojourn times dumped in C:\Users\lliao\Downloads\qpme_models



REPORT REPORT for Probe : /product----------------------------------------


------------------ Color = product --------------------
-----
meanST=0.04506779243498734 stDevST=0.024190374740597924

Steady State Statistics: numBatchesST=3751 batchSizeST=400 stDevStdStateMeanST=0.0014752427316606406
95% c.i. = 0.04506779348881112 +/- 4.721043940025819E-5
-----
Histogram Data
   10% percentile=100.0
   20% percentile=100.0
   30% percentile=100.0
   40% percentile=100.0
   50% percentile=100.0
   60% percentile=100.0
   70% percentile=100.0
   80% percentile=100.0
   90% percentile=100.0
   histogramMean=50.0
Token sojourn times dumped in C:\Users\lliao\Downloads\qpme_models



