INFO Logging to C:\Users\Admin\Downloads\qpme_models\SimQPN_Output_new configuration_2026-03-27_1939170.log
WARN Batch means correlation test was run for depository of place Workload, color 0
    However, the standard deviation of the token residence time is 0 and therefore the result of the test is ignored!
    In future runs, you should set numBMeansCorlTested to 0 to switch off the correlation test!
WARN Batch means correlation test was run for depository of place I/product_product, color 0
    However, the standard deviation of the token residence time is 0 and therefore the result of the test is ignored!
    In future runs, you should set numBMeansCorlTested to 0 to switch off the correlation test!
WARN Batch means correlation test was run for depository of place A/isLoggedIn_product, color 0
    However, the standard deviation of the token residence time is 0 and therefore the result of the test is ignored!
    In future runs, you should set numBMeansCorlTested to 0 to switch off the correlation test!
WARN Batch means correlation test was run for depository of place W/product, color 0
    However, the standard deviation of the token residence time is 0 and therefore the result of the test is ignored!
    In future runs, you should set numBMeansCorlTested to 0 to switch off the correlation test!
WARN Batch means correlation test was run for depository of place P/getProduct_product, color 0
    However, the standard deviation of the token residence time is 0 and therefore the result of the test is ignored!
    In future runs, you should set numBMeansCorlTested to 0 to switch off the correlation test!
WARN Batch means correlation test was run for depository of place R/getAds_product, color 0
    However, the standard deviation of the token residence time is 0 and therefore the result of the test is ignored!
    In future runs, you should set numBMeansCorlTested to 0 to switch off the correlation test!
WARN Batch means correlation test was run for depository of place W/login, color 0
    However, the standard deviation of the token residence time is 0 and therefore the result of the test is ignored!
    In future runs, you should set numBMeansCorlTested to 0 to switch off the correlation test!
WARN Batch means correlation test was run for depository of place P/categories_login, color 0
    However, the standard deviation of the token residence time is 0 and therefore the result of the test is ignored!
    In future runs, you should set numBMeansCorlTested to 0 to switch off the correlation test!
WARN Batch means correlation test was run for depository of place I/icon_login, color 0
    However, the standard deviation of the token residence time is 0 and therefore the result of the test is ignored!
    In future runs, you should set numBMeansCorlTested to 0 to switch off the correlation test!
WARN Batch means correlation test was run for depository of place A/isLoggedIn_login, color 0
    However, the standard deviation of the token residence time is 0 and therefore the result of the test is ignored!
    In future runs, you should set numBMeansCorlTested to 0 to switch off the correlation test!
WARN Batch means correlation test was run for depository of place W/index, color 0
    However, the standard deviation of the token residence time is 0 and therefore the result of the test is ignored!
    In future runs, you should set numBMeansCorlTested to 0 to switch off the correlation test!
WARN Batch means correlation test was run for depository of place P/categories_index, color 0
    However, the standard deviation of the token residence time is 0 and therefore the result of the test is ignored!
    In future runs, you should set numBMeansCorlTested to 0 to switch off the correlation test!
WARN Batch means correlation test was run for depository of place A/isLoggedIn_index, color 0
    However, the standard deviation of the token residence time is 0 and therefore the result of the test is ignored!
    In future runs, you should set numBMeansCorlTested to 0 to switch off the correlation test!
WARN Batch means correlation test was run for depository of place I/icon_index, color 0
    However, the standard deviation of the token residence time is 0 and therefore the result of the test is ignored!
    In future runs, you should set numBMeansCorlTested to 0 to switch off the correlation test!
WARN Batch means correlation test was run for depository of place W/loginAction, color 0
    However, the standard deviation of the token residence time is 0 and therefore the result of the test is ignored!
    In future runs, you should set numBMeansCorlTested to 0 to switch off the correlation test!
WARN Batch means correlation test was run for depository of place A/login_loginAction, color 0
    However, the standard deviation of the token residence time is 0 and therefore the result of the test is ignored!
    In future runs, you should set numBMeansCorlTested to 0 to switch off the correlation test!
WARN Batch means correlation test was run for depository of place P/getUser_loginAction, color 0
    However, the standard deviation of the token residence time is 0 and therefore the result of the test is ignored!
    In future runs, you should set numBMeansCorlTested to 0 to switch off the correlation test!
WARN Batch means correlation test was run for depository of place I/icon_loginAction, color 0
    However, the standard deviation of the token residence time is 0 and therefore the result of the test is ignored!
    In future runs, you should set numBMeansCorlTested to 0 to switch off the correlation test!
WARN Batch means correlation test was run for depository of place W/category, color 0
    However, the standard deviation of the token residence time is 0 and therefore the result of the test is ignored!
    In future runs, you should set numBMeansCorlTested to 0 to switch off the correlation test!
WARN Batch means correlation test was run for depository of place P/category_category, color 0
    However, the standard deviation of the token residence time is 0 and therefore the result of the test is ignored!
    In future runs, you should set numBMeansCorlTested to 0 to switch off the correlation test!
WARN Batch means correlation test was run for depository of place I/productImages_category, color 0
    However, the standard deviation of the token residence time is 0 and therefore the result of the test is ignored!
    In future runs, you should set numBMeansCorlTested to 0 to switch off the correlation test!
WARN Batch means correlation test was run for depository of place A/isLoggedIn_category, color 0
    However, the standard deviation of the token residence time is 0 and therefore the result of the test is ignored!
    In future runs, you should set numBMeansCorlTested to 0 to switch off the correlation test!
WARN Batch means correlation test was run for depository of place W/logout, color 0
    However, the standard deviation of the token residence time is 0 and therefore the result of the test is ignored!
    In future runs, you should set numBMeansCorlTested to 0 to switch off the correlation test!
WARN Batch means correlation test was run for depository of place A/logout_logout, color 0
    However, the standard deviation of the token residence time is 0 and therefore the result of the test is ignored!
    In future runs, you should set numBMeansCorlTested to 0 to switch off the correlation test!
WARN Batch means correlation test was run for depository of place P/category_logout, color 0
    However, the standard deviation of the token residence time is 0 and therefore the result of the test is ignored!
    In future runs, you should set numBMeansCorlTested to 0 to switch off the correlation test!
WARN Batch means correlation test was run for depository of place I/icon_logout, color 0
    However, the standard deviation of the token residence time is 0 and therefore the result of the test is ignored!
    In future runs, you should set numBMeansCorlTested to 0 to switch off the correlation test!
WARN The simulation was stopped because of reaching max totalRunLen.
The required precision may not have been reached!
REPORT for Queue of Queueing Place : W/index----------------------------------------

queueUtilQPl=0.058559908458679116

------------------ Color = index --------------------
arrivCnt=1501240 deptCnt=1501240
arrivThrPut=16.680444724779875 deptThrPut=16.680444724779875
meanTkPop=0.1190475014666132 tkColOcp=0.10562246841536184
-----
meanST=0.007136950089211978 stDevST=0.008588142660988098

Steady State Statistics: numBatchesST=3753 batchSizeST=400 stDevStdStateMeanST=6.248073858719345E-4
95% c.i. = 0.007136765008587587 +/- 1.9989639571407304E-5



REPORT for Depository of Queueing Place : W/index----------------------------------------

tkOcp=0.0

------------------ Color = index --------------------
arrivCnt=1501240 deptCnt=1501240
arrivThrPut=16.680444724779875 deptThrPut=16.680444724779875
meanTkPop=0.0 tkColOcp=0.0
-----
meanST=0.0 stDevST=0.0

Steady State Statistics: numBatchesST=7506 batchSizeST=200 stDevStdStateMeanST=0.0
95% c.i. = 0.0 +/- 0.0



REPORT for Queue : WebUI----------------------------------------

totArrivThrPut=100.00926834744567 totDeptThrPut=100.00925723633438
meanTotTkPop=1.1696244586559161 queueUtil=0.4458709609016946
meanST=0.011695161758621814



REPORT for Queue of Queueing Place : P/categories_index----------------------------------------

queueUtilQPl=0.022002958612304977

------------------ Color = index --------------------
arrivCnt=1501240 deptCnt=1501240
arrivThrPut=16.680444724779875 deptThrPut=16.680444724779875
meanTkPop=0.044290056865738926 tkColOcp=0.04161596213086663
-----
meanST=0.002655208395010188 stDevST=0.0035964738363166537

Steady State Statistics: numBatchesST=3753 batchSizeST=400 stDevStdStateMeanST=2.2424931586946366E-4
95% c.i. = 0.0026552101839539743 +/- 7.1744718448063445E-6



REPORT for Depository of Queueing Place : P/categories_index----------------------------------------

tkOcp=0.0

------------------ Color = index --------------------
arrivCnt=1501240 deptCnt=1501240
arrivThrPut=16.680444724779875 deptThrPut=16.680444724779875
meanTkPop=0.0 tkColOcp=0.0
-----
meanST=0.0 stDevST=0.0

Steady State Statistics: numBatchesST=7506 batchSizeST=200 stDevStdStateMeanST=0.0
95% c.i. = 0.0 +/- 0.0



REPORT for Queue : Persistence----------------------------------------

totArrivThrPut=100.00925723633438 totDeptThrPut=100.00925723633438
meanTotTkPop=0.5904679000527764 queueUtil=0.26232536241034077
meanST=0.0059041324410342025



REPORT for Queue of Queueing Place : A/isLoggedIn_index----------------------------------------

queueUtilQPl=0.01628305207902426

------------------ Color = index --------------------
arrivCnt=1501240 deptCnt=1501240
arrivThrPut=16.680444724779875 deptThrPut=16.680444724779875
meanTkPop=0.03301949453451179 tkColOcp=0.030234532944009417
-----
meanST=0.0019795332246423385 stDevST=0.004304119762791015

Steady State Statistics: numBatchesST=1876 batchSizeST=800 stDevStdStateMeanST=2.1438495961487544E-4
95% c.i. = 0.0019794851744359574 +/- 9.701211831045981E-6



REPORT for Depository of Queueing Place : A/isLoggedIn_index----------------------------------------

tkOcp=0.0

------------------ Color = index --------------------
arrivCnt=1501240 deptCnt=1501240
arrivThrPut=16.680444724779875 deptThrPut=16.680444724779875
meanTkPop=0.0 tkColOcp=0.0
-----
meanST=0.0 stDevST=0.0

Steady State Statistics: numBatchesST=7506 batchSizeST=200 stDevStdStateMeanST=0.0
95% c.i. = 0.0 +/- 0.0



REPORT for Queue : Auth----------------------------------------

totArrivThrPut=100.00926834744568 totDeptThrPut=100.00926834744568
meanTotTkPop=0.5475767615067183 queueUtil=0.23554613951153647
meanST=0.005475260148933025



REPORT for Queue of Queueing Place : W/login----------------------------------------

queueUtilQPl=0.05873375658944509

------------------ Color = login --------------------
arrivCnt=1500716 deptCnt=1500716
arrivThrPut=16.674622502459805 deptThrPut=16.674622502459805
meanTkPop=0.11933437641238642 tkColOcp=0.10590709609181047
-----
meanST=0.007156646358547696 stDevST=0.008585418258547932

Steady State Statistics: numBatchesST=3751 batchSizeST=400 stDevStdStateMeanST=6.249922028101963E-4
95% c.i. = 0.007156368766007659 +/- 2.000088248744691E-5



REPORT for Depository of Queueing Place : W/login----------------------------------------

tkOcp=0.0

------------------ Color = login --------------------
arrivCnt=1500716 deptCnt=1500716
arrivThrPut=16.674622502459805 deptThrPut=16.674622502459805
meanTkPop=0.0 tkColOcp=0.0
-----
meanST=0.0 stDevST=0.0

Steady State Statistics: numBatchesST=7503 batchSizeST=200 stDevStdStateMeanST=0.0
95% c.i. = 0.0 +/- 0.0



REPORT for Queue : WebUI----------------------------------------

totArrivThrPut=100.00926834744567 totDeptThrPut=100.00925723633438
meanTotTkPop=1.1696244586559161 queueUtil=0.4458709609016946
meanST=0.011695161758621814



REPORT for Queue of Queueing Place : W/loginAction----------------------------------------

queueUtilQPl=0.08187563347549813

------------------ Color = loginAction --------------------
arrivCnt=1500432 deptCnt=1500431
arrivThrPut=16.671466946851215 deptThrPut=16.671455835739916
meanTkPop=0.1666155065162016 tkColOcp=0.14616226339965438
-----
meanST=0.009994057522058066 stDevST=0.010332066443696766

Steady State Statistics: numBatchesST=3751 batchSizeST=400 stDevStdStateMeanST=7.380634279607403E-4
95% c.i. = 0.009994033453926498 +/- 2.3619366488973702E-5



REPORT for Depository of Queueing Place : W/loginAction----------------------------------------

tkOcp=0.0

------------------ Color = loginAction --------------------
arrivCnt=1500431 deptCnt=1500431
arrivThrPut=16.671455835739916 deptThrPut=16.671455835739916
meanTkPop=0.0 tkColOcp=0.0
-----
meanST=0.0 stDevST=0.0

Steady State Statistics: numBatchesST=7502 batchSizeST=200 stDevStdStateMeanST=0.0
95% c.i. = 0.0 +/- 0.0



REPORT for Queue : WebUI----------------------------------------

totArrivThrPut=100.00926834744567 totDeptThrPut=100.00925723633438
meanTotTkPop=1.1696244586559161 queueUtil=0.4458709609016946
meanST=0.011695161758621814



REPORT for Queue of Queueing Place : A/login_loginAction----------------------------------------

queueUtilQPl=0.1643931925471304

------------------ Color = loginAction --------------------
arrivCnt=1500431 deptCnt=1500431
arrivThrPut=16.671455835739916 deptThrPut=16.671455835739916
meanTkPop=0.3384660075413885 tkColOcp=0.2812696434863247
-----
meanST=0.020302126633463657 stDevST=0.019969710454576076

Steady State Statistics: numBatchesST=3751 batchSizeST=400 stDevStdStateMeanST=0.0011170765403872753
95% c.i. = 0.020302143881239205 +/- 3.5748472562232635E-5



REPORT for Depository of Queueing Place : A/login_loginAction----------------------------------------

tkOcp=0.0

------------------ Color = loginAction --------------------
arrivCnt=1500431 deptCnt=1500431
arrivThrPut=16.671455835739916 deptThrPut=16.671455835739916
meanTkPop=0.0 tkColOcp=0.0
-----
meanST=0.0 stDevST=0.0

Steady State Statistics: numBatchesST=7502 batchSizeST=200 stDevStdStateMeanST=0.0
95% c.i. = 0.0 +/- 0.0



REPORT for Queue : Auth----------------------------------------

totArrivThrPut=100.00926834744568 totDeptThrPut=100.00926834744568
meanTotTkPop=0.5475767615067183 queueUtil=0.23554613951153647
meanST=0.005475260148933025



REPORT for Queue of Queueing Place : W/logout----------------------------------------

queueUtilQPl=0.08053411956212386

------------------ Color = logout --------------------
arrivCnt=1497864 deptCnt=1497864
arrivThrPut=16.642933613038345 deptThrPut=16.642933613038345
meanTkPop=0.16382551776590892 tkColOcp=0.14384974784191587
-----
meanST=0.009843548113270447 stDevST=0.010228016244913297

Steady State Statistics: numBatchesST=3744 batchSizeST=400 stDevStdStateMeanST=7.089960854316677E-4
95% c.i. = 0.009843452732951641 +/- 2.271035946096414E-5



REPORT for Depository of Queueing Place : W/logout----------------------------------------

tkOcp=0.0

------------------ Color = logout --------------------
arrivCnt=1497864 deptCnt=1497864
arrivThrPut=16.642933613038345 deptThrPut=16.642933613038345
meanTkPop=0.0 tkColOcp=0.0
-----
meanST=0.0 stDevST=0.0

Steady State Statistics: numBatchesST=7489 batchSizeST=200 stDevStdStateMeanST=0.0
95% c.i. = 0.0 +/- 0.0



REPORT for Queue : WebUI----------------------------------------

totArrivThrPut=100.00926834744567 totDeptThrPut=100.00925723633438
meanTotTkPop=1.1696244586559161 queueUtil=0.4458709609016946
meanST=0.011695161758621814



REPORT for Queue of Queueing Place : A/logout_logout----------------------------------------

queueUtilQPl=0.025590869344055026

------------------ Color = logout --------------------
arrivCnt=1497864 deptCnt=1497864
arrivThrPut=16.642933613038345 deptThrPut=16.642933613038345
meanTkPop=0.051626944180984874 tkColOcp=0.04821797987135482
-----
meanST=0.0031020338950664018 stDevST=0.004667296287686219

Steady State Statistics: numBatchesST=1872 batchSizeST=800 stDevStdStateMeanST=2.2408917625986054E-4
95% c.i. = 0.0031018378258186705 +/- 1.0151168786666203E-5



REPORT for Depository of Queueing Place : A/logout_logout----------------------------------------

tkOcp=0.0

------------------ Color = logout --------------------
arrivCnt=1497864 deptCnt=1497864
arrivThrPut=16.642933613038345 deptThrPut=16.642933613038345
meanTkPop=0.0 tkColOcp=0.0
-----
meanST=0.0 stDevST=0.0

Steady State Statistics: numBatchesST=7489 batchSizeST=200 stDevStdStateMeanST=0.0
95% c.i. = 0.0 +/- 0.0



REPORT for Queue : Auth----------------------------------------

totArrivThrPut=100.00926834744568 totDeptThrPut=100.00926834744568
meanTotTkPop=0.5475767615067183 queueUtil=0.23554613951153647
meanST=0.005475260148933025



REPORT for Queue of Queueing Place : P/getUser_loginAction----------------------------------------

queueUtilQPl=0.030724161096213076

------------------ Color = loginAction --------------------
arrivCnt=1500431 deptCnt=1500431
arrivThrPut=16.671455835739916 deptThrPut=16.671455835739916
meanTkPop=0.061662576883917415 tkColOcp=0.05861718301848784
-----
meanST=0.0036986917934141344 stDevST=0.004132411991179504

Steady State Statistics: numBatchesST=937 batchSizeST=1600 stDevStdStateMeanST=1.2070228010127407E-4
95% c.i. = 0.0036987497509468944 +/- 7.728474346701498E-6



REPORT for Depository of Queueing Place : P/getUser_loginAction----------------------------------------

tkOcp=0.0

------------------ Color = loginAction --------------------
arrivCnt=1500431 deptCnt=1500431
arrivThrPut=16.671455835739916 deptThrPut=16.671455835739916
meanTkPop=0.0 tkColOcp=0.0
-----
meanST=0.0 stDevST=0.0

Steady State Statistics: numBatchesST=7502 batchSizeST=200 stDevStdStateMeanST=0.0
95% c.i. = 0.0 +/- 0.0



REPORT for Queue : Persistence----------------------------------------

totArrivThrPut=100.00925723633438 totDeptThrPut=100.00925723633438
meanTotTkPop=0.5904679000527764 queueUtil=0.26232536241034077
meanST=0.0059041324410342025



REPORT for Queue of Queueing Place : W/category----------------------------------------

queueUtilQPl=0.12055056880227746

------------------ Color = category --------------------
arrivCnt=1500768 deptCnt=1500768
arrivThrPut=16.675200280247292 deptThrPut=16.675200280247292
meanTkPop=0.24677342773001618 tkColOcp=0.20957218681445075
-----
meanST=0.014798828414812691 stDevST=0.01409694469657124

Steady State Statistics: numBatchesST=3751 batchSizeST=400 stDevStdStateMeanST=9.38510563734794E-4
95% c.i. = 0.01479847708477546 +/- 3.0034037887329837E-5



REPORT for Depository of Queueing Place : W/category----------------------------------------

tkOcp=0.0

------------------ Color = category --------------------
arrivCnt=1500768 deptCnt=1500768
arrivThrPut=16.675200280247292 deptThrPut=16.675200280247292
meanTkPop=0.0 tkColOcp=0.0
-----
meanST=0.0 stDevST=0.0

Steady State Statistics: numBatchesST=7503 batchSizeST=200 stDevStdStateMeanST=0.0
95% c.i. = 0.0 +/- 0.0



REPORT for Queue : WebUI----------------------------------------

totArrivThrPut=100.00926834744567 totDeptThrPut=100.00925723633438
meanTotTkPop=1.1696244586559161 queueUtil=0.4458709609016946
meanST=0.011695161758621814



REPORT for Queue of Queueing Place : W/product----------------------------------------

queueUtilQPl=0.1706942178914752

------------------ Color = product --------------------
arrivCnt=1499814 deptCnt=1499814
arrivThrPut=16.664600280069145 deptThrPut=16.664600280069145
meanTkPop=0.3540281287647896 tkColOcp=0.28590767949536305
-----
meanST=0.02124432166478107 stDevST=0.019862848900190928

Steady State Statistics: numBatchesST=3749 batchSizeST=400 stDevStdStateMeanST=0.0012850241776301383
95% c.i. = 0.021244031763287936 +/- 4.113406876674323E-5



REPORT for Depository of Queueing Place : W/product----------------------------------------

tkOcp=0.0

------------------ Color = product --------------------
arrivCnt=1499814 deptCnt=1499814
arrivThrPut=16.664600280069145 deptThrPut=16.664600280069145
meanTkPop=0.0 tkColOcp=0.0
-----
meanST=0.0 stDevST=0.0

Steady State Statistics: numBatchesST=7499 batchSizeST=200 stDevStdStateMeanST=0.0
95% c.i. = 0.0 +/- 0.0



REPORT for Queue : WebUI----------------------------------------

totArrivThrPut=100.00926834744567 totDeptThrPut=100.00925723633438
meanTotTkPop=1.1696244586559161 queueUtil=0.4458709609016946
meanST=0.011695161758621814



REPORT for Queue of Queueing Place : P/category_category----------------------------------------

queueUtilQPl=0.10467612719802494

------------------ Color = category --------------------
arrivCnt=1500768 deptCnt=1500768
arrivThrPut=16.675200280247292 deptThrPut=16.675200280247292
meanTkPop=0.21198463263983752 tkColOcp=0.18801455601729228
-----
meanST=0.012712568909348885 stDevST=0.012418321994374742

Steady State Statistics: numBatchesST=3751 batchSizeST=400 stDevStdStateMeanST=6.654757054692153E-4
95% c.i. = 0.012712496479880766 +/- 2.1296427897009696E-5



REPORT for Depository of Queueing Place : P/category_category----------------------------------------

tkOcp=0.0

------------------ Color = category --------------------
arrivCnt=1500768 deptCnt=1500768
arrivThrPut=16.675200280247292 deptThrPut=16.675200280247292
meanTkPop=0.0 tkColOcp=0.0
-----
meanST=0.0 stDevST=0.0

Steady State Statistics: numBatchesST=7503 batchSizeST=200 stDevStdStateMeanST=0.0
95% c.i. = 0.0 +/- 0.0



REPORT for Queue : Persistence----------------------------------------

totArrivThrPut=100.00925723633438 totDeptThrPut=100.00925723633438
meanTotTkPop=0.5904679000527764 queueUtil=0.26232536241034077
meanST=0.0059041324410342025



REPORT for Queue of Queueing Place : P/getProduct_product----------------------------------------

queueUtilQPl=0.09112969081671461

------------------ Color = product --------------------
arrivCnt=1499814 deptCnt=1499814
arrivThrPut=16.664600280069145 deptThrPut=16.664600280069145
meanTkPop=0.1839219424903669 tkColOcp=0.16589079433561024
-----
meanST=0.011036684912889116 stDevST=0.010824616466771011

Steady State Statistics: numBatchesST=3749 batchSizeST=400 stDevStdStateMeanST=5.781987174205672E-4
95% c.i. = 0.01103667476054786 +/- 1.8508341101474492E-5



REPORT for Depository of Queueing Place : P/getProduct_product----------------------------------------

tkOcp=0.0

------------------ Color = product --------------------
arrivCnt=1499814 deptCnt=1499814
arrivThrPut=16.664600280069145 deptThrPut=16.664600280069145
meanTkPop=0.0 tkColOcp=0.0
-----
meanST=0.0 stDevST=0.0

Steady State Statistics: numBatchesST=7499 batchSizeST=200 stDevStdStateMeanST=0.0
95% c.i. = 0.0 +/- 0.0



REPORT for Queue : Persistence----------------------------------------

totArrivThrPut=100.00925723633438 totDeptThrPut=100.00925723633438
meanTotTkPop=0.5904679000527764 queueUtil=0.26232536241034077
meanST=0.0059041324410342025



REPORT for Queue of Queueing Place : R/getAds_product----------------------------------------

queueUtilQPl=0.019174222133471835

------------------ Color = product --------------------
arrivCnt=1499814 deptCnt=1499814
arrivThrPut=16.664600280069145 deptThrPut=16.664600280069145
meanTkPop=0.03836079415020495 tkColOcp=0.03766152587862991
-----
meanST=0.0023019330500284748 stDevST=0.0022986128271789037

Steady State Statistics: numBatchesST=1874 batchSizeST=800 stDevStdStateMeanST=8.217119351413544E-5
95% c.i. = 0.002301938601611723 +/- 3.7203422368816144E-6



REPORT for Depository of Queueing Place : R/getAds_product----------------------------------------

tkOcp=0.0

------------------ Color = product --------------------
arrivCnt=1499814 deptCnt=1499814
arrivThrPut=16.664600280069145 deptThrPut=16.664600280069145
meanTkPop=0.0 tkColOcp=0.0
-----
meanST=0.0 stDevST=0.0

Steady State Statistics: numBatchesST=7499 batchSizeST=200 stDevStdStateMeanST=0.0
95% c.i. = 0.0 +/- 0.0



REPORT for Queue : Recommender----------------------------------------

totArrivThrPut=16.664600280069145 totDeptThrPut=16.664600280069145
meanTotTkPop=0.03836079415020495 queueUtil=0.019174222133471835
meanST=0.0023019330500284748



REPORT for Queue of Queueing Place : I/productImages_category----------------------------------------

queueUtilQPl=0.04541241938967578

------------------ Color = category --------------------
arrivCnt=1500768 deptCnt=1500768
arrivThrPut=16.675200280247292 deptThrPut=16.675200280247292
meanTkPop=0.09102123504684814 tkColOcp=0.08666298104429683
-----
meanST=0.0054584792696413895 stDevST=0.005414122382717758

Steady State Statistics: numBatchesST=3751 batchSizeST=400 stDevStdStateMeanST=2.732901626643326E-4
95% c.i. = 0.005458423224445235 +/- 8.74578019349235E-6



REPORT for Depository of Queueing Place : I/productImages_category----------------------------------------

tkOcp=0.0

------------------ Color = category --------------------
arrivCnt=1500768 deptCnt=1500768
arrivThrPut=16.675200280247292 deptThrPut=16.675200280247292
meanTkPop=0.0 tkColOcp=0.0
-----
meanST=0.0 stDevST=0.0

Steady State Statistics: numBatchesST=7503 batchSizeST=200 stDevStdStateMeanST=0.0
95% c.i. = 0.0 +/- 0.0



REPORT for Queue : ImageProvider----------------------------------------

totArrivThrPut=100.00925723633438 totDeptThrPut=100.00925723633438
meanTotTkPop=0.30157415036228274 queueUtil=0.14499525933487398
meanST=0.0030154625287888907



REPORT for Queue of Queueing Place : I/product_product----------------------------------------

queueUtilQPl=0.049049959010885325

------------------ Color = product --------------------
arrivCnt=1499814 deptCnt=1499815
arrivThrPut=16.664600280069145 deptThrPut=16.664611391180443
meanTkPop=0.09833846837276641 tkColOcp=0.09333618435594167
-----
meanST=0.005901037272139788 stDevST=0.005855816687624041

Steady State Statistics: numBatchesST=3749 batchSizeST=400 stDevStdStateMeanST=2.958892541339146E-4
95% c.i. = 0.005901023844541556 +/- 9.471517453726819E-6



REPORT for Depository of Queueing Place : I/product_product----------------------------------------

tkOcp=0.0

------------------ Color = product --------------------
arrivCnt=1499815 deptCnt=1499815
arrivThrPut=16.664611391180443 deptThrPut=16.664611391180443
meanTkPop=0.0 tkColOcp=0.0
-----
meanST=0.0 stDevST=0.0

Steady State Statistics: numBatchesST=7499 batchSizeST=200 stDevStdStateMeanST=0.0
95% c.i. = 0.0 +/- 0.0



REPORT for Queue : ImageProvider----------------------------------------

totArrivThrPut=100.00925723633438 totDeptThrPut=100.00925723633438
meanTotTkPop=0.30157415036228274 queueUtil=0.14499525933487398
meanST=0.0030154625287888907



REPORT for Queue of Queueing Place : Workload----------------------------------------

queueUtilQPl=1.0

------------------ Color = workload --------------------
arrivCnt=9000834 deptCnt=9000833
arrivThrPut=100.00926834744568 deptThrPut=100.00925723633438
meanTkPop=1.0 tkColOcp=1.0
-----
meanST=0.009999074182897976 stDevST=0.009997902880183701

Steady State Statistics: numBatchesST=22502 batchSizeST=400 stDevStdStateMeanST=4.958151310000085E-4
95% c.i. = 0.00999908241260653 +/- 6.4782440827722515E-6



REPORT for Depository of Queueing Place : Workload----------------------------------------

tkOcp=0.0

------------------ Color = workload --------------------
arrivCnt=9000833 deptCnt=9000834
arrivThrPut=100.00925723633438 deptThrPut=100.00926834744568
meanTkPop=0.0 tkColOcp=0.0
-----
meanST=0.0 stDevST=0.0

Steady State Statistics: numBatchesST=45004 batchSizeST=200 stDevStdStateMeanST=0.0
95% c.i. = 0.0 +/- 0.0



REPORT for Queue : Workload----------------------------------------

totArrivThrPut=100.00926834744568 totDeptThrPut=100.00925723633438
meanTotTkPop=1.0 queueUtil=1.0
meanST=0.009999074182897976



REPORT for Queue of Queueing Place : I/icon_index----------------------------------------

queueUtilQPl=0.012641364621121884

------------------ Color = index --------------------
arrivCnt=1501240 deptCnt=1501240
arrivThrPut=16.680444724779875 deptThrPut=16.680444724779875
meanTkPop=0.025320059750927982 tkColOcp=0.02463016039656209
-----
meanST=0.001517948721913475 stDevST=0.0016218495518599656

Steady State Statistics: numBatchesST=3753 batchSizeST=400 stDevStdStateMeanST=8.629616966196369E-5
95% c.i. = 0.0015179491106330565 +/- 2.7608977853684394E-6



REPORT for Depository of Queueing Place : I/icon_index----------------------------------------

tkOcp=0.0

------------------ Color = index --------------------
arrivCnt=1501240 deptCnt=1501239
arrivThrPut=16.680444724779875 deptThrPut=16.68043361366858
meanTkPop=0.0 tkColOcp=0.0
-----
meanST=0.0 stDevST=0.0

Steady State Statistics: numBatchesST=7506 batchSizeST=200 stDevStdStateMeanST=0.0
95% c.i. = 0.0 +/- 0.0



REPORT for Queue : ImageProvider----------------------------------------

totArrivThrPut=100.00925723633438 totDeptThrPut=100.00925723633438
meanTotTkPop=0.30157415036228274 queueUtil=0.14499525933487398
meanST=0.0030154625287888907



REPORT for Queue of Queueing Place : P/categories_login----------------------------------------

queueUtilQPl=0.021962942890130916

------------------ Color = login --------------------
arrivCnt=1500716 deptCnt=1500716
arrivThrPut=16.674622502459805 deptThrPut=16.674622502459805
meanTkPop=0.04419673678375239 tkColOcp=0.041543879484716564
-----
meanST=0.00265053897185574 stDevST=0.003594101819507318

Steady State Statistics: numBatchesST=1875 batchSizeST=800 stDevStdStateMeanST=1.5994576096596495E-4
95% c.i. = 0.0026505947920728193 +/- 7.239693653401733E-6



REPORT for Depository of Queueing Place : P/categories_login----------------------------------------

tkOcp=0.0

------------------ Color = login --------------------
arrivCnt=1500716 deptCnt=1500716
arrivThrPut=16.674622502459805 deptThrPut=16.674622502459805
meanTkPop=0.0 tkColOcp=0.0
-----
meanST=0.0 stDevST=0.0

Steady State Statistics: numBatchesST=7503 batchSizeST=200 stDevStdStateMeanST=0.0
95% c.i. = 0.0 +/- 0.0



REPORT for Queue : Persistence----------------------------------------

totArrivThrPut=100.00925723633438 totDeptThrPut=100.00925723633438
meanTotTkPop=0.5904679000527764 queueUtil=0.26232536241034077
meanST=0.0059041324410342025



REPORT for Queue of Queueing Place : I/icon_login----------------------------------------

queueUtilQPl=0.012637635971905804

------------------ Color = login --------------------
arrivCnt=1500716 deptCnt=1500716
arrivThrPut=16.674622502459805 deptThrPut=16.674622502459805
meanTkPop=0.025307426025466456 tkColOcp=0.024661113664891363
-----
meanST=0.001517721077147813 stDevST=0.0016224566491009047

Steady State Statistics: numBatchesST=3751 batchSizeST=400 stDevStdStateMeanST=8.587758793166656E-5
95% c.i. = 0.0015177320634306773 +/- 2.7482383569003943E-6



REPORT for Depository of Queueing Place : I/icon_login----------------------------------------

tkOcp=0.0

------------------ Color = login --------------------
arrivCnt=1500716 deptCnt=1500716
arrivThrPut=16.674622502459805 deptThrPut=16.674622502459805
meanTkPop=0.0 tkColOcp=0.0
-----
meanST=0.0 stDevST=0.0

Steady State Statistics: numBatchesST=7503 batchSizeST=200 stDevStdStateMeanST=0.0
95% c.i. = 0.0 +/- 0.0



REPORT for Queue : ImageProvider----------------------------------------

totArrivThrPut=100.00925723633438 totDeptThrPut=100.00925723633438
meanTotTkPop=0.30157415036228274 queueUtil=0.14499525933487398
meanST=0.0030154625287888907



REPORT for Queue of Queueing Place : A/isLoggedIn_login----------------------------------------

queueUtilQPl=0.016445336382670598

------------------ Color = login --------------------
arrivCnt=1500716 deptCnt=1500716
arrivThrPut=16.674622502459805 deptThrPut=16.674622502459805
meanTkPop=0.033348818227121414 tkColOcp=0.030507657798917377
-----
meanST=0.0019999744055496232 stDevST=0.004283994569668956

Steady State Statistics: numBatchesST=3751 batchSizeST=400 stDevStdStateMeanST=3.0282686363978205E-4
95% c.i. = 0.001999945725302215 +/- 9.691008122129772E-6



REPORT for Depository of Queueing Place : A/isLoggedIn_login----------------------------------------

tkOcp=0.0

------------------ Color = login --------------------
arrivCnt=1500716 deptCnt=1500716
arrivThrPut=16.674622502459805 deptThrPut=16.674622502459805
meanTkPop=0.0 tkColOcp=0.0
-----
meanST=0.0 stDevST=0.0

Steady State Statistics: numBatchesST=7503 batchSizeST=200 stDevStdStateMeanST=0.0
95% c.i. = 0.0 +/- 0.0



REPORT for Queue : Auth----------------------------------------

totArrivThrPut=100.00926834744568 totDeptThrPut=100.00926834744568
meanTotTkPop=0.5475767615067183 queueUtil=0.23554613951153647
meanST=0.005475260148933025



REPORT for Queue of Queueing Place : A/isLoggedIn_category----------------------------------------

queueUtilQPl=0.021769593809881627

------------------ Color = category --------------------
arrivCnt=1500768 deptCnt=1500768
arrivThrPut=16.675200280247292 deptThrPut=16.675200280247292
meanTkPop=0.043927254710204915 tkColOcp=0.0410769600531289
-----
meanST=0.002634286483637573 stDevST=0.0044193838821380204

Steady State Statistics: numBatchesST=1875 batchSizeST=800 stDevStdStateMeanST=2.1105905594480452E-4
95% c.i. = 0.0026342485783502363 +/- 9.553256670189016E-6



REPORT for Depository of Queueing Place : A/isLoggedIn_category----------------------------------------

tkOcp=0.0

------------------ Color = category --------------------
arrivCnt=1500768 deptCnt=1500768
arrivThrPut=16.675200280247292 deptThrPut=16.675200280247292
meanTkPop=0.0 tkColOcp=0.0
-----
meanST=0.0 stDevST=0.0

Steady State Statistics: numBatchesST=7503 batchSizeST=200 stDevStdStateMeanST=0.0
95% c.i. = 0.0 +/- 0.0



REPORT for Queue : Auth----------------------------------------

totArrivThrPut=100.00926834744568 totDeptThrPut=100.00926834744568
meanTotTkPop=0.5475767615067183 queueUtil=0.23554613951153647
meanST=0.005475260148933025



REPORT for Queue of Queueing Place : I/icon_logout----------------------------------------

queueUtilQPl=0.014027275648401206

------------------ Color = logout --------------------
arrivCnt=1497864 deptCnt=1497864
arrivThrPut=16.642933613038345 deptThrPut=16.642933613038345
meanTkPop=0.02809019830127375 tkColOcp=0.027373926706674725
-----
meanST=0.001687815318764922 stDevST=0.0017610808991094865

Steady State Statistics: numBatchesST=3744 batchSizeST=400 stDevStdStateMeanST=9.244840913885823E-5
95% c.i. = 0.001687795475085569 +/- 2.9612809524321468E-6



REPORT for Depository of Queueing Place : I/icon_logout----------------------------------------

tkOcp=0.0

------------------ Color = logout --------------------
arrivCnt=1497864 deptCnt=1497864
arrivThrPut=16.642933613038345 deptThrPut=16.642933613038345
meanTkPop=0.0 tkColOcp=0.0
-----
meanST=0.0 stDevST=0.0

Steady State Statistics: numBatchesST=7489 batchSizeST=200 stDevStdStateMeanST=0.0
95% c.i. = 0.0 +/- 0.0



REPORT for Queue : ImageProvider----------------------------------------

totArrivThrPut=100.00925723633438 totDeptThrPut=100.00925723633438
meanTotTkPop=0.30157415036228274 queueUtil=0.14499525933487398
meanST=0.0030154625287888907



REPORT for Queue of Queueing Place : I/icon_loginAction----------------------------------------

queueUtilQPl=0.01673610695715736

------------------ Color = loginAction --------------------
arrivCnt=1500431 deptCnt=1500430
arrivThrPut=16.671455835739916 deptThrPut=16.67144472462862
meanTkPop=0.03349676286499996 tkColOcp=0.03272748066890465
-----
meanST=0.002009229326663785 stDevST=0.002045199042158552

Steady State Statistics: numBatchesST=1875 batchSizeST=800 stDevStdStateMeanST=7.423487951126596E-5
95% c.i. = 0.00200920992696119 +/- 3.3601252250324826E-6



REPORT for Depository of Queueing Place : I/icon_loginAction----------------------------------------

tkOcp=0.0

------------------ Color = loginAction --------------------
arrivCnt=1500430 deptCnt=1500430
arrivThrPut=16.67144472462862 deptThrPut=16.67144472462862
meanTkPop=0.0 tkColOcp=0.0
-----
meanST=0.0 stDevST=0.0

Steady State Statistics: numBatchesST=7502 batchSizeST=200 stDevStdStateMeanST=0.0
95% c.i. = 0.0 +/- 0.0



REPORT for Queue : ImageProvider----------------------------------------

totArrivThrPut=100.00925723633438 totDeptThrPut=100.00925723633438
meanTotTkPop=0.30157415036228274 queueUtil=0.14499525933487398
meanST=0.0030154625287888907



REPORT for Queue of Queueing Place : A/isLoggedIn_product----------------------------------------

queueUtilQPl=0.02339878919430798

------------------ Color = product --------------------
arrivCnt=1499815 deptCnt=1499815
arrivThrPut=16.664611391180443 deptThrPut=16.664611391180443
meanTkPop=0.0471882423125068 tkColOcp=0.04421063040593715
-----
meanST=0.0028316437272267055 stDevST=0.0045284604532810436

Steady State Statistics: numBatchesST=1874 batchSizeST=800 stDevStdStateMeanST=2.1316739615504315E-4
95% c.i. = 0.002831558473454842 +/- 9.651261391320277E-6



REPORT for Depository of Queueing Place : A/isLoggedIn_product----------------------------------------

tkOcp=0.0

------------------ Color = product --------------------
arrivCnt=1499815 deptCnt=1499815
arrivThrPut=16.664611391180443 deptThrPut=16.664611391180443
meanTkPop=0.0 tkColOcp=0.0
-----
meanST=0.0 stDevST=0.0

Steady State Statistics: numBatchesST=7499 batchSizeST=200 stDevStdStateMeanST=0.0
95% c.i. = 0.0 +/- 0.0



REPORT for Queue : Auth----------------------------------------

totArrivThrPut=100.00926834744568 totDeptThrPut=100.00926834744568
meanTotTkPop=0.5475767615067183 queueUtil=0.23554613951153647
meanST=0.005475260148933025



REPORT for Queue of Queueing Place : P/category_logout----------------------------------------

queueUtilQPl=0.02208688505491043

------------------ Color = logout --------------------
arrivCnt=1497864 deptCnt=1497864
arrivThrPut=16.642933613038345 deptThrPut=16.642933613038345
meanTkPop=0.0444119543891632 tkColOcp=0.041964308108205166
-----
meanST=0.0026685171870402796 stDevST=0.0035160566926343635

Steady State Statistics: numBatchesST=3744 batchSizeST=400 stDevStdStateMeanST=2.154097545253539E-4
95% c.i. = 0.0026685675795142198 +/- 6.899943535922841E-6



REPORT for Depository of Queueing Place : P/category_logout----------------------------------------

tkOcp=0.0

------------------ Color = logout --------------------
arrivCnt=1497864 deptCnt=1497864
arrivThrPut=16.642933613038345 deptThrPut=16.642933613038345
meanTkPop=0.0 tkColOcp=0.0
-----
meanST=0.0 stDevST=0.0

Steady State Statistics: numBatchesST=7489 batchSizeST=200 stDevStdStateMeanST=0.0
95% c.i. = 0.0 +/- 0.0



REPORT for Queue : Persistence----------------------------------------

totArrivThrPut=100.00925723633438 totDeptThrPut=100.00925723633438
meanTotTkPop=0.5904679000527764 queueUtil=0.26232536241034077
meanST=0.0059041324410342025



REPORT for Ordinary Place : Finish_index----------------------------------------

tkOcp=1.0

------------------ Color = index --------------------
arrivCnt=1501239 deptCnt=0
arrivThrPut=16.68043361366858 deptThrPut=0.0
meanTkPop=917494.7310141027 tkColOcp=1.0
-----
meanST=NaN stDevST=NaN

Steady State Statistics: Only 0 batches collected!
Need at least 60 for steady state statistics.



REPORT for Ordinary Place : Finish_login----------------------------------------

tkOcp=1.0

------------------ Color = login --------------------
arrivCnt=1500716 deptCnt=0
arrivThrPut=16.674622502459805 deptThrPut=0.0
meanTkPop=917569.1458595176 tkColOcp=1.0
-----
meanST=NaN stDevST=NaN

Steady State Statistics: Only 0 batches collected!
Need at least 60 for steady state statistics.



REPORT for Ordinary Place : Finish_loginAction----------------------------------------

tkOcp=1.0

------------------ Color = loginAction --------------------
arrivCnt=1500430 deptCnt=0
arrivThrPut=16.67144472462862 deptThrPut=0.0
meanTkPop=916838.8647140609 tkColOcp=1.0
-----
meanST=NaN stDevST=NaN

Steady State Statistics: Only 0 batches collected!
Need at least 60 for steady state statistics.



REPORT for Ordinary Place : Finish_category----------------------------------------

tkOcp=1.0

------------------ Color = category --------------------
arrivCnt=1500768 deptCnt=0
arrivThrPut=16.675200280247292 deptThrPut=0.0
meanTkPop=916397.699187197 tkColOcp=1.0
-----
meanST=NaN stDevST=NaN

Steady State Statistics: Only 0 batches collected!
Need at least 60 for steady state statistics.



REPORT for Ordinary Place : Finish_product----------------------------------------

tkOcp=1.0

------------------ Color = product --------------------
arrivCnt=1499815 deptCnt=0
arrivThrPut=16.664611391180443 deptThrPut=0.0
meanTkPop=915686.9025378493 tkColOcp=1.0
-----
meanST=NaN stDevST=NaN

Steady State Statistics: Only 0 batches collected!
Need at least 60 for steady state statistics.



REPORT for Ordinary Place : Finish_logout----------------------------------------

tkOcp=1.0

------------------ Color = logout --------------------
arrivCnt=1497864 deptCnt=0
arrivThrPut=16.642933613038345 deptThrPut=0.0
meanTkPop=916816.189325848 tkColOcp=1.0
-----
meanST=NaN stDevST=NaN

Steady State Statistics: Only 0 batches collected!
Need at least 60 for steady state statistics.



REPORT REPORT for Probe : /index----------------------------------------


------------------ Color = index --------------------
-----
meanST=0.013289642361487464 stDevST=0.010777210070064195

Steady State Statistics: numBatchesST=3753 batchSizeST=400 stDevStdStateMeanST=7.878068695067978E-4
95% c.i. = 0.013289440787360043 +/- 2.5204528194465723E-5
-----
Histogram Data
   10% percentile=100.0
   20% percentile=100.0
   30% percentile=100.0
   40% percentile=100.0
   50% percentile=100.0
   60% percentile=100.0
   70% percentile=100.0
   80% percentile=100.0
   90% percentile=100.0
   histogramMean=50.0
Token sojourn times dumped in C:\Users\lliao\Downloads\qpme_models



REPORT REPORT for Probe : /login----------------------------------------


------------------ Color = login --------------------
-----
meanST=0.013324880813100872 stDevST=0.01077972745827642

Steady State Statistics: numBatchesST=3751 batchSizeST=400 stDevStdStateMeanST=7.946290007234017E-4
95% c.i. = 0.013324614695292407 +/- 2.5429567269998007E-5
-----
Histogram Data
   10% percentile=100.0
   20% percentile=100.0
   30% percentile=100.0
   40% percentile=100.0
   50% percentile=100.0
   60% percentile=100.0
   70% percentile=100.0
   80% percentile=100.0
   90% percentile=100.0
   histogramMean=50.0
Token sojourn times dumped in C:\Users\lliao\Downloads\qpme_models



REPORT REPORT for Probe : /loginAction----------------------------------------


------------------ Color = loginAction --------------------
-----
meanST=0.036004117541797026 stDevST=0.023060415307258855

Steady State Statistics: numBatchesST=3751 batchSizeST=400 stDevStdStateMeanST=0.0014020497135330805
95% c.i. = 0.036004085379774516 +/- 4.486813025161833E-5
-----
Histogram Data
   10% percentile=100.0
   20% percentile=100.0
   30% percentile=100.0
   40% percentile=100.0
   50% percentile=100.0
   60% percentile=100.0
   70% percentile=100.0
   80% percentile=100.0
   90% percentile=100.0
   histogramMean=50.0
Token sojourn times dumped in C:\Users\lliao\Downloads\qpme_models



REPORT REPORT for Probe : /logout----------------------------------------


------------------ Color = logout --------------------
-----
meanST=0.01730191451414205 stDevST=0.012176292666051138

Steady State Statistics: numBatchesST=3744 batchSizeST=400 stDevStdStateMeanST=8.709551678234291E-4
95% c.i. = 0.01730165361337009 +/- 2.7898186382244517E-5
-----
Histogram Data
   10% percentile=100.0
   20% percentile=100.0
   30% percentile=100.0
   40% percentile=100.0
   50% percentile=100.0
   60% percentile=100.0
   70% percentile=100.0
   80% percentile=100.0
   90% percentile=100.0
   histogramMean=50.0
Token sojourn times dumped in C:\Users\lliao\Downloads\qpme_models



REPORT REPORT for Probe : /category----------------------------------------


------------------ Color = category --------------------
-----
meanST=0.03560416307744054 stDevST=0.02016324403172127

Steady State Statistics: numBatchesST=3751 batchSizeST=400 stDevStdStateMeanST=0.0012666153224782015
95% c.i. = 0.03560371323085309 +/- 4.053398443657013E-5
-----
Histogram Data
   10% percentile=100.0
   20% percentile=100.0
   30% percentile=100.0
   40% percentile=100.0
   50% percentile=100.0
   60% percentile=100.0
   70% percentile=100.0
   80% percentile=100.0
   90% percentile=100.0
   histogramMean=50.0
Token sojourn times dumped in C:\Users\lliao\Downloads\qpme_models



REPORT REPORT for Probe : /product----------------------------------------


------------------ Color = product --------------------
-----
meanST=0.04331559949940652 stDevST=0.023981137211376312

Steady State Statistics: numBatchesST=3749 batchSizeST=400 stDevStdStateMeanST=0.0015094647301678703
95% c.i. = 0.04331535871146754 +/- 4.831848854875776E-5
-----
Histogram Data
   10% percentile=100.0
   20% percentile=100.0
   30% percentile=100.0
   40% percentile=100.0
   50% percentile=100.0
   60% percentile=100.0
   70% percentile=100.0
   80% percentile=100.0
   90% percentile=100.0
   histogramMean=50.0
Token sojourn times dumped in C:\Users\lliao\Downloads\qpme_models



