INFO Logging to C:\Users\lliao\Downloads\qpme_models\SimQPN_Output_new configuration_2023-11-23_182254950.log
WARN Batch means correlation test was run for depository of place Workload, color 0
    However, the standard deviation of the token residence time is 0 and therefore the result of the test is ignored!
    In future runs, you should set numBMeansCorlTested to 0 to switch off the correlation test!
WARN Batch means correlation test was run for depository of place W/product, color 0
    However, the standard deviation of the token residence time is 0 and therefore the result of the test is ignored!
    In future runs, you should set numBMeansCorlTested to 0 to switch off the correlation test!
WARN Batch means correlation test was run for depository of place A/isLoggedIn_product, color 0
    However, the standard deviation of the token residence time is 0 and therefore the result of the test is ignored!
    In future runs, you should set numBMeansCorlTested to 0 to switch off the correlation test!
WARN Batch means correlation test was run for depository of place P/getProduct_product, color 0
    However, the standard deviation of the token residence time is 0 and therefore the result of the test is ignored!
    In future runs, you should set numBMeansCorlTested to 0 to switch off the correlation test!
WARN Batch means correlation test was run for depository of place R/getAds_product, color 0
    However, the standard deviation of the token residence time is 0 and therefore the result of the test is ignored!
    In future runs, you should set numBMeansCorlTested to 0 to switch off the correlation test!
WARN Batch means correlation test was run for depository of place I/product_product, color 0
    However, the standard deviation of the token residence time is 0 and therefore the result of the test is ignored!
    In future runs, you should set numBMeansCorlTested to 0 to switch off the correlation test!
WARN Batch means correlation test was run for depository of place W/loginAction, color 0
    However, the standard deviation of the token residence time is 0 and therefore the result of the test is ignored!
    In future runs, you should set numBMeansCorlTested to 0 to switch off the correlation test!
WARN Batch means correlation test was run for depository of place A/login_loginAction, color 0
    However, the standard deviation of the token residence time is 0 and therefore the result of the test is ignored!
    In future runs, you should set numBMeansCorlTested to 0 to switch off the correlation test!
WARN Batch means correlation test was run for depository of place P/getUser_loginAction, color 0
    However, the standard deviation of the token residence time is 0 and therefore the result of the test is ignored!
    In future runs, you should set numBMeansCorlTested to 0 to switch off the correlation test!
WARN Batch means correlation test was run for depository of place I/icon_loginAction, color 0
    However, the standard deviation of the token residence time is 0 and therefore the result of the test is ignored!
    In future runs, you should set numBMeansCorlTested to 0 to switch off the correlation test!
WARN Batch means correlation test was run for depository of place W/login, color 0
    However, the standard deviation of the token residence time is 0 and therefore the result of the test is ignored!
    In future runs, you should set numBMeansCorlTested to 0 to switch off the correlation test!
WARN Batch means correlation test was run for depository of place P/categories_login, color 0
    However, the standard deviation of the token residence time is 0 and therefore the result of the test is ignored!
    In future runs, you should set numBMeansCorlTested to 0 to switch off the correlation test!
WARN Batch means correlation test was run for depository of place I/icon_login, color 0
    However, the standard deviation of the token residence time is 0 and therefore the result of the test is ignored!
    In future runs, you should set numBMeansCorlTested to 0 to switch off the correlation test!
WARN Batch means correlation test was run for depository of place A/isLoggedIn_login, color 0
    However, the standard deviation of the token residence time is 0 and therefore the result of the test is ignored!
    In future runs, you should set numBMeansCorlTested to 0 to switch off the correlation test!
WARN Batch means correlation test was run for depository of place W/logout, color 0
    However, the standard deviation of the token residence time is 0 and therefore the result of the test is ignored!
    In future runs, you should set numBMeansCorlTested to 0 to switch off the correlation test!
WARN Batch means correlation test was run for depository of place A/logout_logout, color 0
    However, the standard deviation of the token residence time is 0 and therefore the result of the test is ignored!
    In future runs, you should set numBMeansCorlTested to 0 to switch off the correlation test!
WARN Batch means correlation test was run for depository of place P/category_logout, color 0
    However, the standard deviation of the token residence time is 0 and therefore the result of the test is ignored!
    In future runs, you should set numBMeansCorlTested to 0 to switch off the correlation test!
WARN Batch means correlation test was run for depository of place I/icon_logout, color 0
    However, the standard deviation of the token residence time is 0 and therefore the result of the test is ignored!
    In future runs, you should set numBMeansCorlTested to 0 to switch off the correlation test!
WARN Batch means correlation test was run for depository of place W/index, color 0
    However, the standard deviation of the token residence time is 0 and therefore the result of the test is ignored!
    In future runs, you should set numBMeansCorlTested to 0 to switch off the correlation test!
WARN Batch means correlation test was run for depository of place P/categories_index, color 0
    However, the standard deviation of the token residence time is 0 and therefore the result of the test is ignored!
    In future runs, you should set numBMeansCorlTested to 0 to switch off the correlation test!
WARN Batch means correlation test was run for depository of place A/isLoggedIn_index, color 0
    However, the standard deviation of the token residence time is 0 and therefore the result of the test is ignored!
    In future runs, you should set numBMeansCorlTested to 0 to switch off the correlation test!
WARN Batch means correlation test was run for depository of place I/icon_index, color 0
    However, the standard deviation of the token residence time is 0 and therefore the result of the test is ignored!
    In future runs, you should set numBMeansCorlTested to 0 to switch off the correlation test!
WARN Batch means correlation test was run for depository of place W/category, color 0
    However, the standard deviation of the token residence time is 0 and therefore the result of the test is ignored!
    In future runs, you should set numBMeansCorlTested to 0 to switch off the correlation test!
WARN Batch means correlation test was run for depository of place P/category_category, color 0
    However, the standard deviation of the token residence time is 0 and therefore the result of the test is ignored!
    In future runs, you should set numBMeansCorlTested to 0 to switch off the correlation test!
WARN Batch means correlation test was run for depository of place I/productImages_category, color 0
    However, the standard deviation of the token residence time is 0 and therefore the result of the test is ignored!
    In future runs, you should set numBMeansCorlTested to 0 to switch off the correlation test!
WARN Batch means correlation test was run for depository of place A/isLoggedIn_category, color 0
    However, the standard deviation of the token residence time is 0 and therefore the result of the test is ignored!
    In future runs, you should set numBMeansCorlTested to 0 to switch off the correlation test!
WARN The simulation was stopped because of reaching max totalRunLen.
The required precision may not have been reached!
REPORT for Queue of Queueing Place : W/index----------------------------------------

queueUtilQPl=0.05844467457683411

------------------ Color = index --------------------
arrivCnt=1499781 deptCnt=1499781
arrivThrPut=16.664234010860678 deptThrPut=16.664234010860678
meanTkPop=0.11883103842619509 tkColOcp=0.10548966699806753
-----
meanST=0.007130903127545414 stDevST=0.008577808199285018

Steady State Statistics: numBatchesST=1874 batchSizeST=800 stDevStdStateMeanST=4.553720757319624E-4
95% c.i. = 0.0071307876416850016 +/- 2.061720043716585E-5



REPORT for Depository of Queueing Place : W/index----------------------------------------

tkOcp=0.0

------------------ Color = index --------------------
arrivCnt=1499781 deptCnt=1499781
arrivThrPut=16.664234010860678 deptThrPut=16.664234010860678
meanTkPop=0.0 tkColOcp=0.0
-----
meanST=0.0 stDevST=0.0

Steady State Statistics: numBatchesST=7498 batchSizeST=200 stDevStdStateMeanST=0.0
95% c.i. = 0.0 +/- 0.0



REPORT for Queue : WebUI----------------------------------------

totArrivThrPut=100.07927073564716 totDeptThrPut=100.07927073564713
meanTotTkPop=1.1699267694069884 queueUtil=0.4460355451898504
meanST=0.011690000870714395



REPORT for Queue of Queueing Place : P/categories_index----------------------------------------

queueUtilQPl=0.018761279451462165

------------------ Color = index --------------------
arrivCnt=1499781 deptCnt=1499781
arrivThrPut=16.664234010860678 deptThrPut=16.664234010860678
meanTkPop=0.03762546919323348 tkColOcp=0.03615284924158642
-----
meanST=0.002257857707033615 stDevST=0.0025995367752587317

Steady State Statistics: numBatchesST=3749 batchSizeST=400 stDevStdStateMeanST=1.4807461978209597E-4
95% c.i. = 0.0022578309988790265 +/- 4.739919838674979E-6



REPORT for Depository of Queueing Place : P/categories_index----------------------------------------

tkOcp=0.0

------------------ Color = index --------------------
arrivCnt=1499781 deptCnt=1499781
arrivThrPut=16.664234010860678 deptThrPut=16.664234010860678
meanTkPop=0.0 tkColOcp=0.0
-----
meanST=0.0 stDevST=0.0

Steady State Statistics: numBatchesST=7498 batchSizeST=200 stDevStdStateMeanST=0.0
95% c.i. = 0.0 +/- 0.0



REPORT for Queue : Persistence----------------------------------------

totArrivThrPut=100.07927073564713 totDeptThrPut=100.07927073564713
meanTotTkPop=0.44941247875728396 queueUtil=0.20938209918688627
meanST=0.004490565083596359



REPORT for Queue of Queueing Place : A/isLoggedIn_index----------------------------------------

queueUtilQPl=0.016284449994272702

------------------ Color = index --------------------
arrivCnt=1499781 deptCnt=1499781
arrivThrPut=16.664234010860678 deptThrPut=16.664234010860678
meanTkPop=0.03302300051908963 tkColOcp=0.030224663744052117
-----
meanST=0.0019816692743013183 stDevST=0.00430393889167498

Steady State Statistics: numBatchesST=3749 batchSizeST=400 stDevStdStateMeanST=2.9966035915652504E-4
95% c.i. = 0.001981657893759519 +/- 9.592231830955694E-6



REPORT for Depository of Queueing Place : A/isLoggedIn_index----------------------------------------

tkOcp=0.0

------------------ Color = index --------------------
arrivCnt=1499781 deptCnt=1499781
arrivThrPut=16.664234010860678 deptThrPut=16.664234010860678
meanTkPop=0.0 tkColOcp=0.0
-----
meanST=0.0 stDevST=0.0

Steady State Statistics: numBatchesST=7498 batchSizeST=200 stDevStdStateMeanST=0.0
95% c.i. = 0.0 +/- 0.0



REPORT for Queue : Auth----------------------------------------

totArrivThrPut=100.07925962453555 totDeptThrPut=100.07925962453555
meanTotTkPop=0.5477192261505837 queueUtil=0.23550475877447888
meanST=0.005472854497579676



REPORT for Queue of Queueing Place : W/login----------------------------------------

queueUtilQPl=0.058700568864863065

------------------ Color = login --------------------
arrivCnt=1502088 deptCnt=1502088
arrivThrPut=16.689867345236202 deptThrPut=16.689867345236202
meanTkPop=0.1193168704537277 tkColOcp=0.10591249538649013
-----
meanST=0.007149060444017512 stDevST=0.008606687014891954

Steady State Statistics: numBatchesST=1877 batchSizeST=800 stDevStdStateMeanST=4.531577018315971E-4
95% c.i. = 0.007148891570824217 +/- 2.0500540919429972E-5



REPORT for Depository of Queueing Place : W/login----------------------------------------

tkOcp=0.0

------------------ Color = login --------------------
arrivCnt=1502088 deptCnt=1502088
arrivThrPut=16.689867345236202 deptThrPut=16.689867345236202
meanTkPop=0.0 tkColOcp=0.0
-----
meanST=0.0 stDevST=0.0

Steady State Statistics: numBatchesST=7510 batchSizeST=200 stDevStdStateMeanST=0.0
95% c.i. = 0.0 +/- 0.0



REPORT for Queue : WebUI----------------------------------------

totArrivThrPut=100.07927073564716 totDeptThrPut=100.07927073564713
meanTotTkPop=1.1699267694069884 queueUtil=0.4460355451898504
meanST=0.011690000870714395



REPORT for Queue of Queueing Place : W/loginAction----------------------------------------

queueUtilQPl=0.08180055088528125

------------------ Color = loginAction --------------------
arrivCnt=1501672 deptCnt=1501671
arrivThrPut=16.685245122826053 deptThrPut=16.68523401171449
meanTkPop=0.16648437793333992 tkColOcp=0.14596073919714342
-----
meanST=0.009977943826425108 stDevST=0.01032265881458813

Steady State Statistics: numBatchesST=3754 batchSizeST=400 stDevStdStateMeanST=7.084730496174394E-4
95% c.i. = 0.009977906698306041 +/- 2.266335967163339E-5



REPORT for Depository of Queueing Place : W/loginAction----------------------------------------

tkOcp=0.0

------------------ Color = loginAction --------------------
arrivCnt=1501671 deptCnt=1501671
arrivThrPut=16.68523401171449 deptThrPut=16.68523401171449
meanTkPop=0.0 tkColOcp=0.0
-----
meanST=0.0 stDevST=0.0

Steady State Statistics: numBatchesST=7508 batchSizeST=200 stDevStdStateMeanST=0.0
95% c.i. = 0.0 +/- 0.0



REPORT for Queue : WebUI----------------------------------------

totArrivThrPut=100.07927073564716 totDeptThrPut=100.07927073564713
meanTotTkPop=1.1699267694069884 queueUtil=0.4460355451898504
meanST=0.011690000870714395



REPORT for Queue of Queueing Place : A/login_loginAction----------------------------------------

queueUtilQPl=0.16429753513642917

------------------ Color = loginAction --------------------
arrivCnt=1501671 deptCnt=1501671
arrivThrPut=16.68523401171449 deptThrPut=16.68523401171449
meanTkPop=0.33842937481941887 tkColOcp=0.28099459447718084
-----
meanST=0.02028316621641698 stDevST=0.019952479894030813

Steady State Statistics: numBatchesST=3754 batchSizeST=400 stDevStdStateMeanST=0.001125948849394876
95% c.i. = 0.020283201250307734 +/- 3.6018002039000526E-5



REPORT for Depository of Queueing Place : A/login_loginAction----------------------------------------

tkOcp=0.0

------------------ Color = loginAction --------------------
arrivCnt=1501671 deptCnt=1501671
arrivThrPut=16.68523401171449 deptThrPut=16.68523401171449
meanTkPop=0.0 tkColOcp=0.0
-----
meanST=0.0 stDevST=0.0

Steady State Statistics: numBatchesST=7508 batchSizeST=200 stDevStdStateMeanST=0.0
95% c.i. = 0.0 +/- 0.0



REPORT for Queue : Auth----------------------------------------

totArrivThrPut=100.07925962453555 totDeptThrPut=100.07925962453555
meanTotTkPop=0.5477192261505837 queueUtil=0.23550475877447888
meanST=0.005472854497579676



REPORT for Queue of Queueing Place : W/logout----------------------------------------

queueUtilQPl=0.08075175007735358

------------------ Color = logout --------------------
arrivCnt=1503304 deptCnt=1503304
arrivThrPut=16.703378456896644 deptThrPut=16.703378456896644
meanTkPop=0.16430723899668476 tkColOcp=0.14415458712412796
-----
meanST=0.009836766820597549 stDevST=0.010216571421639176

Steady State Statistics: numBatchesST=3758 batchSizeST=400 stDevStdStateMeanST=7.122016864517116E-4
95% c.i. = 0.009836667278299198 +/- 2.2770507015312788E-5



REPORT for Depository of Queueing Place : W/logout----------------------------------------

tkOcp=0.0

------------------ Color = logout --------------------
arrivCnt=1503304 deptCnt=1503304
arrivThrPut=16.703378456896644 deptThrPut=16.703378456896644
meanTkPop=0.0 tkColOcp=0.0
-----
meanST=0.0 stDevST=0.0

Steady State Statistics: numBatchesST=7516 batchSizeST=200 stDevStdStateMeanST=0.0
95% c.i. = 0.0 +/- 0.0



REPORT for Queue : WebUI----------------------------------------

totArrivThrPut=100.07927073564716 totDeptThrPut=100.07927073564713
meanTotTkPop=1.1699267694069884 queueUtil=0.4460355451898504
meanST=0.011690000870714395



REPORT for Queue of Queueing Place : A/logout_logout----------------------------------------

queueUtilQPl=0.025682933771443123

------------------ Color = logout --------------------
arrivCnt=1503304 deptCnt=1503304
arrivThrPut=16.703378456896644 deptThrPut=16.703378456896644
meanTkPop=0.051812364441795516 tkColOcp=0.04841699863499619
-----
meanST=0.0031019092679662515 stDevST=0.004637288662541929

Steady State Statistics: numBatchesST=3758 batchSizeST=400 stDevStdStateMeanST=3.1304358926485175E-4
95% c.i. = 0.003101892497958206 +/- 1.0008627304671935E-5



REPORT for Depository of Queueing Place : A/logout_logout----------------------------------------

tkOcp=0.0

------------------ Color = logout --------------------
arrivCnt=1503304 deptCnt=1503304
arrivThrPut=16.703378456896644 deptThrPut=16.703378456896644
meanTkPop=0.0 tkColOcp=0.0
-----
meanST=0.0 stDevST=0.0

Steady State Statistics: numBatchesST=7516 batchSizeST=200 stDevStdStateMeanST=0.0
95% c.i. = 0.0 +/- 0.0



REPORT for Queue : Auth----------------------------------------

totArrivThrPut=100.07925962453555 totDeptThrPut=100.07925962453555
meanTotTkPop=0.5477192261505837 queueUtil=0.23550475877447888
meanST=0.005472854497579676



REPORT for Queue of Queueing Place : P/getUser_loginAction----------------------------------------

queueUtilQPl=0.028019670876446832

------------------ Color = loginAction --------------------
arrivCnt=1501671 deptCnt=1501671
arrivThrPut=16.68523401171449 deptThrPut=16.68523401171449
meanTkPop=0.05612825372979976 tkColOcp=0.05407280712316618
-----
meanST=0.0033639476491844726 stDevST=0.003457373775322292

Steady State Statistics: numBatchesST=938 batchSizeST=1600 stDevStdStateMeanST=9.206020770295759E-5
95% c.i. = 0.00336401780924009 +/- 5.891401516862705E-6



REPORT for Depository of Queueing Place : P/getUser_loginAction----------------------------------------

tkOcp=0.0

------------------ Color = loginAction --------------------
arrivCnt=1501671 deptCnt=1501671
arrivThrPut=16.68523401171449 deptThrPut=16.68523401171449
meanTkPop=0.0 tkColOcp=0.0
-----
meanST=0.0 stDevST=0.0

Steady State Statistics: numBatchesST=7508 batchSizeST=200 stDevStdStateMeanST=0.0
95% c.i. = 0.0 +/- 0.0



REPORT for Queue : Persistence----------------------------------------

totArrivThrPut=100.07927073564713 totDeptThrPut=100.07927073564713
meanTotTkPop=0.44941247875728396 queueUtil=0.20938209918688627
meanST=0.004490565083596359



REPORT for Queue of Queueing Place : W/category----------------------------------------

queueUtilQPl=0.1206200425212228

------------------ Color = category --------------------
arrivCnt=1499953 deptCnt=1499953
arrivThrPut=16.666145122049492 deptThrPut=16.666145122049492
meanTkPop=0.24697758591814759 tkColOcp=0.20963700156549586
-----
meanST=0.01481911888499 stDevST=0.014127788687566558

Steady State Statistics: numBatchesST=3749 batchSizeST=400 stDevStdStateMeanST=9.345188854113424E-4
95% c.i. = 0.014818976598552738 +/- 2.9914273027316174E-5



REPORT for Depository of Queueing Place : W/category----------------------------------------

tkOcp=0.0

------------------ Color = category --------------------
arrivCnt=1499953 deptCnt=1499953
arrivThrPut=16.666145122049492 deptThrPut=16.666145122049492
meanTkPop=0.0 tkColOcp=0.0
-----
meanST=0.0 stDevST=0.0

Steady State Statistics: numBatchesST=7499 batchSizeST=200 stDevStdStateMeanST=0.0
95% c.i. = 0.0 +/- 0.0



REPORT for Queue : WebUI----------------------------------------

totArrivThrPut=100.07927073564716 totDeptThrPut=100.07927073564713
meanTotTkPop=1.1699267694069884 queueUtil=0.4460355451898504
meanST=0.011690000870714395



REPORT for Queue of Queueing Place : W/product----------------------------------------

queueUtilQPl=0.17074781892776025

------------------ Color = product --------------------
arrivCnt=1500336 deptCnt=1500337
arrivThrPut=16.67040067777807 deptThrPut=16.67041178888963
meanTkPop=0.3540096576788933 tkColOcp=0.28622640230858365
-----
meanST=0.021235810190466598 stDevST=0.019887464154539288

Steady State Statistics: numBatchesST=3750 batchSizeST=400 stDevStdStateMeanST=0.0012776967101885191
95% c.i. = 0.02123563211541283 +/- 4.0894060365232187E-5



REPORT for Depository of Queueing Place : W/product----------------------------------------

tkOcp=0.0

------------------ Color = product --------------------
arrivCnt=1500337 deptCnt=1500337
arrivThrPut=16.67041178888963 deptThrPut=16.67041178888963
meanTkPop=0.0 tkColOcp=0.0
-----
meanST=0.0 stDevST=0.0

Steady State Statistics: numBatchesST=7501 batchSizeST=200 stDevStdStateMeanST=0.0
95% c.i. = 0.0 +/- 0.0



REPORT for Queue : WebUI----------------------------------------

totArrivThrPut=100.07927073564716 totDeptThrPut=100.07927073564713
meanTotTkPop=1.1699267694069884 queueUtil=0.4460355451898504
meanST=0.011690000870714395



REPORT for Queue of Queueing Place : P/category_category----------------------------------------

queueUtilQPl=0.050145658080140154

------------------ Color = category --------------------
arrivCnt=1499953 deptCnt=1499953
arrivThrPut=16.666145122049492 deptThrPut=16.666145122049492
meanTkPop=0.100628724556517 tkColOcp=0.09484484486752112
-----
meanST=0.006037912415834187 stDevST=0.005968049814850634

Steady State Statistics: numBatchesST=3749 batchSizeST=400 stDevStdStateMeanST=3.149353988862622E-4
95% c.i. = 0.006037926423576593 +/- 1.0081191140512428E-5



REPORT for Depository of Queueing Place : P/category_category----------------------------------------

tkOcp=0.0

------------------ Color = category --------------------
arrivCnt=1499953 deptCnt=1499952
arrivThrPut=16.666145122049492 deptThrPut=16.666134010937927
meanTkPop=0.0 tkColOcp=0.0
-----
meanST=0.0 stDevST=0.0

Steady State Statistics: numBatchesST=7499 batchSizeST=200 stDevStdStateMeanST=0.0
95% c.i. = 0.0 +/- 0.0



REPORT for Queue : Persistence----------------------------------------

totArrivThrPut=100.07927073564713 totDeptThrPut=100.07927073564713
meanTotTkPop=0.44941247875728396 queueUtil=0.20938209918688627
meanST=0.004490565083596359



REPORT for Queue of Queueing Place : P/getProduct_product----------------------------------------

queueUtilQPl=0.08871352392304073

------------------ Color = product --------------------
arrivCnt=1500337 deptCnt=1500337
arrivThrPut=16.67041178888963 deptThrPut=16.67041178888963
meanTkPop=0.17875035131566497 tkColOcp=0.1626442509100862
-----
meanST=0.010722611629473792 stDevST=0.010589591016958359

Steady State Statistics: numBatchesST=3750 batchSizeST=400 stDevStdStateMeanST=5.486751256847888E-4
95% c.i. = 0.010722554082730342 +/- 1.75609387828388E-5



REPORT for Depository of Queueing Place : P/getProduct_product----------------------------------------

tkOcp=0.0

------------------ Color = product --------------------
arrivCnt=1500337 deptCnt=1500337
arrivThrPut=16.67041178888963 deptThrPut=16.67041178888963
meanTkPop=0.0 tkColOcp=0.0
-----
meanST=0.0 stDevST=0.0

Steady State Statistics: numBatchesST=7501 batchSizeST=200 stDevStdStateMeanST=0.0
95% c.i. = 0.0 +/- 0.0



REPORT for Queue : Persistence----------------------------------------

totArrivThrPut=100.07927073564713 totDeptThrPut=100.07927073564713
meanTotTkPop=0.44941247875728396 queueUtil=0.20938209918688627
meanST=0.004490565083596359



REPORT for Queue of Queueing Place : R/getAds_product----------------------------------------

queueUtilQPl=0.01920201982502054

------------------ Color = product --------------------
arrivCnt=1500337 deptCnt=1500337
arrivThrPut=16.67041178888963 deptThrPut=16.67041178888963
meanTkPop=0.038415431540143874 tkColOcp=0.03771198932784821
-----
meanST=0.0023044080750150814 stDevST=0.0023016702284614425

Steady State Statistics: numBatchesST=3750 batchSizeST=400 stDevStdStateMeanST=1.158808140826244E-4
95% c.i. = 0.002304416123869951 +/- 3.7088903559655354E-6



REPORT for Depository of Queueing Place : R/getAds_product----------------------------------------

tkOcp=0.0

------------------ Color = product --------------------
arrivCnt=1500337 deptCnt=1500337
arrivThrPut=16.67041178888963 deptThrPut=16.67041178888963
meanTkPop=0.0 tkColOcp=0.0
-----
meanST=0.0 stDevST=0.0

Steady State Statistics: numBatchesST=7501 batchSizeST=200 stDevStdStateMeanST=0.0
95% c.i. = 0.0 +/- 0.0



REPORT for Queue : Recommender----------------------------------------

totArrivThrPut=16.67041178888963 totDeptThrPut=16.67041178888963
meanTotTkPop=0.038415431540143874 queueUtil=0.01920201982502054
meanST=0.0023044080750150814



REPORT for Queue of Queueing Place : I/productImages_category----------------------------------------

queueUtilQPl=0.04542898594794541

------------------ Color = category --------------------
arrivCnt=1499952 deptCnt=1499952
arrivThrPut=16.666134010937927 deptThrPut=16.666134010937927
meanTkPop=0.09106676605113075 tkColOcp=0.08665878541842895
-----
meanST=0.0054641805946936415 stDevST=0.005425002191170131

Steady State Statistics: numBatchesST=1874 batchSizeST=800 stDevStdStateMeanST=1.94448849043113E-4
95% c.i. = 0.00546412005350986 +/- 8.803769728422712E-6



REPORT for Depository of Queueing Place : I/productImages_category----------------------------------------

tkOcp=0.0

------------------ Color = category --------------------
arrivCnt=1499952 deptCnt=1499952
arrivThrPut=16.666134010937927 deptThrPut=16.666134010937927
meanTkPop=0.0 tkColOcp=0.0
-----
meanST=0.0 stDevST=0.0

Steady State Statistics: numBatchesST=7499 batchSizeST=200 stDevStdStateMeanST=0.0
95% c.i. = 0.0 +/- 0.0



REPORT for Queue : ImageProvider----------------------------------------

totArrivThrPut=100.07925962453557 totDeptThrPut=100.07925962453557
meanTotTkPop=0.30091542277986677 queueUtil=0.14507322565294895
meanST=0.00300677107233609



REPORT for Queue of Queueing Place : I/product_product----------------------------------------

queueUtilQPl=0.04904652861672613

------------------ Color = product --------------------
arrivCnt=1500337 deptCnt=1500337
arrivThrPut=16.67041178888963 deptThrPut=16.67041178888963
meanTkPop=0.09831634925854893 tkColOcp=0.09336769827149566
-----
meanST=0.00589765570902538 stDevST=0.005852793593907998

Steady State Statistics: numBatchesST=3750 batchSizeST=400 stDevStdStateMeanST=3.009838278792262E-4
95% c.i. = 0.005897537554296682 +/- 9.633311824396627E-6



REPORT for Depository of Queueing Place : I/product_product----------------------------------------

tkOcp=0.0

------------------ Color = product --------------------
arrivCnt=1500337 deptCnt=1500337
arrivThrPut=16.67041178888963 deptThrPut=16.67041178888963
meanTkPop=0.0 tkColOcp=0.0
-----
meanST=0.0 stDevST=0.0

Steady State Statistics: numBatchesST=7501 batchSizeST=200 stDevStdStateMeanST=0.0
95% c.i. = 0.0 +/- 0.0



REPORT for Queue : ImageProvider----------------------------------------

totArrivThrPut=100.07925962453557 totDeptThrPut=100.07925962453557
meanTotTkPop=0.30091542277986677 queueUtil=0.14507322565294895
meanST=0.00300677107233609



REPORT for Queue of Queueing Place : Workload----------------------------------------

queueUtilQPl=0.9999999999999999

------------------ Color = workload --------------------
arrivCnt=9007134 deptCnt=9007134
arrivThrPut=100.07927073564714 deptThrPut=100.07927073564714
meanTkPop=0.9999999999999999 tkColOcp=0.9999999999999999
-----
meanST=0.009992079131697744 stDevST=0.009994020862225436

Steady State Statistics: numBatchesST=11258 batchSizeST=800 stDevStdStateMeanST=3.528517358206109E-4
95% c.i. = 0.009992108850015818 +/- 6.517930526804387E-6



REPORT for Depository of Queueing Place : Workload----------------------------------------

tkOcp=0.0

------------------ Color = workload --------------------
arrivCnt=9007134 deptCnt=9007134
arrivThrPut=100.07927073564714 deptThrPut=100.07927073564714
meanTkPop=0.0 tkColOcp=0.0
-----
meanST=0.0 stDevST=0.0

Steady State Statistics: numBatchesST=45035 batchSizeST=200 stDevStdStateMeanST=0.0
95% c.i. = 0.0 +/- 0.0



REPORT for Queue : Workload----------------------------------------

totArrivThrPut=100.07927073564714 totDeptThrPut=100.07927073564714
meanTotTkPop=0.9999999999999999 queueUtil=0.9999999999999999
meanST=0.009992079131697744



REPORT for Queue of Queueing Place : I/icon_index----------------------------------------

queueUtilQPl=0.012543872981250488

------------------ Color = index --------------------
arrivCnt=1499781 deptCnt=1499781
arrivThrPut=16.664234010860678 deptThrPut=16.664234010860678
meanTkPop=0.025116912979816778 tkColOcp=0.024491448883512144
-----
meanST=0.001507234773794414 stDevST=0.0016015095944524357

Steady State Statistics: numBatchesST=3749 batchSizeST=400 stDevStdStateMeanST=8.439340563895937E-5
95% c.i. = 0.001507233957917786 +/- 2.701462129229897E-6



REPORT for Depository of Queueing Place : I/icon_index----------------------------------------

tkOcp=0.0

------------------ Color = index --------------------
arrivCnt=1499781 deptCnt=1499781
arrivThrPut=16.664234010860678 deptThrPut=16.664234010860678
meanTkPop=0.0 tkColOcp=0.0
-----
meanST=0.0 stDevST=0.0

Steady State Statistics: numBatchesST=7498 batchSizeST=200 stDevStdStateMeanST=0.0
95% c.i. = 0.0 +/- 0.0



REPORT for Queue : ImageProvider----------------------------------------

totArrivThrPut=100.07925962453557 totDeptThrPut=100.07925962453557
meanTotTkPop=0.30091542277986677 queueUtil=0.14507322565294895
meanST=0.00300677107233609



REPORT for Queue of Queueing Place : P/categories_login----------------------------------------

queueUtilQPl=0.01879138486816358

------------------ Color = login --------------------
arrivCnt=1502088 deptCnt=1502088
arrivThrPut=16.689867345236202 deptThrPut=16.689867345236202
meanTkPop=0.037684573121681886 tkColOcp=0.036202270462721044
-----
meanST=0.002257931255064062 stDevST=0.0026035989716874522

Steady State Statistics: numBatchesST=3755 batchSizeST=400 stDevStdStateMeanST=1.4713854731716015E-4
95% c.i. = 0.00225795121718469 +/- 4.7061913832475925E-6



REPORT for Depository of Queueing Place : P/categories_login----------------------------------------

tkOcp=0.0

------------------ Color = login --------------------
arrivCnt=1502088 deptCnt=1502088
arrivThrPut=16.689867345236202 deptThrPut=16.689867345236202
meanTkPop=0.0 tkColOcp=0.0
-----
meanST=0.0 stDevST=0.0

Steady State Statistics: numBatchesST=7510 batchSizeST=200 stDevStdStateMeanST=0.0
95% c.i. = 0.0 +/- 0.0



REPORT for Queue : Persistence----------------------------------------

totArrivThrPut=100.07927073564713 totDeptThrPut=100.07927073564713
meanTotTkPop=0.44941247875728396 queueUtil=0.20938209918688627
meanST=0.004490565083596359



REPORT for Queue of Queueing Place : I/icon_login----------------------------------------

queueUtilQPl=0.012509686463337614

------------------ Color = login --------------------
arrivCnt=1502088 deptCnt=1502088
arrivThrPut=16.689867345236202 deptThrPut=16.689867345236202
meanTkPop=0.025044104472653317 tkColOcp=0.024474758389317192
-----
meanST=0.001500557431320847 stDevST=0.0015975058424195182

Steady State Statistics: numBatchesST=1877 batchSizeST=800 stDevStdStateMeanST=6.097454463355044E-5
95% c.i. = 0.0015005490976478203 +/- 2.7584462147533806E-6



REPORT for Depository of Queueing Place : I/icon_login----------------------------------------

tkOcp=0.0

------------------ Color = login --------------------
arrivCnt=1502088 deptCnt=1502088
arrivThrPut=16.689867345236202 deptThrPut=16.689867345236202
meanTkPop=0.0 tkColOcp=0.0
-----
meanST=0.0 stDevST=0.0

Steady State Statistics: numBatchesST=7510 batchSizeST=200 stDevStdStateMeanST=0.0
95% c.i. = 0.0 +/- 0.0



REPORT for Queue : ImageProvider----------------------------------------

totArrivThrPut=100.07925962453557 totDeptThrPut=100.07925962453557
meanTotTkPop=0.30091542277986677 queueUtil=0.14507322565294895
meanST=0.00300677107233609



REPORT for Queue of Queueing Place : A/isLoggedIn_login----------------------------------------

queueUtilQPl=0.016451409233556397

------------------ Color = login --------------------
arrivCnt=1502088 deptCnt=1502088
arrivThrPut=16.689867345236202 deptThrPut=16.689867345236202
meanTkPop=0.03335650662757694 tkColOcp=0.030546633524813908
-----
meanST=0.0019986082535939334 stDevST=0.004293997222034996

Steady State Statistics: numBatchesST=3755 batchSizeST=400 stDevStdStateMeanST=3.0178198929321423E-4
95% c.i. = 0.001998572214235677 +/- 9.652425034275194E-6



REPORT for Depository of Queueing Place : A/isLoggedIn_login----------------------------------------

tkOcp=0.0

------------------ Color = login --------------------
arrivCnt=1502088 deptCnt=1502088
arrivThrPut=16.689867345236202 deptThrPut=16.689867345236202
meanTkPop=0.0 tkColOcp=0.0
-----
meanST=0.0 stDevST=0.0

Steady State Statistics: numBatchesST=7510 batchSizeST=200 stDevStdStateMeanST=0.0
95% c.i. = 0.0 +/- 0.0



REPORT for Queue : Auth----------------------------------------

totArrivThrPut=100.07925962453555 totDeptThrPut=100.07925962453555
meanTotTkPop=0.5477192261505837 queueUtil=0.23550475877447888
meanST=0.005472854497579676



REPORT for Queue of Queueing Place : A/isLoggedIn_category----------------------------------------

queueUtilQPl=0.021778160200155088

------------------ Color = category --------------------
arrivCnt=1499952 deptCnt=1499952
arrivThrPut=16.666134010937927 deptThrPut=16.666134010937927
meanTkPop=0.04394046023149507 tkColOcp=0.041057513532851725
-----
meanST=0.0026365118750789527 stDevST=0.004417122370784921

Steady State Statistics: numBatchesST=1874 batchSizeST=800 stDevStdStateMeanST=2.05243948166231E-4
95% c.i. = 0.002636691464451761 +/- 9.292523286713803E-6



REPORT for Depository of Queueing Place : A/isLoggedIn_category----------------------------------------

tkOcp=0.0

------------------ Color = category --------------------
arrivCnt=1499952 deptCnt=1499952
arrivThrPut=16.666134010937927 deptThrPut=16.666134010937927
meanTkPop=0.0 tkColOcp=0.0
-----
meanST=0.0 stDevST=0.0

Steady State Statistics: numBatchesST=7499 batchSizeST=200 stDevStdStateMeanST=0.0
95% c.i. = 0.0 +/- 0.0



REPORT for Queue : Auth----------------------------------------

totArrivThrPut=100.07925962453555 totDeptThrPut=100.07925962453555
meanTotTkPop=0.5477192261505837 queueUtil=0.23550475877447888
meanST=0.005472854497579676



REPORT for Queue of Queueing Place : I/icon_logout----------------------------------------

queueUtilQPl=0.013982994733707711

------------------ Color = logout --------------------
arrivCnt=1503304 deptCnt=1503304
arrivThrPut=16.703378456896644 deptThrPut=16.703378456896644
meanTkPop=0.027991182965058856 tkColOcp=0.027345195823216224
-----
meanST=0.001675779725478327 stDevST=0.001742159168478722

Steady State Statistics: numBatchesST=3758 batchSizeST=400 stDevStdStateMeanST=9.064985278255633E-5
95% c.i. = 0.0016758016482913967 +/- 2.898256418074661E-6



REPORT for Depository of Queueing Place : I/icon_logout----------------------------------------

tkOcp=0.0

------------------ Color = logout --------------------
arrivCnt=1503304 deptCnt=1503304
arrivThrPut=16.703378456896644 deptThrPut=16.703378456896644
meanTkPop=0.0 tkColOcp=0.0
-----
meanST=0.0 stDevST=0.0

Steady State Statistics: numBatchesST=7516 batchSizeST=200 stDevStdStateMeanST=0.0
95% c.i. = 0.0 +/- 0.0



REPORT for Queue : ImageProvider----------------------------------------

totArrivThrPut=100.07925962453557 totDeptThrPut=100.07925962453557
meanTotTkPop=0.30091542277986677 queueUtil=0.14507322565294895
meanST=0.00300677107233609



REPORT for Queue of Queueing Place : I/icon_loginAction----------------------------------------

queueUtilQPl=0.016680294105725284

------------------ Color = loginAction --------------------
arrivCnt=1501671 deptCnt=1501671
arrivThrPut=16.68523401171449 deptThrPut=16.68523401171449
meanTkPop=0.033380107052658155 tkColOcp=0.03266291604947921
-----
meanST=0.00200057769817447 stDevST=0.0020342199237704706

Steady State Statistics: numBatchesST=3754 batchSizeST=400 stDevStdStateMeanST=1.0624274237564642E-4
95% c.i. = 0.002000581543742831 +/- 3.3986013783588973E-6



REPORT for Depository of Queueing Place : I/icon_loginAction----------------------------------------

tkOcp=0.0

------------------ Color = loginAction --------------------
arrivCnt=1501671 deptCnt=1501671
arrivThrPut=16.68523401171449 deptThrPut=16.68523401171449
meanTkPop=0.0 tkColOcp=0.0
-----
meanST=0.0 stDevST=0.0

Steady State Statistics: numBatchesST=7508 batchSizeST=200 stDevStdStateMeanST=0.0
95% c.i. = 0.0 +/- 0.0



REPORT for Queue : ImageProvider----------------------------------------

totArrivThrPut=100.07925962453557 totDeptThrPut=100.07925962453557
meanTotTkPop=0.30091542277986677 queueUtil=0.14507322565294895
meanST=0.00300677107233609



REPORT for Queue of Queueing Place : A/isLoggedIn_product----------------------------------------

queueUtilQPl=0.023399292795377898

------------------ Color = product --------------------
arrivCnt=1500337 deptCnt=1500337
arrivThrPut=16.67041178888963 deptThrPut=16.67041178888963
meanTkPop=0.04715751951120759 tkColOcp=0.04421832608626904
-----
meanST=0.0028288155150814434 stDevST=0.004493874022051926

Steady State Statistics: numBatchesST=1875 batchSizeST=800 stDevStdStateMeanST=2.1195522321533394E-4
95% c.i. = 0.0028287920488850355 +/- 9.5938202741361E-6



REPORT for Depository of Queueing Place : A/isLoggedIn_product----------------------------------------

tkOcp=0.0

------------------ Color = product --------------------
arrivCnt=1500337 deptCnt=1500338
arrivThrPut=16.67041178888963 deptThrPut=16.670422900001196
meanTkPop=0.0 tkColOcp=0.0
-----
meanST=0.0 stDevST=0.0

Steady State Statistics: numBatchesST=7501 batchSizeST=200 stDevStdStateMeanST=0.0
95% c.i. = 0.0 +/- 0.0



REPORT for Queue : Auth----------------------------------------

totArrivThrPut=100.07925962453555 totDeptThrPut=100.07925962453555
meanTotTkPop=0.5477192261505837 queueUtil=0.23550475877447888
meanST=0.005472854497579676



REPORT for Queue of Queueing Place : P/category_logout----------------------------------------

queueUtilQPl=0.019249005216956213

------------------ Color = logout --------------------
arrivCnt=1503304 deptCnt=1503304
arrivThrPut=16.703378456896644 deptThrPut=16.703378456896644
meanTkPop=0.03859510684038684 tkColOcp=0.03715865905727333
-----
meanST=0.0023106167976725297 stDevST=0.0026040130023063366

Steady State Statistics: numBatchesST=3758 batchSizeST=400 stDevStdStateMeanST=1.4630765464414424E-4
95% c.i. = 0.0023106326593292435 +/- 4.677747244697556E-6



REPORT for Depository of Queueing Place : P/category_logout----------------------------------------

tkOcp=0.0

------------------ Color = logout --------------------
arrivCnt=1503304 deptCnt=1503304
arrivThrPut=16.703378456896644 deptThrPut=16.703378456896644
meanTkPop=0.0 tkColOcp=0.0
-----
meanST=0.0 stDevST=0.0

Steady State Statistics: numBatchesST=7516 batchSizeST=200 stDevStdStateMeanST=0.0
95% c.i. = 0.0 +/- 0.0



REPORT for Queue : Persistence----------------------------------------

totArrivThrPut=100.07927073564713 totDeptThrPut=100.07927073564713
meanTotTkPop=0.44941247875728396 queueUtil=0.20938209918688627
meanST=0.004490565083596359



REPORT for Ordinary Place : Finish_index----------------------------------------

tkOcp=1.0

------------------ Color = index --------------------
arrivCnt=1499781 deptCnt=0
arrivThrPut=16.664234010860678 deptThrPut=0.0
meanTkPop=915140.0951829612 tkColOcp=1.0
-----
meanST=NaN stDevST=NaN

Steady State Statistics: Only 0 batches collected!
Need at least 60 for steady state statistics.



REPORT for Ordinary Place : Finish_login----------------------------------------

tkOcp=1.0

------------------ Color = login --------------------
arrivCnt=1502088 deptCnt=0
arrivThrPut=16.689867345236202 deptThrPut=0.0
meanTkPop=916971.0118528007 tkColOcp=1.0
-----
meanST=NaN stDevST=NaN

Steady State Statistics: Only 0 batches collected!
Need at least 60 for steady state statistics.



REPORT for Ordinary Place : Finish_loginAction----------------------------------------

tkOcp=1.0

------------------ Color = loginAction --------------------
arrivCnt=1501671 deptCnt=0
arrivThrPut=16.68523401171449 deptThrPut=0.0
meanTkPop=917700.9982469738 tkColOcp=1.0
-----
meanST=NaN stDevST=NaN

Steady State Statistics: Only 0 batches collected!
Need at least 60 for steady state statistics.



REPORT for Ordinary Place : Finish_category----------------------------------------

tkOcp=1.0

------------------ Color = category --------------------
arrivCnt=1499952 deptCnt=0
arrivThrPut=16.666134010937927 deptThrPut=0.0
meanTkPop=917046.9741981904 tkColOcp=1.0
-----
meanST=NaN stDevST=NaN

Steady State Statistics: Only 0 batches collected!
Need at least 60 for steady state statistics.



REPORT for Ordinary Place : Finish_product----------------------------------------

tkOcp=0.9999999999999999

------------------ Color = product --------------------
arrivCnt=1500338 deptCnt=0
arrivThrPut=16.670422900001196 deptThrPut=0.0
meanTkPop=916876.4246162868 tkColOcp=0.9999999999999999
-----
meanST=NaN stDevST=NaN

Steady State Statistics: Only 0 batches collected!
Need at least 60 for steady state statistics.



REPORT for Ordinary Place : Finish_logout----------------------------------------

tkOcp=1.0

------------------ Color = logout --------------------
arrivCnt=1503304 deptCnt=0
arrivThrPut=16.703378456896644 deptThrPut=0.0
meanTkPop=918758.7259390688 tkColOcp=1.0
-----
meanST=NaN stDevST=NaN

Steady State Statistics: Only 0 batches collected!
Need at least 60 for steady state statistics.



REPORT REPORT for Probe : /index----------------------------------------


------------------ Color = index --------------------
-----
meanST=0.012877664882674764 stDevST=0.010359789864634756

Steady State Statistics: numBatchesST=1874 batchSizeST=800 stDevStdStateMeanST=5.420391278196249E-4
95% c.i. = 0.012877444728148639 +/- 2.454109493885985E-5
-----
Histogram Data
   10% percentile=100.0
   20% percentile=100.0
   30% percentile=100.0
   40% percentile=100.0
   50% percentile=100.0
   60% percentile=100.0
   70% percentile=100.0
   80% percentile=100.0
   90% percentile=100.0
   histogramMean=50.0
Token sojourn times dumped in C:\Users\lliao\Downloads\qpme_models



REPORT REPORT for Probe : /login----------------------------------------


------------------ Color = login --------------------
-----
meanST=0.012906157383996355 stDevST=0.010400459491592235

Steady State Statistics: numBatchesST=1877 batchSizeST=800 stDevStdStateMeanST=5.411755962857693E-4
95% c.i. = 0.012906028447932087 +/- 2.4482409570468334E-5
-----
Histogram Data
   10% percentile=100.0
   20% percentile=100.0
   30% percentile=100.0
   40% percentile=100.0
   50% percentile=100.0
   60% percentile=100.0
   70% percentile=100.0
   80% percentile=100.0
   90% percentile=100.0
   histogramMean=50.0
Token sojourn times dumped in C:\Users\lliao\Downloads\qpme_models



REPORT REPORT for Probe : /loginAction----------------------------------------


------------------ Color = loginAction --------------------
-----
meanST=0.035625635390201034 stDevST=0.022884532157117315

Steady State Statistics: numBatchesST=3754 batchSizeST=400 stDevStdStateMeanST=0.0013631546758768637
95% c.i. = 0.035625656539252225 +/- 4.360598434075669E-5
-----
Histogram Data
   10% percentile=100.0
   20% percentile=100.0
   30% percentile=100.0
   40% percentile=100.0
   50% percentile=100.0
   60% percentile=100.0
   70% percentile=100.0
   80% percentile=100.0
   90% percentile=100.0
   histogramMean=50.0
Token sojourn times dumped in C:\Users\lliao\Downloads\qpme_models



REPORT REPORT for Probe : /logout----------------------------------------


------------------ Color = logout --------------------
-----
meanST=0.016925072611714657 stDevST=0.011830697034924184

Steady State Statistics: numBatchesST=1879 batchSizeST=800 stDevStdStateMeanST=5.825946727743361E-4
95% c.i. = 0.016924994083878056 +/- 2.63421494954061E-5
-----
Histogram Data
   10% percentile=100.0
   20% percentile=100.0
   30% percentile=100.0
   40% percentile=100.0
   50% percentile=100.0
   60% percentile=100.0
   70% percentile=100.0
   80% percentile=100.0
   90% percentile=100.0
   histogramMean=50.0
Token sojourn times dumped in C:\Users\lliao\Downloads\qpme_models



REPORT REPORT for Probe : /category----------------------------------------


------------------ Color = category --------------------
-----
meanST=0.02895773036393217 stDevST=0.01696792566412059

Steady State Statistics: numBatchesST=3749 batchSizeST=400 stDevStdStateMeanST=0.0011027374480556303
95% c.i. = 0.028957614597078764 +/- 3.529900745030105E-5
-----
Histogram Data
   10% percentile=100.0
   20% percentile=100.0
   30% percentile=100.0
   40% percentile=100.0
   50% percentile=100.0
   60% percentile=100.0
   70% percentile=100.0
   80% percentile=100.0
   90% percentile=100.0
   histogramMean=50.0
Token sojourn times dumped in C:\Users\lliao\Downloads\qpme_models



REPORT REPORT for Probe : /product----------------------------------------


------------------ Color = product --------------------
-----
meanST=0.04298928994528415 stDevST=0.02391902715369961

Steady State Statistics: numBatchesST=3750 batchSizeST=400 stDevStdStateMeanST=0.0014644686152093884
95% c.i. = 0.04298889734760095 +/- 4.6871896496097626E-5
-----
Histogram Data
   10% percentile=100.0
   20% percentile=100.0
   30% percentile=100.0
   40% percentile=100.0
   50% percentile=100.0
   60% percentile=100.0
   70% percentile=100.0
   80% percentile=100.0
   90% percentile=100.0
   histogramMean=50.0
Token sojourn times dumped in C:\Users\lliao\Downloads\qpme_models



