INFO Logging to C:\Users\lliao\Downloads\qpme_models\SimQPN_Output_new configuration_2023-11-23_200801505.log
WARN Batch means correlation test was run for depository of place Workload, color 0
    However, the standard deviation of the token residence time is 0 and therefore the result of the test is ignored!
    In future runs, you should set numBMeansCorlTested to 0 to switch off the correlation test!
WARN The simulation was stopped because of reaching max totalRunLen.
The required precision may not have been reached!
REPORT for Queue of Queueing Place : W/index----------------------------------------

queueUtilQPl=0.05997546188246057

------------------ Color = index --------------------
arrivCnt=999226 deptCnt=999227
arrivThrPut=11.102511693969294 deptThrPut=11.102522805080989
meanTkPop=0.12249870309151815 tkColOcp=0.10613355491501955
-----
meanST=0.011033418951397584 stDevST=0.01425226957446566

Steady State Statistics: numBatchesST=2498 batchSizeST=400 stDevStdStateMeanST=0.0011741939026565257
95% c.i. = 0.011033478199061994 +/- 4.604597727752982E-5



REPORT for Depository of Queueing Place : W/index----------------------------------------

tkOcp=0.0

------------------ Color = index --------------------
arrivCnt=999227 deptCnt=999227
arrivThrPut=11.102522805080989 deptThrPut=11.102522805080989
meanTkPop=0.0 tkColOcp=0.0
-----
meanST=0.0 stDevST=0.0

Steady State Statistics: numBatchesST=4996 batchSizeST=200 stDevStdStateMeanST=0.0
95% c.i. = 0.0 +/- 0.0



REPORT for Queue : WebUI----------------------------------------

totArrivThrPut=99.99906080529296 totDeptThrPut=99.99910524973973
meanTotTkPop=1.806067516301052 queueUtil=0.5696328607929981
meanST=0.0180608460613842



REPORT for Queue of Queueing Place : P/categories_index----------------------------------------

queueUtilQPl=0.020827043626862954

------------------ Color = index --------------------
arrivCnt=999227 deptCnt=999227
arrivThrPut=11.102522805080989 deptThrPut=11.102522805080989
meanTkPop=0.04196126092244011 tkColOcp=0.03888370971750513
-----
meanST=0.003779434787851717 stDevST=0.005542314243037787

Steady State Statistics: numBatchesST=1249 batchSizeST=800 stDevStdStateMeanST=2.5482260429702115E-4
95% c.i. = 0.0037794394989967106 +/- 1.413203881958284E-5



REPORT for Depository of Queueing Place : P/categories_index----------------------------------------

tkOcp=0.0

------------------ Color = index --------------------
arrivCnt=999227 deptCnt=999227
arrivThrPut=11.102522805080989 deptThrPut=11.102522805080989
meanTkPop=0.0 tkColOcp=0.0
-----
meanST=0.0 stDevST=0.0

Steady State Statistics: numBatchesST=4996 batchSizeST=200 stDevStdStateMeanST=0.0
95% c.i. = 0.0 +/- 0.0



REPORT for Queue : Persistence----------------------------------------

totArrivThrPut=99.99911636085142 totDeptThrPut=99.99911636085142
meanTotTkPop=0.8705504522577511 queueUtil=0.35844088654689954
meanST=0.008705580610900699



REPORT for Queue of Queueing Place : A/isLoggedIn_index----------------------------------------

queueUtilQPl=0.008969560893053502

------------------ Color = index --------------------
arrivCnt=999227 deptCnt=999227
arrivThrPut=11.102522805080989 deptThrPut=11.102522805080989
meanTkPop=0.018028635178644073 tkColOcp=0.01721414634701545
-----
meanST=0.0016238323032665512 stDevST=0.003095578004622819

Steady State Statistics: numBatchesST=2498 batchSizeST=400 stDevStdStateMeanST=1.9729699187671812E-4
95% c.i. = 0.0016238449024110328 +/- 7.736995384090156E-6



REPORT for Depository of Queueing Place : A/isLoggedIn_index----------------------------------------

tkOcp=0.0

------------------ Color = index --------------------
arrivCnt=999227 deptCnt=999227
arrivThrPut=11.102522805080989 deptThrPut=11.102522805080989
meanTkPop=0.0 tkColOcp=0.0
-----
meanST=0.0 stDevST=0.0

Steady State Statistics: numBatchesST=4996 batchSizeST=200 stDevStdStateMeanST=0.0
95% c.i. = 0.0 +/- 0.0



REPORT for Queue : Auth----------------------------------------

totArrivThrPut=99.99910524973974 totDeptThrPut=99.99911636085143
meanTotTkPop=0.42071188597803166 queueUtil=0.1902261058133357
meanST=0.004207159047983143



REPORT for Queue of Queueing Place : W/login----------------------------------------

queueUtilQPl=0.060203982882282826

------------------ Color = login --------------------
arrivCnt=1000624 deptCnt=1000624
arrivThrPut=11.118045028118095 deptThrPut=11.118045028118095
meanTkPop=0.12293249049943634 tkColOcp=0.10651008835123386
-----
meanST=0.011057023981152613 stDevST=0.0142144119727681

Steady State Statistics: numBatchesST=2501 batchSizeST=400 stDevStdStateMeanST=0.0011741784528950987
95% c.i. = 0.011056746509897483 +/- 4.601774695272744E-5



REPORT for Depository of Queueing Place : W/login----------------------------------------

tkOcp=0.0

------------------ Color = login --------------------
arrivCnt=1000624 deptCnt=1000624
arrivThrPut=11.118045028118095 deptThrPut=11.118045028118095
meanTkPop=0.0 tkColOcp=0.0
-----
meanST=0.0 stDevST=0.0

Steady State Statistics: numBatchesST=5003 batchSizeST=200 stDevStdStateMeanST=0.0
95% c.i. = 0.0 +/- 0.0



REPORT for Queue : WebUI----------------------------------------

totArrivThrPut=99.99906080529296 totDeptThrPut=99.99910524973973
meanTotTkPop=1.806067516301052 queueUtil=0.5696328607929981
meanST=0.0180608460613842



REPORT for Queue of Queueing Place : W/loginAction----------------------------------------

queueUtilQPl=0.07541080157502018

------------------ Color = loginAction --------------------
arrivCnt=998646 deptCnt=998647
arrivThrPut=11.09606724918653 deptThrPut=11.096078360298225
meanTkPop=0.15389259246158588 tkColOcp=0.13327768047607835
-----
meanST=0.01386910918738381 stDevST=0.015331640884429221

Steady State Statistics: numBatchesST=2496 batchSizeST=400 stDevStdStateMeanST=0.0012336827723987863
95% c.i. = 0.013868455804096111 +/- 4.839821011290282E-5



REPORT for Depository of Queueing Place : W/loginAction----------------------------------------

tkOcp=0.0

------------------ Color = loginAction --------------------
arrivCnt=998647 deptCnt=998647
arrivThrPut=11.096078360298225 deptThrPut=11.096078360298225
meanTkPop=0.0 tkColOcp=0.0
-----
meanST=0.0 stDevST=0.0

Steady State Statistics: numBatchesST=4993 batchSizeST=200 stDevStdStateMeanST=0.0
95% c.i. = 0.0 +/- 0.0



REPORT for Queue : WebUI----------------------------------------

totArrivThrPut=99.99906080529296 totDeptThrPut=99.99910524973973
meanTotTkPop=1.806067516301052 queueUtil=0.5696328607929981
meanST=0.0180608460613842



REPORT for Queue of Queueing Place : A/login_loginAction----------------------------------------

queueUtilQPl=0.10908318178417631

------------------ Color = loginAction --------------------
arrivCnt=998647 deptCnt=998648
arrivThrPut=11.096078360298225 deptThrPut=11.096089471409918
meanTkPop=0.22112741275552253 tkColOcp=0.1956623491151369
-----
meanST=0.019928436458188425 stDevST=0.019750841933604057

Steady State Statistics: numBatchesST=2496 batchSizeST=400 stDevStdStateMeanST=0.0010390045355873048
95% c.i. = 0.019928361279117592 +/- 4.0760851125315486E-5



REPORT for Depository of Queueing Place : A/login_loginAction----------------------------------------

tkOcp=0.0

------------------ Color = loginAction --------------------
arrivCnt=998648 deptCnt=998648
arrivThrPut=11.096089471409918 deptThrPut=11.096089471409918
meanTkPop=0.0 tkColOcp=0.0
-----
meanST=0.0 stDevST=0.0

Steady State Statistics: numBatchesST=4993 batchSizeST=200 stDevStdStateMeanST=0.0
95% c.i. = 0.0 +/- 0.0



REPORT for Queue : Auth----------------------------------------

totArrivThrPut=99.99910524973974 totDeptThrPut=99.99911636085143
meanTotTkPop=0.42071188597803166 queueUtil=0.1902261058133357
meanST=0.004207159047983143



REPORT for Queue of Queueing Place : W/logout----------------------------------------

queueUtilQPl=0.07458501979268739

------------------ Color = logout --------------------
arrivCnt=999189 deptCnt=999190
arrivThrPut=11.1021005828366 deptThrPut=11.102111693948295
meanTkPop=0.1521450038845285 tkColOcp=0.1319119110042844
-----
meanST=0.013704162176985949 stDevST=0.015207146753286209

Steady State Statistics: numBatchesST=1248 batchSizeST=800 stDevStdStateMeanST=8.528533670253629E-4
95% c.i. = 0.01370365082394931 +/- 4.7316778294928206E-5



REPORT for Depository of Queueing Place : W/logout----------------------------------------

tkOcp=0.0

------------------ Color = logout --------------------
arrivCnt=999190 deptCnt=999190
arrivThrPut=11.102111693948295 deptThrPut=11.102111693948295
meanTkPop=0.0 tkColOcp=0.0
-----
meanST=0.0 stDevST=0.0

Steady State Statistics: numBatchesST=4995 batchSizeST=200 stDevStdStateMeanST=0.0
95% c.i. = 0.0 +/- 0.0



REPORT for Queue : WebUI----------------------------------------

totArrivThrPut=99.99906080529296 totDeptThrPut=99.99910524973973
meanTotTkPop=1.806067516301052 queueUtil=0.5696328607929981
meanST=0.0180608460613842



REPORT for Queue of Queueing Place : A/logout_logout----------------------------------------

queueUtilQPl=0.015188764621304526

------------------ Color = logout --------------------
arrivCnt=999190 deptCnt=999190
arrivThrPut=11.102111693948295 deptThrPut=11.102111693948295
meanTkPop=0.030449670723706048 tkColOcp=0.029435502031583228
-----
meanST=0.002742691801624011 stDevST=0.003570378587855728

Steady State Statistics: numBatchesST=2497 batchSizeST=400 stDevStdStateMeanST=2.114891217239601E-4
95% c.i. = 0.0027426444648497627 +/- 8.29519984796069E-6



REPORT for Depository of Queueing Place : A/logout_logout----------------------------------------

tkOcp=0.0

------------------ Color = logout --------------------
arrivCnt=999190 deptCnt=999190
arrivThrPut=11.102111693948295 deptThrPut=11.102111693948295
meanTkPop=0.0 tkColOcp=0.0
-----
meanST=0.0 stDevST=0.0

Steady State Statistics: numBatchesST=4995 batchSizeST=200 stDevStdStateMeanST=0.0
95% c.i. = 0.0 +/- 0.0



REPORT for Queue : Auth----------------------------------------

totArrivThrPut=99.99910524973974 totDeptThrPut=99.99911636085143
meanTotTkPop=0.42071188597803166 queueUtil=0.1902261058133357
meanST=0.004207159047983143



REPORT for Queue of Queueing Place : P/getUser_loginAction----------------------------------------

queueUtilQPl=0.025358187782049665

------------------ Color = loginAction --------------------
arrivCnt=998648 deptCnt=998648
arrivThrPut=11.096089471409918 deptThrPut=11.096089471409918
meanTkPop=0.05093236624897856 tkColOcp=0.04813356152000132
-----
meanST=0.00459011856205832 stDevST=0.005634145892060556

Steady State Statistics: numBatchesST=2496 batchSizeST=400 stDevStdStateMeanST=3.4134640552832665E-4
95% c.i. = 0.00459011028314525 +/- 1.3391250510794875E-5



REPORT for Depository of Queueing Place : P/getUser_loginAction----------------------------------------

tkOcp=0.0

------------------ Color = loginAction --------------------
arrivCnt=998648 deptCnt=998648
arrivThrPut=11.096089471409918 deptThrPut=11.096089471409918
meanTkPop=0.0 tkColOcp=0.0
-----
meanST=0.0 stDevST=0.0

Steady State Statistics: numBatchesST=4993 batchSizeST=200 stDevStdStateMeanST=0.0
95% c.i. = 0.0 +/- 0.0



REPORT for Queue : Persistence----------------------------------------

totArrivThrPut=99.99911636085142 totDeptThrPut=99.99911636085142
meanTotTkPop=0.8705504522577511 queueUtil=0.35844088654689954
meanST=0.008705580610900699



REPORT for Queue of Queueing Place : W/category----------------------------------------

queueUtilQPl=0.19431730968025834

------------------ Color = category --------------------
arrivCnt=2002934 deptCnt=2002933
arrivThrPut=22.254823390552982 deptThrPut=22.25481227944129
meanTkPop=0.416654529123158 tkColOcp=0.31024197922320856
-----
meanST=0.01872199146174825 stDevST=0.018114527608192807

Steady State Statistics: numBatchesST=5007 batchSizeST=400 stDevStdStateMeanST=0.001725791766748621
95% c.i. = 0.018721852023286977 +/- 4.780217836984592E-5



REPORT for Depository of Queueing Place : W/category----------------------------------------

tkOcp=0.0

------------------ Color = category --------------------
arrivCnt=2002933 deptCnt=2002933
arrivThrPut=22.25481227944129 deptThrPut=22.25481227944129
meanTkPop=0.0 tkColOcp=0.0
-----
meanST=0.0 stDevST=0.0

Steady State Statistics: numBatchesST=10014 batchSizeST=200 stDevStdStateMeanST=0.0
95% c.i. = 0.0 +/- 0.0



REPORT for Queue : WebUI----------------------------------------

totArrivThrPut=99.99906080529296 totDeptThrPut=99.99910524973973
meanTotTkPop=1.806067516301052 queueUtil=0.5696328607929981
meanST=0.0180608460613842



REPORT for Queue of Queueing Place : W/product----------------------------------------

queueUtilQPl=0.3579479633173152

------------------ Color = product --------------------
arrivCnt=2999296 deptCnt=2999298
arrivThrPut=33.32551286062946 deptThrPut=33.325535082852845
meanTkPop=0.837944197240825 tkColOcp=0.5152202903084679
-----
meanST=0.025144229525886446 stDevST=0.022903553062159753

Steady State Statistics: numBatchesST=7498 batchSizeST=400 stDevStdStateMeanST=0.0023843403449418355
95% c.i. = 0.025144078553859403 +/- 5.396890672438629E-5



REPORT for Depository of Queueing Place : W/product----------------------------------------

tkOcp=0.0

------------------ Color = product --------------------
arrivCnt=2999298 deptCnt=2999298
arrivThrPut=33.325535082852845 deptThrPut=33.325535082852845
meanTkPop=0.0 tkColOcp=0.0
-----
meanST=0.0 stDevST=0.0

Steady State Statistics: numBatchesST=14996 batchSizeST=200 stDevStdStateMeanST=0.0
95% c.i. = 0.0 +/- 0.0



REPORT for Queue : WebUI----------------------------------------

totArrivThrPut=99.99906080529296 totDeptThrPut=99.99910524973973
meanTotTkPop=1.806067516301052 queueUtil=0.5696328607929981
meanST=0.0180608460613842



REPORT for Queue of Queueing Place : P/category_category----------------------------------------

queueUtilQPl=0.14712174038107403

------------------ Color = category --------------------
arrivCnt=2002933 deptCnt=2002934
arrivThrPut=22.25481227944129 deptThrPut=22.254823390552982
meanTkPop=0.302789132125665 tkColOcp=0.25176357584739245
-----
meanST=0.013605554905993113 stDevST=0.01297688356366544

Steady State Statistics: numBatchesST=5007 batchSizeST=400 stDevStdStateMeanST=7.996371521982778E-4
95% c.i. = 0.013605426954914882 +/- 2.214890493570507E-5



REPORT for Depository of Queueing Place : P/category_category----------------------------------------

tkOcp=0.0

------------------ Color = category --------------------
arrivCnt=2002934 deptCnt=2002934
arrivThrPut=22.254823390552982 deptThrPut=22.254823390552982
meanTkPop=0.0 tkColOcp=0.0
-----
meanST=0.0 stDevST=0.0

Steady State Statistics: numBatchesST=10014 batchSizeST=200 stDevStdStateMeanST=0.0
95% c.i. = 0.0 +/- 0.0



REPORT for Queue : Persistence----------------------------------------

totArrivThrPut=99.99911636085142 totDeptThrPut=99.99911636085142
meanTotTkPop=0.8705504522577511 queueUtil=0.35844088654689954
meanST=0.008705580610900699



REPORT for Queue of Queueing Place : P/getProduct_product----------------------------------------

queueUtilQPl=0.18849420269603345

------------------ Color = product --------------------
arrivCnt=2999298 deptCnt=2999297
arrivThrPut=33.325535082852845 deptThrPut=33.32552397174115
meanTkPop=0.3923482641880098 tkColOcp=0.3134345417228478
-----
meanST=0.011773200965227233 stDevST=0.011344033462671954

Steady State Statistics: numBatchesST=7498 batchSizeST=400 stDevStdStateMeanST=7.31698022519377E-4
95% c.i. = 0.011773227704478518 +/- 1.6561789264497582E-5



REPORT for Depository of Queueing Place : P/getProduct_product----------------------------------------

tkOcp=0.0

------------------ Color = product --------------------
arrivCnt=2999297 deptCnt=2999297
arrivThrPut=33.32552397174115 deptThrPut=33.32552397174115
meanTkPop=0.0 tkColOcp=0.0
-----
meanST=0.0 stDevST=0.0

Steady State Statistics: numBatchesST=14996 batchSizeST=200 stDevStdStateMeanST=0.0
95% c.i. = 0.0 +/- 0.0



REPORT for Queue : Persistence----------------------------------------

totArrivThrPut=99.99911636085142 totDeptThrPut=99.99911636085142
meanTotTkPop=0.8705504522577511 queueUtil=0.35844088654689954
meanST=0.008705580610900699



REPORT for Queue of Queueing Place : R/getAds_product----------------------------------------

queueUtilQPl=0.03839534032361166

------------------ Color = product --------------------
arrivCnt=2999297 deptCnt=2999297
arrivThrPut=33.32552397174115 deptThrPut=33.32552397174115
meanTkPop=0.07688599836159526 tkColOcp=0.07409823112561163
-----
meanST=0.0023071204649862923 stDevST=0.00230621268142205

Steady State Statistics: numBatchesST=7498 batchSizeST=400 stDevStdStateMeanST=1.156913656213439E-4
95% c.i. = 0.0023071244563898836 +/- 2.618643153558471E-6



REPORT for Depository of Queueing Place : R/getAds_product----------------------------------------

tkOcp=0.0

------------------ Color = product --------------------
arrivCnt=2999297 deptCnt=2999297
arrivThrPut=33.32552397174115 deptThrPut=33.32552397174115
meanTkPop=0.0 tkColOcp=0.0
-----
meanST=0.0 stDevST=0.0

Steady State Statistics: numBatchesST=14996 batchSizeST=200 stDevStdStateMeanST=0.0
95% c.i. = 0.0 +/- 0.0



REPORT for Queue : Recommender----------------------------------------

totArrivThrPut=33.32552397174115 totDeptThrPut=33.32552397174115
meanTotTkPop=0.07688599836159526 queueUtil=0.03839534032361166
meanST=0.0023071204649862923



REPORT for Queue of Queueing Place : I/productImages_category----------------------------------------

queueUtilQPl=0.061552594758046676

------------------ Color = category --------------------
arrivCnt=2002934 deptCnt=2002934
arrivThrPut=22.254823390552982 deptThrPut=22.254823390552982
meanTkPop=0.1236739577170355 tkColOcp=0.11532524236245455
-----
meanST=0.005557175428744774 stDevST=0.005479476297055043

Steady State Statistics: numBatchesST=5007 batchSizeST=400 stDevStdStateMeanST=2.881212217749038E-4
95% c.i. = 0.005557189811096698 +/- 7.980581609431236E-6



REPORT for Depository of Queueing Place : I/productImages_category----------------------------------------

tkOcp=0.0

------------------ Color = category --------------------
arrivCnt=2002934 deptCnt=2002934
arrivThrPut=22.254823390552982 deptThrPut=22.254823390552982
meanTkPop=0.0 tkColOcp=0.0
-----
meanST=0.0 stDevST=0.0

Steady State Statistics: numBatchesST=10014 batchSizeST=200 stDevStdStateMeanST=0.0
95% c.i. = 0.0 +/- 0.0



REPORT for Queue : ImageProvider----------------------------------------

totArrivThrPut=99.99911636085145 totDeptThrPut=99.99911636085145
meanTotTkPop=0.4054247720311075 queueUtil=0.19103861883940962
meanST=0.004054283545547678



REPORT for Queue of Queueing Place : I/product_product----------------------------------------

queueUtilQPl=0.09885696391122974

------------------ Color = product --------------------
arrivCnt=2999297 deptCnt=2999297
arrivThrPut=33.32552397174115 deptThrPut=33.32552397174115
meanTkPop=0.19969284603880277 tkColOcp=0.1794036259115972
-----
meanST=0.005992189236338343 stDevST=0.005905981281911312

Steady State Statistics: numBatchesST=7498 batchSizeST=400 stDevStdStateMeanST=3.150150823544318E-4
95% c.i. = 0.005992206541330482 +/- 7.130282231908434E-6



REPORT for Depository of Queueing Place : I/product_product----------------------------------------

tkOcp=0.0

------------------ Color = product --------------------
arrivCnt=2999297 deptCnt=2999297
arrivThrPut=33.32552397174115 deptThrPut=33.32552397174115
meanTkPop=0.0 tkColOcp=0.0
-----
meanST=0.0 stDevST=0.0

Steady State Statistics: numBatchesST=14996 batchSizeST=200 stDevStdStateMeanST=0.0
95% c.i. = 0.0 +/- 0.0



REPORT for Queue : ImageProvider----------------------------------------

totArrivThrPut=99.99911636085145 totDeptThrPut=99.99911636085145
meanTotTkPop=0.4054247720311075 queueUtil=0.19103861883940962
meanST=0.004054283545547678



REPORT for Queue of Queueing Place : Workload----------------------------------------

queueUtilQPl=1.0

------------------ Color = workload --------------------
arrivCnt=8999915 deptCnt=8999914
arrivThrPut=99.99906080529296 deptThrPut=99.99904969418127
meanTkPop=1.0 tkColOcp=1.0
-----
meanST=0.010000094078427887 stDevST=0.0100009689970063

Steady State Statistics: numBatchesST=22499 batchSizeST=400 stDevStdStateMeanST=5.019708158871788E-4
95% c.i. = 0.0100000896851396 +/- 6.559110562492448E-6



REPORT for Depository of Queueing Place : Workload----------------------------------------

tkOcp=0.0

------------------ Color = workload --------------------
arrivCnt=8999914 deptCnt=8999915
arrivThrPut=99.99904969418127 deptThrPut=99.99906080529296
meanTkPop=0.0 tkColOcp=0.0
-----
meanST=0.0 stDevST=0.0

Steady State Statistics: numBatchesST=44999 batchSizeST=200 stDevStdStateMeanST=0.0
95% c.i. = 0.0 +/- 0.0



REPORT for Queue : Workload----------------------------------------

totArrivThrPut=99.99906080529296 totDeptThrPut=99.99904969418127
meanTotTkPop=1.0 queueUtil=1.0
meanST=0.010000094078427887



REPORT for Queue of Queueing Place : I/icon_index----------------------------------------

queueUtilQPl=0.009392630502828308

------------------ Color = index --------------------
arrivCnt=999227 deptCnt=999227
arrivThrPut=11.102522805080989 deptThrPut=11.102522805080989
meanTkPop=0.018813994065003243 tkColOcp=0.01826198351335269
-----
meanST=0.0016945692790104566 stDevST=0.0019603141393382756

Steady State Statistics: numBatchesST=2498 batchSizeST=400 stDevStdStateMeanST=1.0694951187386645E-4
95% c.i. = 0.0016945793192871125 +/- 4.194021773103601E-6



REPORT for Depository of Queueing Place : I/icon_index----------------------------------------

tkOcp=0.0

------------------ Color = index --------------------
arrivCnt=999227 deptCnt=999227
arrivThrPut=11.102522805080989 deptThrPut=11.102522805080989
meanTkPop=0.0 tkColOcp=0.0
-----
meanST=0.0 stDevST=0.0

Steady State Statistics: numBatchesST=4996 batchSizeST=200 stDevStdStateMeanST=0.0
95% c.i. = 0.0 +/- 0.0



REPORT for Queue : ImageProvider----------------------------------------

totArrivThrPut=99.99911636085145 totDeptThrPut=99.99911636085145
meanTotTkPop=0.4054247720311075 queueUtil=0.19103861883940962
meanST=0.004054283545547678



REPORT for Queue of Queueing Place : P/categories_login----------------------------------------

queueUtilQPl=0.020820327410549958

------------------ Color = login --------------------
arrivCnt=1000624 deptCnt=1000624
arrivThrPut=11.118045028118095 deptThrPut=11.118045028118095
meanTkPop=0.04193645595409012 tkColOcp=0.03884657297797952
-----
meanST=0.003771927155181573 stDevST=0.005526518317884817

Steady State Statistics: numBatchesST=2501 batchSizeST=400 stDevStdStateMeanST=3.496889135820668E-4
95% c.i. = 0.0037718836292313504 +/- 1.3704812839749307E-5



REPORT for Depository of Queueing Place : P/categories_login----------------------------------------

tkOcp=0.0

------------------ Color = login --------------------
arrivCnt=1000624 deptCnt=1000624
arrivThrPut=11.118045028118095 deptThrPut=11.118045028118095
meanTkPop=0.0 tkColOcp=0.0
-----
meanST=0.0 stDevST=0.0

Steady State Statistics: numBatchesST=5003 batchSizeST=200 stDevStdStateMeanST=0.0
95% c.i. = 0.0 +/- 0.0



REPORT for Queue : Persistence----------------------------------------

totArrivThrPut=99.99911636085142 totDeptThrPut=99.99911636085142
meanTotTkPop=0.8705504522577511 queueUtil=0.35844088654689954
meanST=0.008705580610900699



REPORT for Queue of Queueing Place : I/icon_login----------------------------------------

queueUtilQPl=0.009381188293050425

------------------ Color = login --------------------
arrivCnt=1000624 deptCnt=1000624
arrivThrPut=11.118045028118095 deptThrPut=11.118045028118095
meanTkPop=0.018791756151771866 tkColOcp=0.018257207963882312
-----
meanST=0.001690203278026539 stDevST=0.0019510056350660544

Steady State Statistics: numBatchesST=2501 batchSizeST=400 stDevStdStateMeanST=1.071951654566062E-4
95% c.i. = 0.001690208497723225 +/- 4.201133129615144E-6



REPORT for Depository of Queueing Place : I/icon_login----------------------------------------

tkOcp=0.0

------------------ Color = login --------------------
arrivCnt=1000624 deptCnt=1000624
arrivThrPut=11.118045028118095 deptThrPut=11.118045028118095
meanTkPop=0.0 tkColOcp=0.0
-----
meanST=0.0 stDevST=0.0

Steady State Statistics: numBatchesST=5003 batchSizeST=200 stDevStdStateMeanST=0.0
95% c.i. = 0.0 +/- 0.0



REPORT for Queue : ImageProvider----------------------------------------

totArrivThrPut=99.99911636085145 totDeptThrPut=99.99911636085145
meanTotTkPop=0.4054247720311075 queueUtil=0.19103861883940962
meanST=0.004054283545547678



REPORT for Queue of Queueing Place : A/isLoggedIn_login----------------------------------------

queueUtilQPl=0.009162349536307063

------------------ Color = login --------------------
arrivCnt=1000624 deptCnt=1000624
arrivThrPut=11.118045028118095 deptThrPut=11.118045028118095
meanTkPop=0.01841911135081151 tkColOcp=0.017566657630722786
-----
meanST=0.0016566861623809447 stDevST=0.0030952447308110298

Steady State Statistics: numBatchesST=2501 batchSizeST=400 stDevStdStateMeanST=1.9658191883589895E-4
95% c.i. = 0.0016566109882617662 +/- 7.704328906877153E-6



REPORT for Depository of Queueing Place : A/isLoggedIn_login----------------------------------------

tkOcp=0.0

------------------ Color = login --------------------
arrivCnt=1000624 deptCnt=1000624
arrivThrPut=11.118045028118095 deptThrPut=11.118045028118095
meanTkPop=0.0 tkColOcp=0.0
-----
meanST=0.0 stDevST=0.0

Steady State Statistics: numBatchesST=5003 batchSizeST=200 stDevStdStateMeanST=0.0
95% c.i. = 0.0 +/- 0.0



REPORT for Queue : Auth----------------------------------------

totArrivThrPut=99.99910524973974 totDeptThrPut=99.99911636085143
meanTotTkPop=0.42071188597803166 queueUtil=0.1902261058133357
meanST=0.004207159047983143



REPORT for Queue of Queueing Place : A/isLoggedIn_category----------------------------------------

queueUtilQPl=0.025137913046629903

------------------ Color = category --------------------
arrivCnt=2002934 deptCnt=2002934
arrivThrPut=22.254823390552982 deptThrPut=22.254823390552982
meanTkPop=0.050661821607718774 tkColOcp=0.047793145870188555
-----
meanST=0.0022764423117922544 stDevST=0.0032812587324800766

Steady State Statistics: numBatchesST=5007 batchSizeST=400 stDevStdStateMeanST=2.20646754731487E-4
95% c.i. = 0.0022764432169684783 +/- 6.11162698166848E-6



REPORT for Depository of Queueing Place : A/isLoggedIn_category----------------------------------------

tkOcp=0.0

------------------ Color = category --------------------
arrivCnt=2002934 deptCnt=2002934
arrivThrPut=22.254823390552982 deptThrPut=22.254823390552982
meanTkPop=0.0 tkColOcp=0.0
-----
meanST=0.0 stDevST=0.0

Steady State Statistics: numBatchesST=10014 batchSizeST=200 stDevStdStateMeanST=0.0
95% c.i. = 0.0 +/- 0.0



REPORT for Queue : Auth----------------------------------------

totArrivThrPut=99.99910524973974 totDeptThrPut=99.99911636085143
meanTotTkPop=0.42071188597803166 queueUtil=0.1902261058133357
meanST=0.004207159047983143



REPORT for Queue of Queueing Place : I/icon_logout----------------------------------------

queueUtilQPl=0.010276510015043096

------------------ Color = logout --------------------
arrivCnt=999190 deptCnt=999190
arrivThrPut=11.102111693948295 deptThrPut=11.102111693948295
meanTkPop=0.020578246253527787 tkColOcp=0.020030243738522396
-----
meanST=0.001853543435772213 stDevST=0.002056769564827044

Steady State Statistics: numBatchesST=1248 batchSizeST=800 stDevStdStateMeanST=7.776694643740528E-5
95% c.i. = 0.0018535575514938513 +/- 4.314553363477351E-6



REPORT for Depository of Queueing Place : I/icon_logout----------------------------------------

tkOcp=0.0

------------------ Color = logout --------------------
arrivCnt=999190 deptCnt=999189
arrivThrPut=11.102111693948295 deptThrPut=11.1021005828366
meanTkPop=0.0 tkColOcp=0.0
-----
meanST=0.0 stDevST=0.0

Steady State Statistics: numBatchesST=4995 batchSizeST=200 stDevStdStateMeanST=0.0
95% c.i. = 0.0 +/- 0.0



REPORT for Queue : ImageProvider----------------------------------------

totArrivThrPut=99.99911636085145 totDeptThrPut=99.99911636085145
meanTotTkPop=0.4054247720311075 queueUtil=0.19103861883940962
meanST=0.004054283545547678



REPORT for Queue of Queueing Place : I/icon_loginAction----------------------------------------

queueUtilQPl=0.011926837824096223

------------------ Color = loginAction --------------------
arrivCnt=998648 deptCnt=998648
arrivThrPut=11.096089471409918 deptThrPut=11.096089471409918
meanTkPop=0.023873971804966386 tkColOcp=0.023341067672292267
-----
meanST=0.00215156626724035 stDevST=0.0022719395137755774

Steady State Statistics: numBatchesST=2496 batchSizeST=400 stDevStdStateMeanST=1.2419018927026286E-4
95% c.i. = 0.0021516135226973087 +/- 4.872065176509119E-6



REPORT for Depository of Queueing Place : I/icon_loginAction----------------------------------------

tkOcp=0.0

------------------ Color = loginAction --------------------
arrivCnt=998648 deptCnt=998648
arrivThrPut=11.096089471409918 deptThrPut=11.096089471409918
meanTkPop=0.0 tkColOcp=0.0
-----
meanST=0.0 stDevST=0.0

Steady State Statistics: numBatchesST=4993 batchSizeST=200 stDevStdStateMeanST=0.0
95% c.i. = 0.0 +/- 0.0



REPORT for Queue : ImageProvider----------------------------------------

totArrivThrPut=99.99911636085145 totDeptThrPut=99.99911636085145
meanTotTkPop=0.4054247720311075 queueUtil=0.19103861883940962
meanST=0.004054283545547678



REPORT for Queue of Queueing Place : A/isLoggedIn_product----------------------------------------

queueUtilQPl=0.040515058152595124

------------------ Color = product --------------------
arrivCnt=2999297 deptCnt=2999297
arrivThrPut=33.32552397174115 deptThrPut=33.32552397174115
meanTkPop=0.08202523436162873 tkColOcp=0.07571758755815504
-----
meanST=0.002461333674188685 stDevST=0.0033828688244914485

Steady State Statistics: numBatchesST=7498 batchSizeST=400 stDevStdStateMeanST=2.4219237317864005E-4
95% c.i. = 0.0024613481267314542 +/- 5.481959664510327E-6



REPORT for Depository of Queueing Place : A/isLoggedIn_product----------------------------------------

tkOcp=0.0

------------------ Color = product --------------------
arrivCnt=2999297 deptCnt=2999297
arrivThrPut=33.32552397174115 deptThrPut=33.32552397174115
meanTkPop=0.0 tkColOcp=0.0
-----
meanST=0.0 stDevST=0.0

Steady State Statistics: numBatchesST=14996 batchSizeST=200 stDevStdStateMeanST=0.0
95% c.i. = 0.0 +/- 0.0



REPORT for Queue : Auth----------------------------------------

totArrivThrPut=99.99910524973974 totDeptThrPut=99.99911636085143
meanTotTkPop=0.42071188597803166 queueUtil=0.1902261058133357
meanST=0.004207159047983143



REPORT for Queue of Queueing Place : P/category_logout----------------------------------------

queueUtilQPl=0.020164226127601718

------------------ Color = logout --------------------
arrivCnt=999190 deptCnt=999190
arrivThrPut=11.102111693948295 deptThrPut=11.102111693948295
meanTkPop=0.040582972818567556 tkColOcp=0.03791762102933263
-----
meanST=0.0036554282588139634 stDevST=0.0053298624892034975

Steady State Statistics: numBatchesST=2497 batchSizeST=400 stDevStdStateMeanST=3.342745895435706E-4
95% c.i. = 0.0036554572304582037 +/- 1.3111192205801305E-5



REPORT for Depository of Queueing Place : P/category_logout----------------------------------------

tkOcp=0.0

------------------ Color = logout --------------------
arrivCnt=999190 deptCnt=999190
arrivThrPut=11.102111693948295 deptThrPut=11.102111693948295
meanTkPop=0.0 tkColOcp=0.0
-----
meanST=0.0 stDevST=0.0

Steady State Statistics: numBatchesST=4995 batchSizeST=200 stDevStdStateMeanST=0.0
95% c.i. = 0.0 +/- 0.0



REPORT for Queue : Persistence----------------------------------------

totArrivThrPut=99.99911636085142 totDeptThrPut=99.99911636085142
meanTotTkPop=0.8705504522577511 queueUtil=0.35844088654689954
meanST=0.008705580610900699



REPORT for Ordinary Place : Finish_index----------------------------------------

tkOcp=1.0

------------------ Color = index --------------------
arrivCnt=999227 deptCnt=0
arrivThrPut=11.102522805080989 deptThrPut=0.0
meanTkPop=610839.9479064109 tkColOcp=1.0
-----
meanST=NaN stDevST=NaN

Steady State Statistics: Only 0 batches collected!
Need at least 60 for steady state statistics.



REPORT for Ordinary Place : Finish_login----------------------------------------

tkOcp=1.0000000000000002

------------------ Color = login --------------------
arrivCnt=1000624 deptCnt=0
arrivThrPut=11.118045028118095 deptThrPut=0.0
meanTkPop=611677.8266138881 tkColOcp=1.0000000000000002
-----
meanST=NaN stDevST=NaN

Steady State Statistics: Only 0 batches collected!
Need at least 60 for steady state statistics.



REPORT for Ordinary Place : Finish_loginAction----------------------------------------

tkOcp=1.0

------------------ Color = loginAction --------------------
arrivCnt=998648 deptCnt=0
arrivThrPut=11.096089471409918 deptThrPut=0.0
meanTkPop=611103.4467314428 tkColOcp=1.0
-----
meanST=NaN stDevST=NaN

Steady State Statistics: Only 0 batches collected!
Need at least 60 for steady state statistics.



REPORT for Ordinary Place : Finish_category----------------------------------------

tkOcp=1.0

------------------ Color = category --------------------
arrivCnt=2002934 deptCnt=0
arrivThrPut=22.254823390552982 deptThrPut=0.0
meanTkPop=1224390.1837831757 tkColOcp=1.0
-----
meanST=NaN stDevST=NaN

Steady State Statistics: Only 0 batches collected!
Need at least 60 for steady state statistics.



REPORT for Ordinary Place : Finish_product----------------------------------------

tkOcp=1.0

------------------ Color = product --------------------
arrivCnt=2999297 deptCnt=0
arrivThrPut=33.32552397174115 deptThrPut=0.0
meanTkPop=1834205.946724921 tkColOcp=1.0
-----
meanST=NaN stDevST=NaN

Steady State Statistics: Only 0 batches collected!
Need at least 60 for steady state statistics.



REPORT for Ordinary Place : Finish_logout----------------------------------------

tkOcp=1.0

------------------ Color = logout --------------------
arrivCnt=999189 deptCnt=0
arrivThrPut=11.1021005828366 deptThrPut=0.0
meanTkPop=611229.5006403165 tkColOcp=1.0
-----
meanST=NaN stDevST=NaN

Steady State Statistics: Only 0 batches collected!
Need at least 60 for steady state statistics.



REPORT REPORT for Probe : /index----------------------------------------


------------------ Color = index --------------------
-----
meanST=0.018131255321526308 stDevST=0.016364196525504457

Steady State Statistics: numBatchesST=2498 batchSizeST=400 stDevStdStateMeanST=0.0013318884238963506
95% c.i. = 0.018131341919756874 +/- 5.222996301052672E-5
-----
Histogram Data
   10% percentile=100.0
   20% percentile=100.0
   30% percentile=100.0
   40% percentile=100.0
   50% percentile=100.0
   60% percentile=100.0
   70% percentile=100.0
   80% percentile=100.0
   90% percentile=100.0
   histogramMean=50.0
Token sojourn times dumped in C:\Users\lliao\Downloads\qpme_models



REPORT REPORT for Probe : /login----------------------------------------


------------------ Color = login --------------------
-----
meanST=0.01817584057674167 stDevST=0.016342106790710655

Steady State Statistics: numBatchesST=2501 batchSizeST=400 stDevStdStateMeanST=0.001336792717404786
95% c.i. = 0.01817544962511385 +/- 5.2390834498883615E-5
-----
Histogram Data
   10% percentile=100.0
   20% percentile=100.0
   30% percentile=100.0
   40% percentile=100.0
   50% percentile=100.0
   60% percentile=100.0
   70% percentile=100.0
   80% percentile=100.0
   90% percentile=100.0
   histogramMean=50.0
Token sojourn times dumped in C:\Users\lliao\Downloads\qpme_models



REPORT REPORT for Probe : /loginAction----------------------------------------


------------------ Color = loginAction --------------------
-----
meanST=0.04053925053984883 stDevST=0.026041302090494912

Steady State Statistics: numBatchesST=2496 batchSizeST=400 stDevStdStateMeanST=0.0016923309061162449
95% c.i. = 0.0405385646209357 +/- 6.63912868099104E-5
-----
Histogram Data
   10% percentile=100.0
   20% percentile=100.0
   30% percentile=100.0
   40% percentile=100.0
   50% percentile=100.0
   60% percentile=100.0
   70% percentile=100.0
   80% percentile=100.0
   90% percentile=100.0
   histogramMean=50.0
Token sojourn times dumped in C:\Users\lliao\Downloads\qpme_models



REPORT REPORT for Probe : /logout----------------------------------------


------------------ Color = logout --------------------
-----
meanST=0.021955839062448766 stDevST=0.01712944713163045

Steady State Statistics: numBatchesST=1248 batchSizeST=800 stDevStdStateMeanST=9.461382384495435E-4
95% c.i. = 0.02195534993500235 +/- 5.24922747520086E-5
-----
Histogram Data
   10% percentile=100.0
   20% percentile=100.0
   30% percentile=100.0
   40% percentile=100.0
   50% percentile=100.0
   60% percentile=100.0
   70% percentile=100.0
   80% percentile=100.0
   90% percentile=100.0
   histogramMean=50.0
Token sojourn times dumped in C:\Users\lliao\Downloads\qpme_models



REPORT REPORT for Probe : /category----------------------------------------


------------------ Color = category --------------------
-----
meanST=0.04016115839434129 stDevST=0.023335132684414363

Steady State Statistics: numBatchesST=5007 batchSizeST=400 stDevStdStateMeanST=0.0020098014875195047
95% c.i. = 0.04016090534142041 +/- 5.5668876770335767E-5
-----
Histogram Data
   10% percentile=100.0
   20% percentile=100.0
   30% percentile=100.0
   40% percentile=100.0
   50% percentile=100.0
   60% percentile=100.0
   70% percentile=100.0
   80% percentile=100.0
   90% percentile=100.0
   histogramMean=50.0
Token sojourn times dumped in C:\Users\lliao\Downloads\qpme_models



REPORT REPORT for Probe : /product----------------------------------------


------------------ Color = product --------------------
-----
meanST=0.047678076063057635 stDevST=0.026593301199820816

Steady State Statistics: numBatchesST=7498 batchSizeST=400 stDevStdStateMeanST=0.0025958964887343597
95% c.i. = 0.04767798538278971 +/- 5.875742352129857E-5
-----
Histogram Data
   10% percentile=100.0
   20% percentile=100.0
   30% percentile=100.0
   40% percentile=100.0
   50% percentile=100.0
   60% percentile=100.0
   70% percentile=100.0
   80% percentile=100.0
   90% percentile=100.0
   histogramMean=50.0
Token sojourn times dumped in C:\Users\lliao\Downloads\qpme_models



