INFO Logging to C:\Users\Admin\Downloads\qpme_models\SimQPN_Output_new configuration_2026-03-21_173840597.log
WARN Batch means correlation test was run for depository of place Workload, color 0
    However, the standard deviation of the token residence time is 0 and therefore the result of the test is ignored!
    In future runs, you should set numBMeansCorlTested to 0 to switch off the correlation test!
WARN Batch means correlation test was run for depository of place W/logout, color 0
    However, the standard deviation of the token residence time is 0 and therefore the result of the test is ignored!
    In future runs, you should set numBMeansCorlTested to 0 to switch off the correlation test!
WARN Batch means correlation test was run for depository of place A/logout_logout, color 0
    However, the standard deviation of the token residence time is 0 and therefore the result of the test is ignored!
    In future runs, you should set numBMeansCorlTested to 0 to switch off the correlation test!
WARN Batch means correlation test was run for depository of place P/category_logout, color 0
    However, the standard deviation of the token residence time is 0 and therefore the result of the test is ignored!
    In future runs, you should set numBMeansCorlTested to 0 to switch off the correlation test!
WARN Batch means correlation test was run for depository of place I/icon_logout, color 0
    However, the standard deviation of the token residence time is 0 and therefore the result of the test is ignored!
    In future runs, you should set numBMeansCorlTested to 0 to switch off the correlation test!
WARN Batch means correlation test was run for depository of place W/product, color 0
    However, the standard deviation of the token residence time is 0 and therefore the result of the test is ignored!
    In future runs, you should set numBMeansCorlTested to 0 to switch off the correlation test!
WARN Batch means correlation test was run for depository of place P/getProduct_product, color 0
    However, the standard deviation of the token residence time is 0 and therefore the result of the test is ignored!
    In future runs, you should set numBMeansCorlTested to 0 to switch off the correlation test!
WARN Batch means correlation test was run for depository of place R/getAds_product, color 0
    However, the standard deviation of the token residence time is 0 and therefore the result of the test is ignored!
    In future runs, you should set numBMeansCorlTested to 0 to switch off the correlation test!
WARN Batch means correlation test was run for depository of place I/product_product, color 0
    However, the standard deviation of the token residence time is 0 and therefore the result of the test is ignored!
    In future runs, you should set numBMeansCorlTested to 0 to switch off the correlation test!
WARN Batch means correlation test was run for depository of place A/isLoggedIn_product, color 0
    However, the standard deviation of the token residence time is 0 and therefore the result of the test is ignored!
    In future runs, you should set numBMeansCorlTested to 0 to switch off the correlation test!
WARN Batch means correlation test was run for depository of place W/loginAction, color 0
    However, the standard deviation of the token residence time is 0 and therefore the result of the test is ignored!
    In future runs, you should set numBMeansCorlTested to 0 to switch off the correlation test!
WARN Batch means correlation test was run for depository of place A/login_loginAction, color 0
    However, the standard deviation of the token residence time is 0 and therefore the result of the test is ignored!
    In future runs, you should set numBMeansCorlTested to 0 to switch off the correlation test!
WARN Batch means correlation test was run for depository of place P/getUser_loginAction, color 0
    However, the standard deviation of the token residence time is 0 and therefore the result of the test is ignored!
    In future runs, you should set numBMeansCorlTested to 0 to switch off the correlation test!
WARN Batch means correlation test was run for depository of place I/icon_loginAction, color 0
    However, the standard deviation of the token residence time is 0 and therefore the result of the test is ignored!
    In future runs, you should set numBMeansCorlTested to 0 to switch off the correlation test!
WARN Batch means correlation test was run for depository of place I/productImages_category, color 0
    However, the standard deviation of the token residence time is 0 and therefore the result of the test is ignored!
    In future runs, you should set numBMeansCorlTested to 0 to switch off the correlation test!
WARN Batch means correlation test was run for depository of place A/isLoggedIn_category, color 0
    However, the standard deviation of the token residence time is 0 and therefore the result of the test is ignored!
    In future runs, you should set numBMeansCorlTested to 0 to switch off the correlation test!
WARN Batch means correlation test was run for depository of place W/category, color 0
    However, the standard deviation of the token residence time is 0 and therefore the result of the test is ignored!
    In future runs, you should set numBMeansCorlTested to 0 to switch off the correlation test!
WARN Batch means correlation test was run for depository of place P/category_category, color 0
    However, the standard deviation of the token residence time is 0 and therefore the result of the test is ignored!
    In future runs, you should set numBMeansCorlTested to 0 to switch off the correlation test!
WARN Batch means correlation test was run for depository of place W/login, color 0
    However, the standard deviation of the token residence time is 0 and therefore the result of the test is ignored!
    In future runs, you should set numBMeansCorlTested to 0 to switch off the correlation test!
WARN Batch means correlation test was run for depository of place P/categories_login, color 0
    However, the standard deviation of the token residence time is 0 and therefore the result of the test is ignored!
    In future runs, you should set numBMeansCorlTested to 0 to switch off the correlation test!
WARN Batch means correlation test was run for depository of place I/icon_login, color 0
    However, the standard deviation of the token residence time is 0 and therefore the result of the test is ignored!
    In future runs, you should set numBMeansCorlTested to 0 to switch off the correlation test!
WARN Batch means correlation test was run for depository of place A/isLoggedIn_login, color 0
    However, the standard deviation of the token residence time is 0 and therefore the result of the test is ignored!
    In future runs, you should set numBMeansCorlTested to 0 to switch off the correlation test!
WARN Batch means correlation test was run for depository of place W/index, color 0
    However, the standard deviation of the token residence time is 0 and therefore the result of the test is ignored!
    In future runs, you should set numBMeansCorlTested to 0 to switch off the correlation test!
WARN Batch means correlation test was run for depository of place P/categories_index, color 0
    However, the standard deviation of the token residence time is 0 and therefore the result of the test is ignored!
    In future runs, you should set numBMeansCorlTested to 0 to switch off the correlation test!
WARN Batch means correlation test was run for depository of place A/isLoggedIn_index, color 0
    However, the standard deviation of the token residence time is 0 and therefore the result of the test is ignored!
    In future runs, you should set numBMeansCorlTested to 0 to switch off the correlation test!
WARN Batch means correlation test was run for depository of place I/icon_index, color 0
    However, the standard deviation of the token residence time is 0 and therefore the result of the test is ignored!
    In future runs, you should set numBMeansCorlTested to 0 to switch off the correlation test!
WARN The simulation was stopped because of reaching max totalRunLen.
The required precision may not have been reached!
REPORT for Queue of Queueing Place : W/index----------------------------------------

queueUtilQPl=0.020530646512631007

------------------ Color = index --------------------
arrivCnt=750964 deptCnt=750964
arrivThrPut=8.344043757838856 deptThrPut=8.344043757838856
meanTkPop=0.04111041930686061 tkColOcp=0.039872011811249324
-----
meanST=0.004926917990840977 stDevST=0.005259659185137758

Steady State Statistics: numBatchesST=1877 batchSizeST=400 stDevStdStateMeanST=2.816031020400283E-4
95% c.i. = 0.0049269045439676905 +/- 1.2739529512742094E-5



REPORT for Depository of Queueing Place : W/index----------------------------------------

tkOcp=0.0

------------------ Color = index --------------------
arrivCnt=750964 deptCnt=750964
arrivThrPut=8.344043757838856 deptThrPut=8.344043757838856
meanTkPop=0.0 tkColOcp=0.0
-----
meanST=0.0 stDevST=0.0

Steady State Statistics: numBatchesST=3754 batchSizeST=200 stDevStdStateMeanST=0.0
95% c.i. = 0.0 +/- 0.0



REPORT for Queue : WebUI----------------------------------------

totArrivThrPut=50.02217366160762 totDeptThrPut=50.02217366160762
meanTotTkPop=0.4745774272082839 queueUtil=0.22313833901985383
meanST=0.009487341162315897



REPORT for Queue of Queueing Place : P/categories_index----------------------------------------

queueUtilQPl=0.00826769144335283

------------------ Color = index --------------------
arrivCnt=750964 deptCnt=750964
arrivThrPut=8.344043757838856 deptThrPut=8.344043757838856
meanTkPop=0.01653884936662557 tkColOcp=0.016345374253724308
-----
meanST=0.0019821144095856476 stDevST=0.0020615117040037297

Steady State Statistics: numBatchesST=469 batchSizeST=1600 stDevStdStateMeanST=5.126196227075359E-5
95% c.i. = 0.0019822663857479938 +/- 4.639347422104898E-6



REPORT for Depository of Queueing Place : P/categories_index----------------------------------------

tkOcp=0.0

------------------ Color = index --------------------
arrivCnt=750964 deptCnt=750964
arrivThrPut=8.344043757838856 deptThrPut=8.344043757838856
meanTkPop=0.0 tkColOcp=0.0
-----
meanST=0.0 stDevST=0.0

Steady State Statistics: numBatchesST=3754 batchSizeST=200 stDevStdStateMeanST=0.0
95% c.i. = 0.0 +/- 0.0



REPORT for Queue : Persistence----------------------------------------

totArrivThrPut=50.022118106056624 totDeptThrPut=50.022118106056624
meanTotTkPop=0.21383779395995214 queueUtil=0.1046247203158519
meanST=0.004274864840920459



REPORT for Queue of Queueing Place : A/isLoggedIn_index----------------------------------------

queueUtilQPl=0.6361476868508057

------------------ Color = index --------------------
arrivCnt=750964 deptCnt=750962
arrivThrPut=8.344043757838856 deptThrPut=8.344021535618461
meanTkPop=4.758872987522228 tkColOcp=0.685710810909756
-----
meanST=0.5703331814499069 stDevST=0.6923866560614762

Steady State Statistics: numBatchesST=1877 batchSizeST=400 stDevStdStateMeanST=0.38060373966012656
95% c.i. = 0.5703495345209281 +/- 0.01721824986633483



REPORT for Depository of Queueing Place : A/isLoggedIn_index----------------------------------------

tkOcp=0.0

------------------ Color = index --------------------
arrivCnt=750962 deptCnt=750962
arrivThrPut=8.344021535618461 deptThrPut=8.344021535618461
meanTkPop=0.0 tkColOcp=0.0
-----
meanST=0.0 stDevST=0.0

Steady State Statistics: numBatchesST=3754 batchSizeST=200 stDevStdStateMeanST=0.0
95% c.i. = 0.0 +/- 0.0



REPORT for Queue : Auth----------------------------------------

totArrivThrPut=50.02217366160761 totDeptThrPut=50.02204032828525
meanTotTkPop=30.21388312654451 queueUtil=0.8657553295946344
meanST=0.6040108826369842



REPORT for Queue of Queueing Place : W/login----------------------------------------

queueUtilQPl=0.020591007574363333

------------------ Color = login --------------------
arrivCnt=749594 deptCnt=749594
arrivThrPut=8.328821536869222 deptThrPut=8.328821536869222
meanTkPop=0.04123346899271984 tkColOcp=0.039989069130230794
-----
meanST=0.004950696663410484 stDevST=0.005276708881299401

Steady State Statistics: numBatchesST=1873 batchSizeST=400 stDevStdStateMeanST=2.865631385828203E-4
95% c.i. = 0.0049504811830227875 +/- 1.2977753696644722E-5



REPORT for Depository of Queueing Place : W/login----------------------------------------

tkOcp=0.0

------------------ Color = login --------------------
arrivCnt=749594 deptCnt=749594
arrivThrPut=8.328821536869222 deptThrPut=8.328821536869222
meanTkPop=0.0 tkColOcp=0.0
-----
meanST=0.0 stDevST=0.0

Steady State Statistics: numBatchesST=3747 batchSizeST=200 stDevStdStateMeanST=0.0
95% c.i. = 0.0 +/- 0.0



REPORT for Queue : WebUI----------------------------------------

totArrivThrPut=50.02217366160762 totDeptThrPut=50.02217366160762
meanTotTkPop=0.4745774272082839 queueUtil=0.22313833901985383
meanST=0.009487341162315897



REPORT for Queue of Queueing Place : W/loginAction----------------------------------------

queueUtilQPl=0.032272256068922395

------------------ Color = loginAction --------------------
arrivCnt=748389 deptCnt=748389
arrivThrPut=8.315432649082064 deptThrPut=8.315432649082064
meanTkPop=0.0646574877330533 tkColOcp=0.06202763531409899
-----
meanST=0.007775601157708949 stDevST=0.007782266694786559

Steady State Statistics: numBatchesST=1870 batchSizeST=400 stDevStdStateMeanST=4.165773585973846E-4
95% c.i. = 0.007775661301146467 +/- 1.8880911198829384E-5



REPORT for Depository of Queueing Place : W/loginAction----------------------------------------

tkOcp=0.0

------------------ Color = loginAction --------------------
arrivCnt=748389 deptCnt=748389
arrivThrPut=8.315432649082064 deptThrPut=8.315432649082064
meanTkPop=0.0 tkColOcp=0.0
-----
meanST=0.0 stDevST=0.0

Steady State Statistics: numBatchesST=3741 batchSizeST=200 stDevStdStateMeanST=0.0
95% c.i. = 0.0 +/- 0.0



REPORT for Queue : WebUI----------------------------------------

totArrivThrPut=50.02217366160762 totDeptThrPut=50.02217366160762
meanTotTkPop=0.4745774272082839 queueUtil=0.22313833901985383
meanST=0.009487341162315897



REPORT for Queue of Queueing Place : A/login_loginAction----------------------------------------

queueUtilQPl=0.8542607300838957

------------------ Color = loginAction --------------------
arrivCnt=748389 deptCnt=748384
arrivThrPut=8.315432649082064 deptThrPut=8.31537709353108
meanTkPop=6.392446087994039 tkColOcp=0.9203523930589075
-----
meanST=0.7687481020840143 stDevST=0.719863076467475

Steady State Statistics: numBatchesST=1870 batchSizeST=400 stDevStdStateMeanST=0.39998626900914175
95% c.i. = 0.7688358080718183 +/- 0.018128938287334237



REPORT for Depository of Queueing Place : A/login_loginAction----------------------------------------

tkOcp=0.0

------------------ Color = loginAction --------------------
arrivCnt=748384 deptCnt=748384
arrivThrPut=8.31537709353108 deptThrPut=8.31537709353108
meanTkPop=0.0 tkColOcp=0.0
-----
meanST=0.0 stDevST=0.0

Steady State Statistics: numBatchesST=3741 batchSizeST=200 stDevStdStateMeanST=0.0
95% c.i. = 0.0 +/- 0.0



REPORT for Queue : Auth----------------------------------------

totArrivThrPut=50.02217366160761 totDeptThrPut=50.02204032828525
meanTotTkPop=30.21388312654451 queueUtil=0.8657553295946344
meanST=0.6040108826369842



REPORT for Queue of Queueing Place : W/logout----------------------------------------

queueUtilQPl=0.03180226969521668

------------------ Color = logout --------------------
arrivCnt=750439 deptCnt=750439
arrivThrPut=8.33821042498553 deptThrPut=8.33821042498553
meanTkPop=0.06371832338832413 tkColOcp=0.06114206329007233
-----
meanST=0.007641726478548869 stDevST=0.007671791490806578

Steady State Statistics: numBatchesST=1876 batchSizeST=400 stDevStdStateMeanST=3.9535888324090777E-4
95% c.i. = 0.00764158588206815 +/- 1.7890528712909262E-5



REPORT for Depository of Queueing Place : W/logout----------------------------------------

tkOcp=0.0

------------------ Color = logout --------------------
arrivCnt=750439 deptCnt=750439
arrivThrPut=8.33821042498553 deptThrPut=8.33821042498553
meanTkPop=0.0 tkColOcp=0.0
-----
meanST=0.0 stDevST=0.0

Steady State Statistics: numBatchesST=3752 batchSizeST=200 stDevStdStateMeanST=0.0
95% c.i. = 0.0 +/- 0.0



REPORT for Queue : WebUI----------------------------------------

totArrivThrPut=50.02217366160762 totDeptThrPut=50.02217366160762
meanTotTkPop=0.4745774272082839 queueUtil=0.22313833901985383
meanST=0.009487341162315897



REPORT for Queue of Queueing Place : A/logout_logout----------------------------------------

queueUtilQPl=0.6379883139940333

------------------ Color = logout --------------------
arrivCnt=750439 deptCnt=750439
arrivThrPut=8.33821042498553 deptThrPut=8.33821042498553
meanTkPop=4.779174376195138 tkColOcp=0.6886508420165388
-----
meanST=0.5731654794743664 stDevST=0.6935578907740146

Steady State Statistics: numBatchesST=938 batchSizeST=800 stDevStdStateMeanST=0.28822146951464983
95% c.i. = 0.5731660433719777 +/- 0.018444759631326076



REPORT for Depository of Queueing Place : A/logout_logout----------------------------------------

tkOcp=0.0

------------------ Color = logout --------------------
arrivCnt=750439 deptCnt=750439
arrivThrPut=8.33821042498553 deptThrPut=8.33821042498553
meanTkPop=0.0 tkColOcp=0.0
-----
meanST=0.0 stDevST=0.0

Steady State Statistics: numBatchesST=3752 batchSizeST=200 stDevStdStateMeanST=0.0
95% c.i. = 0.0 +/- 0.0



REPORT for Queue : Auth----------------------------------------

totArrivThrPut=50.02217366160761 totDeptThrPut=50.02204032828525
meanTotTkPop=30.21388312654451 queueUtil=0.8657553295946344
meanST=0.6040108826369842



REPORT for Queue of Queueing Place : P/getUser_loginAction----------------------------------------

queueUtilQPl=0.013101199435579908

------------------ Color = loginAction --------------------
arrivCnt=748384 deptCnt=748384
arrivThrPut=8.31537709353108 deptThrPut=8.31537709353108
meanTkPop=0.026204654704237825 tkColOcp=0.025906568450079836
-----
meanST=0.003151348929758537 stDevST=0.00317074648983487

Steady State Statistics: numBatchesST=1870 batchSizeST=400 stDevStdStateMeanST=1.576585552373679E-4
95% c.i. = 0.0031513222356322115 +/- 7.1457008398035634E-6



REPORT for Depository of Queueing Place : P/getUser_loginAction----------------------------------------

tkOcp=0.0

------------------ Color = loginAction --------------------
arrivCnt=748384 deptCnt=748384
arrivThrPut=8.31537709353108 deptThrPut=8.31537709353108
meanTkPop=0.0 tkColOcp=0.0
-----
meanST=0.0 stDevST=0.0

Steady State Statistics: numBatchesST=3741 batchSizeST=200 stDevStdStateMeanST=0.0
95% c.i. = 0.0 +/- 0.0



REPORT for Queue : Persistence----------------------------------------

totArrivThrPut=50.022118106056624 totDeptThrPut=50.022118106056624
meanTotTkPop=0.21383779395995214 queueUtil=0.1046247203158519
meanST=0.004274864840920459



REPORT for Queue of Queueing Place : W/category----------------------------------------

queueUtilQPl=0.05241282640287086

------------------ Color = category --------------------
arrivCnt=751688 deptCnt=751688
arrivThrPut=8.352088201621347 deptThrPut=8.352088201621347
meanTkPop=0.10519667418827477 tkColOcp=0.09890647229006196
-----
meanST=0.012595254222513298 stDevST=0.012384148530187421

Steady State Statistics: numBatchesST=1879 batchSizeST=400 stDevStdStateMeanST=6.573124631554731E-4
95% c.i. = 0.012595111754449564 +/- 2.9720531235173063E-5



REPORT for Depository of Queueing Place : W/category----------------------------------------

tkOcp=0.0

------------------ Color = category --------------------
arrivCnt=751688 deptCnt=751688
arrivThrPut=8.352088201621347 deptThrPut=8.352088201621347
meanTkPop=0.0 tkColOcp=0.0
-----
meanST=0.0 stDevST=0.0

Steady State Statistics: numBatchesST=3758 batchSizeST=200 stDevStdStateMeanST=0.0
95% c.i. = 0.0 +/- 0.0



REPORT for Queue : WebUI----------------------------------------

totArrivThrPut=50.02217366160762 totDeptThrPut=50.02217366160762
meanTotTkPop=0.4745774272082839 queueUtil=0.22313833901985383
meanST=0.009487341162315897



REPORT for Queue of Queueing Place : W/product----------------------------------------

queueUtilQPl=0.07878804093147443

------------------ Color = product --------------------
arrivCnt=750922 deptCnt=750922
arrivThrPut=8.343577091210589 deptThrPut=8.343577091210589
meanTkPop=0.15866105359905125 tkColOcp=0.14526155484618739
-----
meanST=0.01901595105607525 stDevST=0.01872053051654343

Steady State Statistics: numBatchesST=1877 batchSizeST=400 stDevStdStateMeanST=9.722219803329584E-4
95% c.i. = 0.01901530313915608 +/- 4.398264977076757E-5



REPORT for Depository of Queueing Place : W/product----------------------------------------

tkOcp=0.0

------------------ Color = product --------------------
arrivCnt=750922 deptCnt=750922
arrivThrPut=8.343577091210589 deptThrPut=8.343577091210589
meanTkPop=0.0 tkColOcp=0.0
-----
meanST=0.0 stDevST=0.0

Steady State Statistics: numBatchesST=3754 batchSizeST=200 stDevStdStateMeanST=0.0
95% c.i. = 0.0 +/- 0.0



REPORT for Queue : WebUI----------------------------------------

totArrivThrPut=50.02217366160762 totDeptThrPut=50.02217366160762
meanTotTkPop=0.4745774272082839 queueUtil=0.22313833901985383
meanST=0.009487341162315897



REPORT for Queue of Queueing Place : P/category_category----------------------------------------

queueUtilQPl=0.02431174307433304

------------------ Color = category --------------------
arrivCnt=751688 deptCnt=751688
arrivThrPut=8.352088201621347 deptThrPut=8.352088201621347
meanTkPop=0.048654549816993777 tkColOcp=0.04738604345537219
-----
meanST=0.005825435345324624 stDevST=0.005808668793035419

Steady State Statistics: numBatchesST=1879 batchSizeST=400 stDevStdStateMeanST=2.8925167175029474E-4
95% c.i. = 0.005825428350043849 +/- 1.3078579559881695E-5



REPORT for Depository of Queueing Place : P/category_category----------------------------------------

tkOcp=0.0

------------------ Color = category --------------------
arrivCnt=751688 deptCnt=751688
arrivThrPut=8.352088201621347 deptThrPut=8.352088201621347
meanTkPop=0.0 tkColOcp=0.0
-----
meanST=0.0 stDevST=0.0

Steady State Statistics: numBatchesST=3758 batchSizeST=200 stDevStdStateMeanST=0.0
95% c.i. = 0.0 +/- 0.0



REPORT for Queue : Persistence----------------------------------------

totArrivThrPut=50.022118106056624 totDeptThrPut=50.022118106056624
meanTotTkPop=0.21383779395995214 queueUtil=0.1046247203158519
meanST=0.004274864840920459



REPORT for Queue of Queueing Place : P/getProduct_product----------------------------------------

queueUtilQPl=0.04380749093236446

------------------ Color = product --------------------
arrivCnt=750922 deptCnt=750922
arrivThrPut=8.343577091210589 deptThrPut=8.343577091210589
meanTkPop=0.08777836475895298 tkColOcp=0.08387514524855594
-----
meanST=0.010520471471573232 stDevST=0.010484301457705444

Steady State Statistics: numBatchesST=1877 batchSizeST=400 stDevStdStateMeanST=5.358980328951919E-4
95% c.i. = 0.010520414417207335 +/- 2.4243656253894178E-5



REPORT for Depository of Queueing Place : P/getProduct_product----------------------------------------

tkOcp=0.0

------------------ Color = product --------------------
arrivCnt=750922 deptCnt=750922
arrivThrPut=8.343577091210589 deptThrPut=8.343577091210589
meanTkPop=0.0 tkColOcp=0.0
-----
meanST=0.0 stDevST=0.0

Steady State Statistics: numBatchesST=3754 batchSizeST=200 stDevStdStateMeanST=0.0
95% c.i. = 0.0 +/- 0.0



REPORT for Queue : Persistence----------------------------------------

totArrivThrPut=50.022118106056624 totDeptThrPut=50.022118106056624
meanTotTkPop=0.21383779395995214 queueUtil=0.1046247203158519
meanST=0.004274864840920459



REPORT for Queue of Queueing Place : R/getAds_product----------------------------------------

queueUtilQPl=0.009629446564313525

------------------ Color = product --------------------
arrivCnt=750922 deptCnt=750922
arrivThrPut=8.343577091210589 deptThrPut=8.343577091210589
meanTkPop=0.01926048343334011 tkColOcp=0.019078653574675076
-----
meanST=0.002308420384061623 stDevST=0.0023133262458745604

Steady State Statistics: numBatchesST=938 batchSizeST=800 stDevStdStateMeanST=8.447000329908687E-5
95% c.i. = 0.0023083200097575502 +/- 5.4056656831728E-6



REPORT for Depository of Queueing Place : R/getAds_product----------------------------------------

tkOcp=0.0

------------------ Color = product --------------------
arrivCnt=750922 deptCnt=750922
arrivThrPut=8.343577091210589 deptThrPut=8.343577091210589
meanTkPop=0.0 tkColOcp=0.0
-----
meanST=0.0 stDevST=0.0

Steady State Statistics: numBatchesST=3754 batchSizeST=200 stDevStdStateMeanST=0.0
95% c.i. = 0.0 +/- 0.0



REPORT for Queue : Recommender----------------------------------------

totArrivThrPut=8.343577091210589 totDeptThrPut=8.343577091210589
meanTotTkPop=0.01926048343334011 queueUtil=0.009629446564313525
meanST=0.002308420384061623



REPORT for Queue of Queueing Place : I/productImages_category----------------------------------------

queueUtilQPl=0.02254050934652138

------------------ Color = category --------------------
arrivCnt=751688 deptCnt=751689
arrivThrPut=8.352088201621347 deptThrPut=8.352099312731545
meanTkPop=0.04510933188266042 tkColOcp=0.044057470901385065
-----
meanST=0.005400976573270803 stDevST=0.0053955340692036675

Steady State Statistics: numBatchesST=1879 batchSizeST=400 stDevStdStateMeanST=2.6832724478453445E-4
95% c.i. = 0.0054009815588705965 +/- 1.2132476876496423E-5



REPORT for Depository of Queueing Place : I/productImages_category----------------------------------------

tkOcp=0.0

------------------ Color = category --------------------
arrivCnt=751689 deptCnt=751688
arrivThrPut=8.352099312731545 deptThrPut=8.352088201621347
meanTkPop=0.0 tkColOcp=0.0
-----
meanST=0.0 stDevST=0.0

Steady State Statistics: numBatchesST=3758 batchSizeST=200 stDevStdStateMeanST=0.0
95% c.i. = 0.0 +/- 0.0



REPORT for Queue : ImageProvider----------------------------------------

totArrivThrPut=50.02209588383623 totDeptThrPut=50.02210699494643
meanTotTkPop=0.14781352144963616 queueUtil=0.0725511154953556
meanST=0.0029549671369821177



REPORT for Queue of Queueing Place : I/product_product----------------------------------------

queueUtilQPl=0.024296699611893693

------------------ Color = product --------------------
arrivCnt=750922 deptCnt=750922
arrivThrPut=8.343577091210589 deptThrPut=8.343577091210589
meanTkPop=0.048622533818857436 tkColOcp=0.04742345902923959
-----
meanST=0.005827540548535002 stDevST=0.005808750021229383

Steady State Statistics: numBatchesST=1877 batchSizeST=400 stDevStdStateMeanST=2.909164364148519E-4
95% c.i. = 0.005827557040044484 +/- 1.316085831654638E-5



REPORT for Depository of Queueing Place : I/product_product----------------------------------------

tkOcp=0.0

------------------ Color = product --------------------
arrivCnt=750922 deptCnt=750922
arrivThrPut=8.343577091210589 deptThrPut=8.343577091210589
meanTkPop=0.0 tkColOcp=0.0
-----
meanST=0.0 stDevST=0.0

Steady State Statistics: numBatchesST=3754 batchSizeST=200 stDevStdStateMeanST=0.0
95% c.i. = 0.0 +/- 0.0



REPORT for Queue : ImageProvider----------------------------------------

totArrivThrPut=50.02209588383623 totDeptThrPut=50.02210699494643
meanTotTkPop=0.14781352144963616 queueUtil=0.0725511154953556
meanST=0.0029549671369821177



REPORT for Queue of Queueing Place : Workload----------------------------------------

queueUtilQPl=0.9999999999999999

------------------ Color = workload --------------------
arrivCnt=4501996 deptCnt=4501995
arrivThrPut=50.02217366160761 deptThrPut=50.02216255049741
meanTkPop=0.9999999999999999 tkColOcp=0.9999999999999999
-----
meanST=0.019991133604486094 stDevST=0.019994272010583854

Steady State Statistics: numBatchesST=11254 batchSizeST=400 stDevStdStateMeanST=0.0010002202797924802
95% c.i. = 0.019991247436128137 +/- 1.8479503193044487E-5



REPORT for Depository of Queueing Place : Workload----------------------------------------

tkOcp=0.0

------------------ Color = workload --------------------
arrivCnt=4501995 deptCnt=4501996
arrivThrPut=50.02216255049741 deptThrPut=50.02217366160761
meanTkPop=0.0 tkColOcp=0.0
-----
meanST=0.0 stDevST=0.0

Steady State Statistics: numBatchesST=22509 batchSizeST=200 stDevStdStateMeanST=0.0
95% c.i. = 0.0 +/- 0.0



REPORT for Queue : Workload----------------------------------------

totArrivThrPut=50.02217366160761 totDeptThrPut=50.02216255049741
meanTotTkPop=0.9999999999999999 queueUtil=0.9999999999999999
meanST=0.019991133604486094



REPORT for Queue of Queueing Place : I/icon_index----------------------------------------

queueUtilQPl=0.0061557169470428

------------------ Color = index --------------------
arrivCnt=750962 deptCnt=750962
arrivThrPut=8.344021535618461 deptThrPut=8.344021535618461
meanTkPop=0.012424482774763702 tkColOcp=0.011452951121649511
-----
meanST=0.0014890281289096402 stDevST=0.0014998947231146067

Steady State Statistics: numBatchesST=1877 batchSizeST=400 stDevStdStateMeanST=8.498142019607809E-5
95% c.i. = 0.0014889905672065796 +/- 3.8445006563485406E-6



REPORT for Depository of Queueing Place : I/icon_index----------------------------------------

tkOcp=0.0

------------------ Color = index --------------------
arrivCnt=750962 deptCnt=750962
arrivThrPut=8.344021535618461 deptThrPut=8.344021535618461
meanTkPop=0.0 tkColOcp=0.0
-----
meanST=0.0 stDevST=0.0

Steady State Statistics: numBatchesST=3754 batchSizeST=200 stDevStdStateMeanST=0.0
95% c.i. = 0.0 +/- 0.0



REPORT for Queue : ImageProvider----------------------------------------

totArrivThrPut=50.02209588383623 totDeptThrPut=50.02210699494643
meanTotTkPop=0.14781352144963616 queueUtil=0.0725511154953556
meanST=0.0029549671369821177



REPORT for Queue of Queueing Place : P/categories_login----------------------------------------

queueUtilQPl=0.008252764727768813

------------------ Color = login --------------------
arrivCnt=749594 deptCnt=749594
arrivThrPut=8.328821536869222 deptThrPut=8.328821536869222
meanTkPop=0.016509883132705357 tkColOcp=0.016320437750731765
-----
meanST=0.0019822592019316295 stDevST=0.0020654854716977027

Steady State Statistics: numBatchesST=1873 batchSizeST=400 stDevStdStateMeanST=1.089677000818109E-4
95% c.i. = 0.001982313874894441 +/- 4.934884436097443E-6



REPORT for Depository of Queueing Place : P/categories_login----------------------------------------

tkOcp=0.0

------------------ Color = login --------------------
arrivCnt=749594 deptCnt=749594
arrivThrPut=8.328821536869222 deptThrPut=8.328821536869222
meanTkPop=0.0 tkColOcp=0.0
-----
meanST=0.0 stDevST=0.0

Steady State Statistics: numBatchesST=3747 batchSizeST=200 stDevStdStateMeanST=0.0
95% c.i. = 0.0 +/- 0.0



REPORT for Queue : Persistence----------------------------------------

totArrivThrPut=50.022118106056624 totDeptThrPut=50.022118106056624
meanTotTkPop=0.21383779395995214 queueUtil=0.1046247203158519
meanST=0.004274864840920459



REPORT for Queue of Queueing Place : I/icon_login----------------------------------------

queueUtilQPl=0.005853588233997413

------------------ Color = login --------------------
arrivCnt=749594 deptCnt=749594
arrivThrPut=8.328821536869222 deptThrPut=8.328821536869222
meanTkPop=0.011708075583828833 tkColOcp=0.0116226606110052
-----
meanST=0.0014057301542601981 stDevST=0.001423046752307487

Steady State Statistics: numBatchesST=1873 batchSizeST=400 stDevStdStateMeanST=7.262229528852129E-5
95% c.i. = 0.00140575579213437 +/- 3.2888886749369724E-6



REPORT for Depository of Queueing Place : I/icon_login----------------------------------------

tkOcp=0.0

------------------ Color = login --------------------
arrivCnt=749594 deptCnt=749594
arrivThrPut=8.328821536869222 deptThrPut=8.328821536869222
meanTkPop=0.0 tkColOcp=0.0
-----
meanST=0.0 stDevST=0.0

Steady State Statistics: numBatchesST=3747 batchSizeST=200 stDevStdStateMeanST=0.0
95% c.i. = 0.0 +/- 0.0



REPORT for Queue : ImageProvider----------------------------------------

totArrivThrPut=50.02209588383623 totDeptThrPut=50.02210699494643
meanTotTkPop=0.14781352144963616 queueUtil=0.0725511154953556
meanST=0.0029549671369821177



REPORT for Queue of Queueing Place : A/isLoggedIn_login----------------------------------------

queueUtilQPl=0.6359757726374385

------------------ Color = login --------------------
arrivCnt=749594 deptCnt=749594
arrivThrPut=8.328821536869222 deptThrPut=8.328821536869222
meanTkPop=4.758134990387359 tkColOcp=0.6860709764315838
-----
meanST=0.5712855017152756 stDevST=0.6929631832276442

Steady State Statistics: numBatchesST=936 batchSizeST=800 stDevStdStateMeanST=0.29923774035786094
95% c.i. = 0.5714990862203397 +/- 0.019170195118005766



REPORT for Depository of Queueing Place : A/isLoggedIn_login----------------------------------------

tkOcp=0.0

------------------ Color = login --------------------
arrivCnt=749594 deptCnt=749594
arrivThrPut=8.328821536869222 deptThrPut=8.328821536869222
meanTkPop=0.0 tkColOcp=0.0
-----
meanST=0.0 stDevST=0.0

Steady State Statistics: numBatchesST=3747 batchSizeST=200 stDevStdStateMeanST=0.0
95% c.i. = 0.0 +/- 0.0



REPORT for Queue : Auth----------------------------------------

totArrivThrPut=50.02217366160761 totDeptThrPut=50.02204032828525
meanTotTkPop=30.21388312654451 queueUtil=0.8657553295946344
meanST=0.6040108826369842



REPORT for Queue of Queueing Place : A/isLoggedIn_category----------------------------------------

queueUtilQPl=0.6372295083963511

------------------ Color = category --------------------
arrivCnt=751688 deptCnt=751684
arrivThrPut=8.352088201621347 deptThrPut=8.35204375718056
meanTkPop=4.766582224719462 tkColOcp=0.6875885490162139
-----
meanST=0.5707075555880524 stDevST=0.6925061004245255

Steady State Statistics: numBatchesST=469 batchSizeST=1600 stDevStdStateMeanST=0.20580701191183776
95% c.i. = 0.5706375368697396 +/- 0.018626095995334983



REPORT for Depository of Queueing Place : A/isLoggedIn_category----------------------------------------

tkOcp=0.0

------------------ Color = category --------------------
arrivCnt=751684 deptCnt=751684
arrivThrPut=8.35204375718056 deptThrPut=8.35204375718056
meanTkPop=0.0 tkColOcp=0.0
-----
meanST=0.0 stDevST=0.0

Steady State Statistics: numBatchesST=3758 batchSizeST=200 stDevStdStateMeanST=0.0
95% c.i. = 0.0 +/- 0.0



REPORT for Queue : Auth----------------------------------------

totArrivThrPut=50.02217366160761 totDeptThrPut=50.02204032828525
meanTotTkPop=30.21388312654451 queueUtil=0.8657553295946344
meanST=0.6040108826369842



REPORT for Queue of Queueing Place : I/icon_logout----------------------------------------

queueUtilQPl=0.0068704804328105365

------------------ Color = logout --------------------
arrivCnt=750439 deptCnt=750439
arrivThrPut=8.33821042498553 deptThrPut=8.33821042498553
meanTkPop=0.013814134284812533 tkColOcp=0.012990497765943111
-----
meanST=0.001656726513331727 stDevST=0.0016621419910872357

Steady State Statistics: numBatchesST=1876 batchSizeST=400 stDevStdStateMeanST=9.222346102103529E-5
95% c.i. = 0.0016566850414652726 +/- 4.173237398577269E-6



REPORT for Depository of Queueing Place : I/icon_logout----------------------------------------

tkOcp=0.0

------------------ Color = logout --------------------
arrivCnt=750439 deptCnt=750439
arrivThrPut=8.33821042498553 deptThrPut=8.33821042498553
meanTkPop=0.0 tkColOcp=0.0
-----
meanST=0.0 stDevST=0.0

Steady State Statistics: numBatchesST=3752 batchSizeST=200 stDevStdStateMeanST=0.0
95% c.i. = 0.0 +/- 0.0



REPORT for Queue : ImageProvider----------------------------------------

totArrivThrPut=50.02209588383623 totDeptThrPut=50.02210699494643
meanTotTkPop=0.14781352144963616 queueUtil=0.0725511154953556
meanST=0.0029549671369821177



REPORT for Queue of Queueing Place : I/icon_loginAction----------------------------------------

queueUtilQPl=0.00806704904443423

------------------ Color = loginAction --------------------
arrivCnt=748384 deptCnt=748384
arrivThrPut=8.31537709353108 deptThrPut=8.31537709353108
meanTkPop=0.01613496310471325 tkColOcp=0.01601708963519181
-----
meanST=0.001940376596662753 stDevST=0.0019395174901399917

Steady State Statistics: numBatchesST=935 batchSizeST=800 stDevStdStateMeanST=6.792353804542583E-5
95% c.i. = 0.0019403514669207949 +/- 4.3537409551227155E-6



REPORT for Depository of Queueing Place : I/icon_loginAction----------------------------------------

tkOcp=0.0

------------------ Color = loginAction --------------------
arrivCnt=748384 deptCnt=748384
arrivThrPut=8.31537709353108 deptThrPut=8.31537709353108
meanTkPop=0.0 tkColOcp=0.0
-----
meanST=0.0 stDevST=0.0

Steady State Statistics: numBatchesST=3741 batchSizeST=200 stDevStdStateMeanST=0.0
95% c.i. = 0.0 +/- 0.0



REPORT for Queue : ImageProvider----------------------------------------

totArrivThrPut=50.02209588383623 totDeptThrPut=50.02210699494643
meanTotTkPop=0.14781352144963616 queueUtil=0.0725511154953556
meanST=0.0029549671369821177



REPORT for Queue of Queueing Place : A/isLoggedIn_product----------------------------------------

queueUtilQPl=0.6378885271605987

------------------ Color = product --------------------
arrivCnt=750922 deptCnt=750921
arrivThrPut=8.343577091210589 deptThrPut=8.343565980100392
meanTkPop=4.758672459726286 tkColOcp=0.688365435795208
-----
meanST=0.5703400908762424 stDevST=0.6910442397120782

Steady State Statistics: numBatchesST=1877 batchSizeST=400 stDevStdStateMeanST=0.39330209285853734
95% c.i. = 0.5703644501235006 +/- 0.01779271457983569



REPORT for Depository of Queueing Place : A/isLoggedIn_product----------------------------------------

tkOcp=0.0

------------------ Color = product --------------------
arrivCnt=750921 deptCnt=750921
arrivThrPut=8.343565980100392 deptThrPut=8.343565980100392
meanTkPop=0.0 tkColOcp=0.0
-----
meanST=0.0 stDevST=0.0

Steady State Statistics: numBatchesST=3754 batchSizeST=200 stDevStdStateMeanST=0.0
95% c.i. = 0.0 +/- 0.0



REPORT for Queue : Auth----------------------------------------

totArrivThrPut=50.02217366160761 totDeptThrPut=50.02204032828525
meanTotTkPop=30.21388312654451 queueUtil=0.8657553295946344
meanST=0.6040108826369842



REPORT for Queue of Queueing Place : P/category_logout----------------------------------------

queueUtilQPl=0.008989407888444904

------------------ Color = logout --------------------
arrivCnt=750439 deptCnt=750439
arrivThrPut=8.33821042498553 deptThrPut=8.33821042498553
meanTkPop=0.018151492180436636 tkColOcp=0.016676987547439518
-----
meanST=0.002176905025812914 stDevST=0.0022492856075512083

Steady State Statistics: numBatchesST=1876 batchSizeST=400 stDevStdStateMeanST=1.2779715506535522E-4
95% c.i. = 0.0021769147234167716 +/- 5.782995574508659E-6



REPORT for Depository of Queueing Place : P/category_logout----------------------------------------

tkOcp=0.0

------------------ Color = logout --------------------
arrivCnt=750439 deptCnt=750439
arrivThrPut=8.33821042498553 deptThrPut=8.33821042498553
meanTkPop=0.0 tkColOcp=0.0
-----
meanST=0.0 stDevST=0.0

Steady State Statistics: numBatchesST=3752 batchSizeST=200 stDevStdStateMeanST=0.0
95% c.i. = 0.0 +/- 0.0



REPORT for Queue : Persistence----------------------------------------

totArrivThrPut=50.022118106056624 totDeptThrPut=50.022118106056624
meanTotTkPop=0.21383779395995214 queueUtil=0.1046247203158519
meanST=0.004274864840920459



REPORT for Ordinary Place : Finish_index----------------------------------------

tkOcp=1.0

------------------ Color = index --------------------
arrivCnt=750962 deptCnt=0
arrivThrPut=8.344021535618461 deptThrPut=0.0
meanTkPop=458320.2416503429 tkColOcp=1.0
-----
meanST=NaN stDevST=NaN

Steady State Statistics: Only 0 batches collected!
Need at least 60 for steady state statistics.



REPORT for Ordinary Place : Finish_login----------------------------------------

tkOcp=1.0

------------------ Color = login --------------------
arrivCnt=749594 deptCnt=0
arrivThrPut=8.328821536869222 deptThrPut=0.0
meanTkPop=458137.11753174255 tkColOcp=1.0
-----
meanST=NaN stDevST=NaN

Steady State Statistics: Only 0 batches collected!
Need at least 60 for steady state statistics.



REPORT for Ordinary Place : Finish_loginAction----------------------------------------

tkOcp=0.9999999999999999

------------------ Color = loginAction --------------------
arrivCnt=748384 deptCnt=0
arrivThrPut=8.31537709353108 deptThrPut=0.0
meanTkPop=457288.80853412277 tkColOcp=0.9999999999999999
-----
meanST=NaN stDevST=NaN

Steady State Statistics: Only 0 batches collected!
Need at least 60 for steady state statistics.



REPORT for Ordinary Place : Finish_category----------------------------------------

tkOcp=0.9999999999999999

------------------ Color = category --------------------
arrivCnt=751684 deptCnt=0
arrivThrPut=8.35204375718056 deptThrPut=0.0
meanTkPop=458813.51999981125 tkColOcp=0.9999999999999999
-----
meanST=NaN stDevST=NaN

Steady State Statistics: Only 0 batches collected!
Need at least 60 for steady state statistics.



REPORT for Ordinary Place : Finish_product----------------------------------------

tkOcp=0.9999999999999999

------------------ Color = product --------------------
arrivCnt=750921 deptCnt=0
arrivThrPut=8.343565980100392 deptThrPut=0.0
meanTkPop=458855.31363583345 tkColOcp=0.9999999999999999
-----
meanST=NaN stDevST=NaN

Steady State Statistics: Only 0 batches collected!
Need at least 60 for steady state statistics.



REPORT for Ordinary Place : Finish_logout----------------------------------------

tkOcp=0.9999999999999999

------------------ Color = logout --------------------
arrivCnt=750439 deptCnt=0
arrivThrPut=8.33821042498553 deptThrPut=0.0
meanTkPop=458915.5645741199 tkColOcp=0.9999999999999999
-----
meanST=NaN stDevST=NaN

Steady State Statistics: Only 0 batches collected!
Need at least 60 for steady state statistics.



REPORT REPORT for Probe : /index----------------------------------------


------------------ Color = index --------------------
-----
meanST=0.5787312448218846 stDevST=0.6924363272016211

Steady State Statistics: numBatchesST=1877 batchSizeST=400 stDevStdStateMeanST=0.38060519403566656
95% c.i. = 0.5787475904662377 +/- 0.017218315661278072
-----
Histogram Data
   10% percentile=100.0
   20% percentile=100.0
   30% percentile=100.0
   40% percentile=100.0
   50% percentile=100.0
   60% percentile=100.0
   70% percentile=100.0
   80% percentile=100.0
   90% percentile=100.0
   histogramMean=50.0
Token sojourn times dumped in C:\Users\lliao\Downloads\qpme_models



REPORT REPORT for Probe : /login----------------------------------------


------------------ Color = login --------------------
-----
meanST=0.5796241877348902 stDevST=0.6929958266451275

Steady State Statistics: numBatchesST=936 batchSizeST=800 stDevStdStateMeanST=0.2992361425444566
95% c.i. = 0.579837455763447 +/- 0.01917009275660347
-----
Histogram Data
   10% percentile=100.0
   20% percentile=100.0
   30% percentile=100.0
   40% percentile=100.0
   50% percentile=100.0
   60% percentile=100.0
   70% percentile=100.0
   80% percentile=100.0
   90% percentile=100.0
   histogramMean=50.0
Token sojourn times dumped in C:\Users\lliao\Downloads\qpme_models



REPORT REPORT for Probe : /loginAction----------------------------------------


------------------ Color = loginAction --------------------
-----
meanST=0.7816154060586256 stDevST=0.7199478930752478

Steady State Statistics: numBatchesST=1870 batchSizeST=400 stDevStdStateMeanST=0.4000089039705425
95% c.i. = 0.7817031537582182 +/- 0.018129964192096882
-----
Histogram Data
   10% percentile=100.0
   20% percentile=100.0
   30% percentile=100.0
   40% percentile=100.0
   50% percentile=100.0
   60% percentile=100.0
   70% percentile=100.0
   80% percentile=100.0
   90% percentile=100.0
   histogramMean=50.0
Token sojourn times dumped in C:\Users\lliao\Downloads\qpme_models



REPORT REPORT for Probe : /logout----------------------------------------


------------------ Color = logout --------------------
-----
meanST=0.5846408374920655 stDevST=0.693647346795673

Steady State Statistics: numBatchesST=938 batchSizeST=800 stDevStdStateMeanST=0.28824154535712476
95% c.i. = 0.5846412290189275 +/- 0.018446044386724307
-----
Histogram Data
   10% percentile=100.0
   20% percentile=100.0
   30% percentile=100.0
   40% percentile=100.0
   50% percentile=100.0
   60% percentile=100.0
   70% percentile=100.0
   80% percentile=100.0
   90% percentile=100.0
   histogramMean=50.0
Token sojourn times dumped in C:\Users\lliao\Downloads\qpme_models



REPORT REPORT for Probe : /category----------------------------------------


------------------ Color = category --------------------
-----
meanST=0.5945292207317218 stDevST=0.692673683802557

Steady State Statistics: numBatchesST=469 batchSizeST=1600 stDevStdStateMeanST=0.2058217745233815
95% c.i. = 0.5944584038428435 +/- 0.01862743205195036
-----
Histogram Data
   10% percentile=100.0
   20% percentile=100.0
   30% percentile=100.0
   40% percentile=100.0
   50% percentile=100.0
   60% percentile=100.0
   70% percentile=100.0
   80% percentile=100.0
   90% percentile=100.0
   histogramMean=50.0
Token sojourn times dumped in C:\Users\lliao\Downloads\qpme_models



REPORT REPORT for Probe : /product----------------------------------------


------------------ Color = product --------------------
-----
meanST=0.6080125206315325 stDevST=0.6913929291469137

Steady State Statistics: numBatchesST=1877 batchSizeST=400 stDevStdStateMeanST=0.3932770393636071
95% c.i. = 0.6080361397642084 +/- 0.017791581177057987
-----
Histogram Data
   10% percentile=100.0
   20% percentile=100.0
   30% percentile=100.0
   40% percentile=100.0
   50% percentile=100.0
   60% percentile=100.0
   70% percentile=100.0
   80% percentile=100.0
   90% percentile=100.0
   histogramMean=50.0
Token sojourn times dumped in C:\Users\lliao\Downloads\qpme_models



