INFO Logging to C:\Users\lliao\Downloads\qpme_models\SimQPN_Output_new configuration_2023-11-23_180903870.log
WARN Batch means correlation test was run for depository of place Workload, color 0
    However, the standard deviation of the token residence time is 0 and therefore the result of the test is ignored!
    In future runs, you should set numBMeansCorlTested to 0 to switch off the correlation test!
WARN Batch means correlation test was run for depository of place W/logout, color 0
    However, the standard deviation of the token residence time is 0 and therefore the result of the test is ignored!
    In future runs, you should set numBMeansCorlTested to 0 to switch off the correlation test!
WARN Batch means correlation test was run for depository of place A/logout_logout, color 0
    However, the standard deviation of the token residence time is 0 and therefore the result of the test is ignored!
    In future runs, you should set numBMeansCorlTested to 0 to switch off the correlation test!
WARN Batch means correlation test was run for depository of place P/category_logout, color 0
    However, the standard deviation of the token residence time is 0 and therefore the result of the test is ignored!
    In future runs, you should set numBMeansCorlTested to 0 to switch off the correlation test!
WARN Batch means correlation test was run for depository of place I/icon_logout, color 0
    However, the standard deviation of the token residence time is 0 and therefore the result of the test is ignored!
    In future runs, you should set numBMeansCorlTested to 0 to switch off the correlation test!
WARN Batch means correlation test was run for depository of place W/category, color 0
    However, the standard deviation of the token residence time is 0 and therefore the result of the test is ignored!
    In future runs, you should set numBMeansCorlTested to 0 to switch off the correlation test!
WARN Batch means correlation test was run for depository of place P/category_category, color 0
    However, the standard deviation of the token residence time is 0 and therefore the result of the test is ignored!
    In future runs, you should set numBMeansCorlTested to 0 to switch off the correlation test!
WARN Batch means correlation test was run for depository of place I/productImages_category, color 0
    However, the standard deviation of the token residence time is 0 and therefore the result of the test is ignored!
    In future runs, you should set numBMeansCorlTested to 0 to switch off the correlation test!
WARN Batch means correlation test was run for depository of place A/isLoggedIn_category, color 0
    However, the standard deviation of the token residence time is 0 and therefore the result of the test is ignored!
    In future runs, you should set numBMeansCorlTested to 0 to switch off the correlation test!
WARN Batch means correlation test was run for depository of place W/login, color 0
    However, the standard deviation of the token residence time is 0 and therefore the result of the test is ignored!
    In future runs, you should set numBMeansCorlTested to 0 to switch off the correlation test!
WARN Batch means correlation test was run for depository of place P/categories_login, color 0
    However, the standard deviation of the token residence time is 0 and therefore the result of the test is ignored!
    In future runs, you should set numBMeansCorlTested to 0 to switch off the correlation test!
WARN Batch means correlation test was run for depository of place I/icon_login, color 0
    However, the standard deviation of the token residence time is 0 and therefore the result of the test is ignored!
    In future runs, you should set numBMeansCorlTested to 0 to switch off the correlation test!
WARN Batch means correlation test was run for depository of place A/isLoggedIn_login, color 0
    However, the standard deviation of the token residence time is 0 and therefore the result of the test is ignored!
    In future runs, you should set numBMeansCorlTested to 0 to switch off the correlation test!
WARN Batch means correlation test was run for depository of place A/login_loginAction, color 0
    However, the standard deviation of the token residence time is 0 and therefore the result of the test is ignored!
    In future runs, you should set numBMeansCorlTested to 0 to switch off the correlation test!
WARN Batch means correlation test was run for depository of place P/getUser_loginAction, color 0
    However, the standard deviation of the token residence time is 0 and therefore the result of the test is ignored!
    In future runs, you should set numBMeansCorlTested to 0 to switch off the correlation test!
WARN Batch means correlation test was run for depository of place I/icon_loginAction, color 0
    However, the standard deviation of the token residence time is 0 and therefore the result of the test is ignored!
    In future runs, you should set numBMeansCorlTested to 0 to switch off the correlation test!
WARN Batch means correlation test was run for depository of place W/loginAction, color 0
    However, the standard deviation of the token residence time is 0 and therefore the result of the test is ignored!
    In future runs, you should set numBMeansCorlTested to 0 to switch off the correlation test!
WARN Batch means correlation test was run for depository of place W/index, color 0
    However, the standard deviation of the token residence time is 0 and therefore the result of the test is ignored!
    In future runs, you should set numBMeansCorlTested to 0 to switch off the correlation test!
WARN Batch means correlation test was run for depository of place P/categories_index, color 0
    However, the standard deviation of the token residence time is 0 and therefore the result of the test is ignored!
    In future runs, you should set numBMeansCorlTested to 0 to switch off the correlation test!
WARN Batch means correlation test was run for depository of place A/isLoggedIn_index, color 0
    However, the standard deviation of the token residence time is 0 and therefore the result of the test is ignored!
    In future runs, you should set numBMeansCorlTested to 0 to switch off the correlation test!
WARN Batch means correlation test was run for depository of place I/icon_index, color 0
    However, the standard deviation of the token residence time is 0 and therefore the result of the test is ignored!
    In future runs, you should set numBMeansCorlTested to 0 to switch off the correlation test!
WARN Batch means correlation test was run for depository of place W/product, color 0
    However, the standard deviation of the token residence time is 0 and therefore the result of the test is ignored!
    In future runs, you should set numBMeansCorlTested to 0 to switch off the correlation test!
WARN Batch means correlation test was run for depository of place P/getProduct_product, color 0
    However, the standard deviation of the token residence time is 0 and therefore the result of the test is ignored!
    In future runs, you should set numBMeansCorlTested to 0 to switch off the correlation test!
WARN Batch means correlation test was run for depository of place R/getAds_product, color 0
    However, the standard deviation of the token residence time is 0 and therefore the result of the test is ignored!
    In future runs, you should set numBMeansCorlTested to 0 to switch off the correlation test!
WARN Batch means correlation test was run for depository of place I/product_product, color 0
    However, the standard deviation of the token residence time is 0 and therefore the result of the test is ignored!
    In future runs, you should set numBMeansCorlTested to 0 to switch off the correlation test!
WARN Batch means correlation test was run for depository of place A/isLoggedIn_product, color 0
    However, the standard deviation of the token residence time is 0 and therefore the result of the test is ignored!
    In future runs, you should set numBMeansCorlTested to 0 to switch off the correlation test!
WARN The simulation was stopped because of reaching max totalRunLen.
The required precision may not have been reached!
REPORT for Queue of Queueing Place : W/index----------------------------------------

queueUtilQPl=0.020418977299932257

------------------ Color = index --------------------
arrivCnt=749935 deptCnt=749935
arrivThrPut=8.332609759873892 deptThrPut=8.332609759873892
meanTkPop=0.040886624461161654 tkColOcp=0.03966495038374264
-----
meanST=0.004906820988791925 stDevST=0.005246232176102221

Steady State Statistics: numBatchesST=1874 batchSizeST=400 stDevStdStateMeanST=2.8166006853430945E-4
95% c.i. = 0.00490659449317591 +/- 1.2752301683812129E-5



REPORT for Depository of Queueing Place : W/index----------------------------------------

tkOcp=0.0

------------------ Color = index --------------------
arrivCnt=749935 deptCnt=749935
arrivThrPut=8.332609759873892 deptThrPut=8.332609759873892
meanTkPop=0.0 tkColOcp=0.0
-----
meanST=0.0 stDevST=0.0

Steady State Statistics: numBatchesST=3749 batchSizeST=200 stDevStdStateMeanST=0.0
95% c.i. = 0.0 +/- 0.0



REPORT for Queue : WebUI----------------------------------------

totArrivThrPut=49.99573633700851 totDeptThrPut=49.99573633700851
meanTotTkPop=0.473584722291835 queueUtil=0.22265915366632794
meanST=0.009472502196977782



REPORT for Queue of Queueing Place : P/categories_index----------------------------------------

queueUtilQPl=0.008272781090482148

------------------ Color = index --------------------
arrivCnt=749935 deptCnt=749934
arrivThrPut=8.332609759873892 deptThrPut=8.332598648764582
meanTkPop=0.0165486763254572 tkColOcp=0.016362809813631446
-----
meanST=0.001985988421884601 stDevST=0.0020713195212081143

Steady State Statistics: numBatchesST=1874 batchSizeST=400 stDevStdStateMeanST=1.0349068663614509E-4
95% c.i. = 0.0019859961134861067 +/- 4.685593042409653E-6



REPORT for Depository of Queueing Place : P/categories_index----------------------------------------

tkOcp=0.0

------------------ Color = index --------------------
arrivCnt=749934 deptCnt=749934
arrivThrPut=8.332598648764582 deptThrPut=8.332598648764582
meanTkPop=0.0 tkColOcp=0.0
-----
meanST=0.0 stDevST=0.0

Steady State Statistics: numBatchesST=3749 batchSizeST=200 stDevStdStateMeanST=0.0
95% c.i. = 0.0 +/- 0.0



REPORT for Queue : Persistence----------------------------------------

totArrivThrPut=49.995747448117825 totDeptThrPut=49.99570300368059
meanTotTkPop=0.21275911718172252 queueUtil=0.10459577459099956
meanST=0.004255525959436241



REPORT for Queue of Queueing Place : A/isLoggedIn_index----------------------------------------

queueUtilQPl=0.005630452205782465

------------------ Color = index --------------------
arrivCnt=749934 deptCnt=749934
arrivThrPut=8.332598648764582 deptThrPut=8.332598648764582
meanTkPop=0.011272762006896201 tkColOcp=0.011093874002269044
-----
meanST=0.0013528507110524921 stDevST=0.0021488756253022325

Steady State Statistics: numBatchesST=1874 batchSizeST=400 stDevStdStateMeanST=1.1856867933896944E-4
95% c.i. = 0.0013529094643331856 +/- 5.3682567679895965E-6



REPORT for Depository of Queueing Place : A/isLoggedIn_index----------------------------------------

tkOcp=0.0

------------------ Color = index --------------------
arrivCnt=749934 deptCnt=749934
arrivThrPut=8.332598648764582 deptThrPut=8.332598648764582
meanTkPop=0.0 tkColOcp=0.0
-----
meanST=0.0 stDevST=0.0

Steady State Statistics: numBatchesST=3749 batchSizeST=200 stDevStdStateMeanST=0.0
95% c.i. = 0.0 +/- 0.0



REPORT for Queue : Auth----------------------------------------

totArrivThrPut=49.99569189257127 totDeptThrPut=49.99570300368059
meanTotTkPop=0.24371359461056735 queueUtil=0.11763335248407351
meanST=0.004874696533982655



REPORT for Queue of Queueing Place : W/login----------------------------------------

queueUtilQPl=0.020579447897278925

------------------ Color = login --------------------
arrivCnt=749369 deptCnt=749369
arrivThrPut=8.326320872004825 deptThrPut=8.326320872004825
meanTkPop=0.041213803118990554 tkColOcp=0.03996743323847387
-----
meanST=0.004949821626207281 stDevST=0.005278856707116543

Steady State Statistics: numBatchesST=1873 batchSizeST=400 stDevStdStateMeanST=2.885048339719776E-4
95% c.i. = 0.004949911359377368 +/- 1.3065688399757667E-5



REPORT for Depository of Queueing Place : W/login----------------------------------------

tkOcp=0.0

------------------ Color = login --------------------
arrivCnt=749369 deptCnt=749369
arrivThrPut=8.326320872004825 deptThrPut=8.326320872004825
meanTkPop=0.0 tkColOcp=0.0
-----
meanST=0.0 stDevST=0.0

Steady State Statistics: numBatchesST=3746 batchSizeST=200 stDevStdStateMeanST=0.0
95% c.i. = 0.0 +/- 0.0



REPORT for Queue : WebUI----------------------------------------

totArrivThrPut=49.99573633700851 totDeptThrPut=49.99573633700851
meanTotTkPop=0.473584722291835 queueUtil=0.22265915366632794
meanST=0.009472502196977782



REPORT for Queue of Queueing Place : W/loginAction----------------------------------------

queueUtilQPl=0.03235218497207282

------------------ Color = loginAction --------------------
arrivCnt=750146 deptCnt=750146
arrivThrPut=8.334954203938155 deptThrPut=8.334954203938155
meanTkPop=0.06481924657081158 tkColOcp=0.0621772280315697
-----
meanST=0.007776796966705029 stDevST=0.00778110406260775

Steady State Statistics: numBatchesST=1875 batchSizeST=400 stDevStdStateMeanST=4.042434357156804E-4
95% c.i. = 0.00777693880787318 +/- 1.8297444197992077E-5



REPORT for Depository of Queueing Place : W/loginAction----------------------------------------

tkOcp=0.0

------------------ Color = loginAction --------------------
arrivCnt=750146 deptCnt=750146
arrivThrPut=8.334954203938155 deptThrPut=8.334954203938155
meanTkPop=0.0 tkColOcp=0.0
-----
meanST=0.0 stDevST=0.0

Steady State Statistics: numBatchesST=3750 batchSizeST=200 stDevStdStateMeanST=0.0
95% c.i. = 0.0 +/- 0.0



REPORT for Queue : WebUI----------------------------------------

totArrivThrPut=49.99573633700851 totDeptThrPut=49.99573633700851
meanTotTkPop=0.473584722291835 queueUtil=0.22265915366632794
meanST=0.009472502196977782



REPORT for Queue of Queueing Place : A/login_loginAction----------------------------------------

queueUtilQPl=0.0815450265821818

------------------ Color = loginAction --------------------
arrivCnt=750146 deptCnt=750147
arrivThrPut=8.334954203938155 deptThrPut=8.334965315047464
meanTkPop=0.1642048006156822 tkColOcp=0.15071270364192207
-----
meanST=0.019700752186063267 stDevST=0.019658180766838028

Steady State Statistics: numBatchesST=1875 batchSizeST=400 stDevStdStateMeanST=0.0010242938537731766
95% c.i. = 0.019700926672028458 +/- 4.636305249726524E-5



REPORT for Depository of Queueing Place : A/login_loginAction----------------------------------------

tkOcp=0.0

------------------ Color = loginAction --------------------
arrivCnt=750147 deptCnt=750147
arrivThrPut=8.334965315047464 deptThrPut=8.334965315047464
meanTkPop=0.0 tkColOcp=0.0
-----
meanST=0.0 stDevST=0.0

Steady State Statistics: numBatchesST=3750 batchSizeST=200 stDevStdStateMeanST=0.0
95% c.i. = 0.0 +/- 0.0



REPORT for Queue : Auth----------------------------------------

totArrivThrPut=49.99569189257127 totDeptThrPut=49.99570300368059
meanTotTkPop=0.24371359461056735 queueUtil=0.11763335248407351
meanST=0.004874696533982655



REPORT for Queue of Queueing Place : W/logout----------------------------------------

queueUtilQPl=0.031754749449724014

------------------ Color = logout --------------------
arrivCnt=751147 deptCnt=751147
arrivThrPut=8.34607642435677 deptThrPut=8.34607642435677
meanTkPop=0.06362164753594507 tkColOcp=0.06106119165191716
-----
meanST=0.007622940924705034 stDevST=0.0076608880741811484

Steady State Statistics: numBatchesST=1877 batchSizeST=400 stDevStdStateMeanST=4.1188260777980925E-4
95% c.i. = 0.007623041961216459 +/- 1.8633284220179502E-5



REPORT for Depository of Queueing Place : W/logout----------------------------------------

tkOcp=0.0

------------------ Color = logout --------------------
arrivCnt=751147 deptCnt=751147
arrivThrPut=8.34607642435677 deptThrPut=8.34607642435677
meanTkPop=0.0 tkColOcp=0.0
-----
meanST=0.0 stDevST=0.0

Steady State Statistics: numBatchesST=3755 batchSizeST=200 stDevStdStateMeanST=0.0
95% c.i. = 0.0 +/- 0.0



REPORT for Queue : WebUI----------------------------------------

totArrivThrPut=49.99573633700851 totDeptThrPut=49.99573633700851
meanTotTkPop=0.473584722291835 queueUtil=0.22265915366632794
meanST=0.009472502196977782



REPORT for Queue of Queueing Place : A/logout_logout----------------------------------------

queueUtilQPl=0.010511705437495765

------------------ Color = logout --------------------
arrivCnt=751147 deptCnt=751147
arrivThrPut=8.34607642435677 deptThrPut=8.34607642435677
meanTkPop=0.02103669597647958 tkColOcp=0.020689733145847117
-----
meanST=0.0025205491666823398 stDevST=0.0029674689244688756

Steady State Statistics: numBatchesST=938 batchSizeST=800 stDevStdStateMeanST=1.1223365130511374E-4
95% c.i. = 0.002520536867280075 +/- 7.182402908273521E-6



REPORT for Depository of Queueing Place : A/logout_logout----------------------------------------

tkOcp=0.0

------------------ Color = logout --------------------
arrivCnt=751147 deptCnt=751147
arrivThrPut=8.34607642435677 deptThrPut=8.34607642435677
meanTkPop=0.0 tkColOcp=0.0
-----
meanST=0.0 stDevST=0.0

Steady State Statistics: numBatchesST=3755 batchSizeST=200 stDevStdStateMeanST=0.0
95% c.i. = 0.0 +/- 0.0



REPORT for Queue : Auth----------------------------------------

totArrivThrPut=49.99569189257127 totDeptThrPut=49.99570300368059
meanTotTkPop=0.24371359461056735 queueUtil=0.11763335248407351
meanST=0.004874696533982655



REPORT for Queue of Queueing Place : P/getUser_loginAction----------------------------------------

queueUtilQPl=0.013129202108287313

------------------ Color = loginAction --------------------
arrivCnt=750147 deptCnt=750147
arrivThrPut=8.334965315047464 deptThrPut=8.334965315047464
meanTkPop=0.026263694400106296 tkColOcp=0.025862612072992768
-----
meanST=0.003151026237948626 stDevST=0.003164605902618614

Steady State Statistics: numBatchesST=1875 batchSizeST=400 stDevStdStateMeanST=1.566046487192503E-4
95% c.i. = 0.0031510191104180117 +/- 7.088463455228554E-6



REPORT for Depository of Queueing Place : P/getUser_loginAction----------------------------------------

tkOcp=0.0

------------------ Color = loginAction --------------------
arrivCnt=750147 deptCnt=750147
arrivThrPut=8.334965315047464 deptThrPut=8.334965315047464
meanTkPop=0.0 tkColOcp=0.0
-----
meanST=0.0 stDevST=0.0

Steady State Statistics: numBatchesST=3750 batchSizeST=200 stDevStdStateMeanST=0.0
95% c.i. = 0.0 +/- 0.0



REPORT for Queue : Persistence----------------------------------------

totArrivThrPut=49.995747448117825 totDeptThrPut=49.99570300368059
meanTotTkPop=0.21275911718172252 queueUtil=0.10459577459099956
meanST=0.004255525959436241



REPORT for Queue of Queueing Place : W/category----------------------------------------

queueUtilQPl=0.05218226427668173

------------------ Color = category --------------------
arrivCnt=749230 deptCnt=749230
arrivThrPut=8.324776427810832 deptThrPut=8.324776427810832
meanTkPop=0.1047387045640073 tkColOcp=0.09846043562391223
-----
meanST=0.01258156365786636 stDevST=0.012360764527859825

Steady State Statistics: numBatchesST=1873 batchSizeST=400 stDevStdStateMeanST=6.514401534676881E-4
95% c.i. = 0.012581622474736097 +/- 2.950215405099884E-5



REPORT for Depository of Queueing Place : W/category----------------------------------------

tkOcp=0.0

------------------ Color = category --------------------
arrivCnt=749230 deptCnt=749230
arrivThrPut=8.324776427810832 deptThrPut=8.324776427810832
meanTkPop=0.0 tkColOcp=0.0
-----
meanST=0.0 stDevST=0.0

Steady State Statistics: numBatchesST=3746 batchSizeST=200 stDevStdStateMeanST=0.0
95% c.i. = 0.0 +/- 0.0



REPORT for Queue : WebUI----------------------------------------

totArrivThrPut=49.99573633700851 totDeptThrPut=49.99573633700851
meanTotTkPop=0.473584722291835 queueUtil=0.22265915366632794
meanST=0.009472502196977782



REPORT for Queue of Queueing Place : W/product----------------------------------------

queueUtilQPl=0.07860448330336971

------------------ Color = product --------------------
arrivCnt=749790 deptCnt=749790
arrivThrPut=8.330998649024043 deptThrPut=8.330998649024043
meanTkPop=0.15830469604091887 tkColOcp=0.14492598148768288
-----
meanST=0.01900188713383886 stDevST=0.018641151183642322

Steady State Statistics: numBatchesST=1874 batchSizeST=400 stDevStdStateMeanST=0.0010022847635742546
95% c.i. = 0.019001743037252383 +/- 4.5378948264476054E-5



REPORT for Depository of Queueing Place : W/product----------------------------------------

tkOcp=0.0

------------------ Color = product --------------------
arrivCnt=749790 deptCnt=749790
arrivThrPut=8.330998649024043 deptThrPut=8.330998649024043
meanTkPop=0.0 tkColOcp=0.0
-----
meanST=0.0 stDevST=0.0

Steady State Statistics: numBatchesST=3748 batchSizeST=200 stDevStdStateMeanST=0.0
95% c.i. = 0.0 +/- 0.0



REPORT for Queue : WebUI----------------------------------------

totArrivThrPut=49.99573633700851 totDeptThrPut=49.99573633700851
meanTotTkPop=0.473584722291835 queueUtil=0.22265915366632794
meanST=0.009472502196977782



REPORT for Queue of Queueing Place : P/category_category----------------------------------------

queueUtilQPl=0.02423171270444611

------------------ Color = category --------------------
arrivCnt=749230 deptCnt=749230
arrivThrPut=8.324776427810832 deptThrPut=8.324776427810832
meanTkPop=0.04849863008821647 tkColOcp=0.047214596076743436
-----
meanST=0.005825817727211945 stDevST=0.0058071352245036775

Steady State Statistics: numBatchesST=936 batchSizeST=800 stDevStdStateMeanST=2.0833195234225128E-4
95% c.i. = 0.00582588631133978 +/- 1.3346458808771444E-5



REPORT for Depository of Queueing Place : P/category_category----------------------------------------

tkOcp=0.0

------------------ Color = category --------------------
arrivCnt=749230 deptCnt=749230
arrivThrPut=8.324776427810832 deptThrPut=8.324776427810832
meanTkPop=0.0 tkColOcp=0.0
-----
meanST=0.0 stDevST=0.0

Steady State Statistics: numBatchesST=3746 batchSizeST=200 stDevStdStateMeanST=0.0
95% c.i. = 0.0 +/- 0.0



REPORT for Queue : Persistence----------------------------------------

totArrivThrPut=49.995747448117825 totDeptThrPut=49.99570300368059
meanTotTkPop=0.21275911718172252 queueUtil=0.10459577459099956
meanST=0.004255525959436241



REPORT for Queue of Queueing Place : P/getProduct_product----------------------------------------

queueUtilQPl=0.043812682539590274

------------------ Color = product --------------------
arrivCnt=749790 deptCnt=749788
arrivThrPut=8.330998649024043 deptThrPut=8.330976426805424
meanTkPop=0.08779390719873244 tkColOcp=0.08387418380163038
-----
meanST=0.010538168238967397 stDevST=0.010496873682106772

Steady State Statistics: numBatchesST=1874 batchSizeST=400 stDevStdStateMeanST=5.378813256632681E-4
95% c.i. = 0.010538227164571536 +/- 2.4352848348864407E-5



REPORT for Depository of Queueing Place : P/getProduct_product----------------------------------------

tkOcp=0.0

------------------ Color = product --------------------
arrivCnt=749788 deptCnt=749788
arrivThrPut=8.330976426805424 deptThrPut=8.330976426805424
meanTkPop=0.0 tkColOcp=0.0
-----
meanST=0.0 stDevST=0.0

Steady State Statistics: numBatchesST=3748 batchSizeST=200 stDevStdStateMeanST=0.0
95% c.i. = 0.0 +/- 0.0



REPORT for Queue : Persistence----------------------------------------

totArrivThrPut=49.995747448117825 totDeptThrPut=49.99570300368059
meanTotTkPop=0.21275911718172252 queueUtil=0.10459577459099956
meanST=0.004255525959436241



REPORT for Queue of Queueing Place : R/getAds_product----------------------------------------

queueUtilQPl=0.010011073071833599

------------------ Color = product --------------------
arrivCnt=749788 deptCnt=749788
arrivThrPut=8.330976426805424 deptThrPut=8.330976426805424
meanTkPop=0.020023997889383912 tkColOcp=0.019823782026344567
-----
meanST=0.0024035595425471955 stDevST=0.002401239672961323

Steady State Statistics: numBatchesST=1874 batchSizeST=400 stDevStdStateMeanST=1.2103523533321167E-4
95% c.i. = 0.002403577588779363 +/- 5.479931334861188E-6



REPORT for Depository of Queueing Place : R/getAds_product----------------------------------------

tkOcp=0.0

------------------ Color = product --------------------
arrivCnt=749788 deptCnt=749788
arrivThrPut=8.330976426805424 deptThrPut=8.330976426805424
meanTkPop=0.0 tkColOcp=0.0
-----
meanST=0.0 stDevST=0.0

Steady State Statistics: numBatchesST=3748 batchSizeST=200 stDevStdStateMeanST=0.0
95% c.i. = 0.0 +/- 0.0



REPORT for Queue : Recommender----------------------------------------

totArrivThrPut=8.330976426805424 totDeptThrPut=8.330976426805424
meanTotTkPop=0.020023997889383912 queueUtil=0.010011073071833599
meanST=0.0024035595425471955



REPORT for Queue of Queueing Place : I/productImages_category----------------------------------------

queueUtilQPl=0.022468488878234726

------------------ Color = category --------------------
arrivCnt=749230 deptCnt=749230
arrivThrPut=8.324776427810832 deptThrPut=8.324776427810832
meanTkPop=0.04496107597272117 tkColOcp=0.04390926544174342
-----
meanST=0.005400874889867114 stDevST=0.005388436677483299

Steady State Statistics: numBatchesST=1873 batchSizeST=400 stDevStdStateMeanST=2.6982125550749695E-4
95% c.i. = 0.005400892981387502 +/- 1.2219554173691155E-5



REPORT for Depository of Queueing Place : I/productImages_category----------------------------------------

tkOcp=0.0

------------------ Color = category --------------------
arrivCnt=749230 deptCnt=749230
arrivThrPut=8.324776427810832 deptThrPut=8.324776427810832
meanTkPop=0.0 tkColOcp=0.0
-----
meanST=0.0 stDevST=0.0

Steady State Statistics: numBatchesST=3746 batchSizeST=200 stDevStdStateMeanST=0.0
95% c.i. = 0.0 +/- 0.0



REPORT for Queue : ImageProvider----------------------------------------

totArrivThrPut=49.99570300368058 totDeptThrPut=49.99570300368058
meanTotTkPop=0.14630782840406484 queueUtil=0.07254679284300299
meanST=0.0029264080633748454



REPORT for Queue of Queueing Place : I/product_product----------------------------------------

queueUtilQPl=0.024321463262620344

------------------ Color = product --------------------
arrivCnt=749788 deptCnt=749788
arrivThrPut=8.330976426805424 deptThrPut=8.330976426805424
meanTkPop=0.048673818873187336 tkColOcp=0.04746221044078368
-----
meanST=0.005842510694974044 stDevST=0.005830128343761576

Steady State Statistics: numBatchesST=1874 batchSizeST=400 stDevStdStateMeanST=2.9042373038807255E-4
95% c.i. = 0.005842347704091093 +/- 1.3149080894992679E-5



REPORT for Depository of Queueing Place : I/product_product----------------------------------------

tkOcp=0.0

------------------ Color = product --------------------
arrivCnt=749788 deptCnt=749788
arrivThrPut=8.330976426805424 deptThrPut=8.330976426805424
meanTkPop=0.0 tkColOcp=0.0
-----
meanST=0.0 stDevST=0.0

Steady State Statistics: numBatchesST=3748 batchSizeST=200 stDevStdStateMeanST=0.0
95% c.i. = 0.0 +/- 0.0



REPORT for Queue : ImageProvider----------------------------------------

totArrivThrPut=49.99570300368058 totDeptThrPut=49.99570300368058
meanTotTkPop=0.14630782840406484 queueUtil=0.07254679284300299
meanST=0.0029264080633748454



REPORT for Queue of Queueing Place : Workload----------------------------------------

queueUtilQPl=1.0

------------------ Color = workload --------------------
arrivCnt=4499617 deptCnt=4499617
arrivThrPut=49.995736337008516 deptThrPut=49.995736337008516
meanTkPop=1.0 tkColOcp=1.0
-----
meanST=0.02000170561063957 stDevST=0.01999894462580703

Steady State Statistics: numBatchesST=11249 batchSizeST=400 stDevStdStateMeanST=0.0010047801332137183
95% c.i. = 0.0200017139691318 +/- 1.856787364718783E-5



REPORT for Depository of Queueing Place : Workload----------------------------------------

tkOcp=0.0

------------------ Color = workload --------------------
arrivCnt=4499617 deptCnt=4499617
arrivThrPut=49.995736337008516 deptThrPut=49.995736337008516
meanTkPop=0.0 tkColOcp=0.0
-----
meanST=0.0 stDevST=0.0

Steady State Statistics: numBatchesST=22498 batchSizeST=200 stDevStdStateMeanST=0.0
95% c.i. = 0.0 +/- 0.0



REPORT for Queue : Workload----------------------------------------

totArrivThrPut=49.995736337008516 totDeptThrPut=49.995736337008516
meanTotTkPop=1.0 queueUtil=1.0
meanST=0.02000170561063957



REPORT for Queue of Queueing Place : I/icon_index----------------------------------------

queueUtilQPl=0.005866520215725948

------------------ Color = index --------------------
arrivCnt=749934 deptCnt=749934
arrivThrPut=8.332598648764582 deptThrPut=8.332598648764582
meanTkPop=0.011734425414775713 tkColOcp=0.011644231394446413
-----
meanST=0.0014082552045772056 stDevST=0.0014299992333201522

Steady State Statistics: numBatchesST=468 batchSizeST=1600 stDevStdStateMeanST=3.5558147067642116E-5
95% c.i. = 0.0014082430254260775 +/- 3.2215456243737426E-6



REPORT for Depository of Queueing Place : I/icon_index----------------------------------------

tkOcp=0.0

------------------ Color = index --------------------
arrivCnt=749934 deptCnt=749934
arrivThrPut=8.332598648764582 deptThrPut=8.332598648764582
meanTkPop=0.0 tkColOcp=0.0
-----
meanST=0.0 stDevST=0.0

Steady State Statistics: numBatchesST=3749 batchSizeST=200 stDevStdStateMeanST=0.0
95% c.i. = 0.0 +/- 0.0



REPORT for Queue : ImageProvider----------------------------------------

totArrivThrPut=49.99570300368058 totDeptThrPut=49.99570300368058
meanTotTkPop=0.14630782840406484 queueUtil=0.07254679284300299
meanST=0.0029264080633748454



REPORT for Queue of Queueing Place : P/categories_login----------------------------------------

queueUtilQPl=0.008240115855415139

------------------ Color = login --------------------
arrivCnt=749369 deptCnt=749368
arrivThrPut=8.326320872004825 deptThrPut=8.326309760895516
meanTkPop=0.01648355124928423 tkColOcp=0.016296905799480243
-----
meanST=0.0019796709990766567 stDevST=0.002058121641275586

Steady State Statistics: numBatchesST=1873 batchSizeST=400 stDevStdStateMeanST=1.0491655553959821E-4
95% c.i. = 0.0019796614973800466 +/- 4.751417866327347E-6



REPORT for Depository of Queueing Place : P/categories_login----------------------------------------

tkOcp=0.0

------------------ Color = login --------------------
arrivCnt=749368 deptCnt=749368
arrivThrPut=8.326309760895516 deptThrPut=8.326309760895516
meanTkPop=0.0 tkColOcp=0.0
-----
meanST=0.0 stDevST=0.0

Steady State Statistics: numBatchesST=3746 batchSizeST=200 stDevStdStateMeanST=0.0
95% c.i. = 0.0 +/- 0.0



REPORT for Queue : Persistence----------------------------------------

totArrivThrPut=49.995747448117825 totDeptThrPut=49.99570300368059
meanTotTkPop=0.21275911718172252 queueUtil=0.10459577459099956
meanST=0.004255525959436241



REPORT for Queue of Queueing Place : I/icon_login----------------------------------------

queueUtilQPl=0.005851490428737358

------------------ Color = login --------------------
arrivCnt=749368 deptCnt=749368
arrivThrPut=8.326309760895516 deptThrPut=8.326309760895516
meanTkPop=0.011703630382941654 tkColOcp=0.011619752441972851
-----
meanST=0.001405620343108986 stDevST=0.0014267223758824075

Steady State Statistics: numBatchesST=1873 batchSizeST=400 stDevStdStateMeanST=7.254699157395353E-5
95% c.i. = 0.0014056142973018345 +/- 3.285478351247275E-6



REPORT for Depository of Queueing Place : I/icon_login----------------------------------------

tkOcp=0.0

------------------ Color = login --------------------
arrivCnt=749368 deptCnt=749368
arrivThrPut=8.326309760895516 deptThrPut=8.326309760895516
meanTkPop=0.0 tkColOcp=0.0
-----
meanST=0.0 stDevST=0.0

Steady State Statistics: numBatchesST=3746 batchSizeST=200 stDevStdStateMeanST=0.0
95% c.i. = 0.0 +/- 0.0



REPORT for Queue : ImageProvider----------------------------------------

totArrivThrPut=49.99570300368058 totDeptThrPut=49.99570300368058
meanTotTkPop=0.14630782840406484 queueUtil=0.07254679284300299
meanST=0.0029264080633748454



REPORT for Queue of Queueing Place : A/isLoggedIn_login----------------------------------------

queueUtilQPl=0.005686227521209404

------------------ Color = login --------------------
arrivCnt=749368 deptCnt=749368
arrivThrPut=8.326309760895516 deptThrPut=8.326309760895516
meanTkPop=0.011382819996947622 tkColOcp=0.011194252144582416
-----
meanST=0.0013670906228359407 stDevST=0.0021756469494998774

Steady State Statistics: numBatchesST=1873 batchSizeST=400 stDevStdStateMeanST=1.246719911007876E-4
95% c.i. = 0.0013671090557473165 +/- 5.646093916258155E-6



REPORT for Depository of Queueing Place : A/isLoggedIn_login----------------------------------------

tkOcp=0.0

------------------ Color = login --------------------
arrivCnt=749368 deptCnt=749368
arrivThrPut=8.326309760895516 deptThrPut=8.326309760895516
meanTkPop=0.0 tkColOcp=0.0
-----
meanST=0.0 stDevST=0.0

Steady State Statistics: numBatchesST=3746 batchSizeST=200 stDevStdStateMeanST=0.0
95% c.i. = 0.0 +/- 0.0



REPORT for Queue : Auth----------------------------------------

totArrivThrPut=49.99569189257127 totDeptThrPut=49.99570300368059
meanTotTkPop=0.24371359461056735 queueUtil=0.11763335248407351
meanST=0.004874696533982655



REPORT for Queue of Queueing Place : A/isLoggedIn_category----------------------------------------

queueUtilQPl=0.00855247865936091

------------------ Color = category --------------------
arrivCnt=749230 deptCnt=749230
arrivThrPut=8.324776427810832 deptThrPut=8.324776427810832
meanTkPop=0.017118655780792042 tkColOcp=0.016842297171811463
-----
meanST=0.0020563502130343386 stDevST=0.0026188876835939847

Steady State Statistics: numBatchesST=1873 batchSizeST=400 stDevStdStateMeanST=1.4342967093642088E-4
95% c.i. = 0.0020563252604543342 +/- 6.495584014779717E-6



REPORT for Depository of Queueing Place : A/isLoggedIn_category----------------------------------------

tkOcp=0.0

------------------ Color = category --------------------
arrivCnt=749230 deptCnt=749230
arrivThrPut=8.324776427810832 deptThrPut=8.324776427810832
meanTkPop=0.0 tkColOcp=0.0
-----
meanST=0.0 stDevST=0.0

Steady State Statistics: numBatchesST=3746 batchSizeST=200 stDevStdStateMeanST=0.0
95% c.i. = 0.0 +/- 0.0



REPORT for Queue : Auth----------------------------------------

totArrivThrPut=49.99569189257127 totDeptThrPut=49.99570300368059
meanTotTkPop=0.24371359461056735 queueUtil=0.11763335248407351
meanST=0.004874696533982655



REPORT for Queue of Queueing Place : I/icon_logout----------------------------------------

queueUtilQPl=0.0066041170912014965

------------------ Color = logout --------------------
arrivCnt=751147 deptCnt=751147
arrivThrPut=8.34607642435677 deptThrPut=8.34607642435677
meanTkPop=0.013209308469272702 tkColOcp=0.013104629964290345
-----
meanST=0.001582696802382892 stDevST=0.0015970376576493165

Steady State Statistics: numBatchesST=1877 batchSizeST=400 stDevStdStateMeanST=8.067638579656272E-5
95% c.i. = 0.0015827539265748855 +/- 3.649743878498131E-6



REPORT for Depository of Queueing Place : I/icon_logout----------------------------------------

tkOcp=0.0

------------------ Color = logout --------------------
arrivCnt=751147 deptCnt=751147
arrivThrPut=8.34607642435677 deptThrPut=8.34607642435677
meanTkPop=0.0 tkColOcp=0.0
-----
meanST=0.0 stDevST=0.0

Steady State Statistics: numBatchesST=3755 batchSizeST=200 stDevStdStateMeanST=0.0
95% c.i. = 0.0 +/- 0.0



REPORT for Queue : ImageProvider----------------------------------------

totArrivThrPut=49.99570300368058 totDeptThrPut=49.99570300368058
meanTotTkPop=0.14630782840406484 queueUtil=0.07254679284300299
meanST=0.0029264080633748454



REPORT for Queue of Queueing Place : I/icon_loginAction----------------------------------------

queueUtilQPl=0.008011924108595508

------------------ Color = loginAction --------------------
arrivCnt=750147 deptCnt=750147
arrivThrPut=8.334965315047464 deptThrPut=8.334965315047464
meanTkPop=0.01602556929116628 tkColOcp=0.015878789381754847
-----
meanST=0.0019226917792008857 stDevST=0.0019280761698890643

Steady State Statistics: numBatchesST=1875 batchSizeST=400 stDevStdStateMeanST=9.877576654149287E-5
95% c.i. = 0.0019226789585346333 +/- 4.47092993163167E-6



REPORT for Depository of Queueing Place : I/icon_loginAction----------------------------------------

tkOcp=0.0

------------------ Color = loginAction --------------------
arrivCnt=750147 deptCnt=750147
arrivThrPut=8.334965315047464 deptThrPut=8.334965315047464
meanTkPop=0.0 tkColOcp=0.0
-----
meanST=0.0 stDevST=0.0

Steady State Statistics: numBatchesST=3750 batchSizeST=200 stDevStdStateMeanST=0.0
95% c.i. = 0.0 +/- 0.0



REPORT for Queue : ImageProvider----------------------------------------

totArrivThrPut=49.99570300368058 totDeptThrPut=49.99570300368058
meanTotTkPop=0.14630782840406484 queueUtil=0.07254679284300299
meanST=0.0029264080633748454



REPORT for Queue of Queueing Place : A/isLoggedIn_product----------------------------------------

queueUtilQPl=0.009341983797968053

------------------ Color = product --------------------
arrivCnt=749788 deptCnt=749788
arrivThrPut=8.330976426805424 deptThrPut=8.330976426805424
meanTkPop=0.018697860233769688 tkColOcp=0.018390238908976717
-----
meanST=0.0022443780027522563 stDevST=0.002756561232625637

Steady State Statistics: numBatchesST=1874 batchSizeST=400 stDevStdStateMeanST=1.479407700449125E-4
95% c.i. = 0.002244416392036566 +/- 6.698092991191587E-6



REPORT for Depository of Queueing Place : A/isLoggedIn_product----------------------------------------

tkOcp=0.0

------------------ Color = product --------------------
arrivCnt=749788 deptCnt=749788
arrivThrPut=8.330976426805424 deptThrPut=8.330976426805424
meanTkPop=0.0 tkColOcp=0.0
-----
meanST=0.0 stDevST=0.0

Steady State Statistics: numBatchesST=3748 batchSizeST=200 stDevStdStateMeanST=0.0
95% c.i. = 0.0 +/- 0.0



REPORT for Queue : Auth----------------------------------------

totArrivThrPut=49.99569189257127 totDeptThrPut=49.99570300368059
meanTotTkPop=0.24371359461056735 queueUtil=0.11763335248407351
meanST=0.004874696533982655



REPORT for Queue of Queueing Place : P/category_logout----------------------------------------

queueUtilQPl=0.008583751414744727

------------------ Color = logout --------------------
arrivCnt=751147 deptCnt=751147
arrivThrPut=8.34607642435677 deptThrPut=8.34607642435677
meanTkPop=0.017170657919925905 tkColOcp=0.01697715534724984
-----
meanST=0.0020573329366857843 stDevST=0.0021306705170453973

Steady State Statistics: numBatchesST=938 batchSizeST=800 stDevStdStateMeanST=7.537954559959812E-5
95% c.i. = 0.0020572662899070366 +/- 4.823921000904135E-6



REPORT for Depository of Queueing Place : P/category_logout----------------------------------------

tkOcp=0.0

------------------ Color = logout --------------------
arrivCnt=751147 deptCnt=751147
arrivThrPut=8.34607642435677 deptThrPut=8.34607642435677
meanTkPop=0.0 tkColOcp=0.0
-----
meanST=0.0 stDevST=0.0

Steady State Statistics: numBatchesST=3755 batchSizeST=200 stDevStdStateMeanST=0.0
95% c.i. = 0.0 +/- 0.0



REPORT for Queue : Persistence----------------------------------------

totArrivThrPut=49.995747448117825 totDeptThrPut=49.99570300368059
meanTotTkPop=0.21275911718172252 queueUtil=0.10459577459099956
meanST=0.004255525959436241



REPORT for Ordinary Place : Finish_index----------------------------------------

tkOcp=1.0

------------------ Color = index --------------------
arrivCnt=749934 deptCnt=0
arrivThrPut=8.332598648764582 deptThrPut=0.0
meanTkPop=458009.3519806924 tkColOcp=1.0
-----
meanST=NaN stDevST=NaN

Steady State Statistics: Only 0 batches collected!
Need at least 60 for steady state statistics.



REPORT for Ordinary Place : Finish_login----------------------------------------

tkOcp=1.0

------------------ Color = login --------------------
arrivCnt=749368 deptCnt=0
arrivThrPut=8.326309760895516 deptThrPut=0.0
meanTkPop=457506.6662496452 tkColOcp=1.0
-----
meanST=NaN stDevST=NaN

Steady State Statistics: Only 0 batches collected!
Need at least 60 for steady state statistics.



REPORT for Ordinary Place : Finish_loginAction----------------------------------------

tkOcp=1.0

------------------ Color = loginAction --------------------
arrivCnt=750147 deptCnt=0
arrivThrPut=8.334965315047464 deptThrPut=0.0
meanTkPop=458460.72632427356 tkColOcp=1.0
-----
meanST=NaN stDevST=NaN

Steady State Statistics: Only 0 batches collected!
Need at least 60 for steady state statistics.



REPORT for Ordinary Place : Finish_category----------------------------------------

tkOcp=1.0

------------------ Color = category --------------------
arrivCnt=749230 deptCnt=0
arrivThrPut=8.324776427810832 deptThrPut=0.0
meanTkPop=458252.9434388272 tkColOcp=1.0
-----
meanST=NaN stDevST=NaN

Steady State Statistics: Only 0 batches collected!
Need at least 60 for steady state statistics.



REPORT for Ordinary Place : Finish_product----------------------------------------

tkOcp=1.0

------------------ Color = product --------------------
arrivCnt=749788 deptCnt=0
arrivThrPut=8.330976426805424 deptThrPut=0.0
meanTkPop=458134.51514983457 tkColOcp=1.0
-----
meanST=NaN stDevST=NaN

Steady State Statistics: Only 0 batches collected!
Need at least 60 for steady state statistics.



REPORT for Ordinary Place : Finish_logout----------------------------------------

tkOcp=1.0

------------------ Color = logout --------------------
arrivCnt=751147 deptCnt=0
arrivThrPut=8.34607642435677 deptThrPut=0.0
meanTkPop=458871.82146513014 tkColOcp=1.0
-----
meanST=NaN stDevST=NaN

Steady State Statistics: Only 0 batches collected!
Need at least 60 for steady state statistics.



REPORT REPORT for Probe : /index----------------------------------------


------------------ Color = index --------------------
-----
meanST=0.00965392065720054 stDevST=0.006273686371038253

Steady State Statistics: numBatchesST=1874 batchSizeST=400 stDevStdStateMeanST=3.383091266436238E-4
95% c.i. = 0.009653727272880799 +/- 1.5317116365825825E-5
-----
Histogram Data
   10% percentile=100.0
   20% percentile=100.0
   30% percentile=100.0
   40% percentile=100.0
   50% percentile=100.0
   60% percentile=100.0
   70% percentile=100.0
   80% percentile=100.0
   90% percentile=100.0
   histogramMean=50.0
Token sojourn times dumped in C:\Users\lliao\Downloads\qpme_models



REPORT REPORT for Probe : /login----------------------------------------


------------------ Color = login --------------------
-----
meanST=0.009702196926263775 stDevST=0.006308314046507855

Steady State Statistics: numBatchesST=1873 batchSizeST=400 stDevStdStateMeanST=3.4495325536903674E-4
95% c.i. = 0.00970229620980655 +/- 1.562210131831495E-5
-----
Histogram Data
   10% percentile=100.0
   20% percentile=100.0
   30% percentile=100.0
   40% percentile=100.0
   50% percentile=100.0
   60% percentile=100.0
   70% percentile=100.0
   80% percentile=100.0
   90% percentile=100.0
   histogramMean=50.0
Token sojourn times dumped in C:\Users\lliao\Downloads\qpme_models



REPORT REPORT for Probe : /loginAction----------------------------------------


------------------ Color = loginAction --------------------
-----
meanST=0.03255128100152615 stDevST=0.02147324574100419

Steady State Statistics: numBatchesST=1875 batchSizeST=400 stDevStdStateMeanST=0.001113101822047364
95% c.i. = 0.03255152594167735 +/- 5.038280569611962E-5
-----
Histogram Data
   10% percentile=100.0
   20% percentile=100.0
   30% percentile=100.0
   40% percentile=100.0
   50% percentile=100.0
   60% percentile=100.0
   70% percentile=100.0
   80% percentile=100.0
   90% percentile=100.0
   histogramMean=50.0
Token sojourn times dumped in C:\Users\lliao\Downloads\qpme_models



REPORT REPORT for Probe : /logout----------------------------------------


------------------ Color = logout --------------------
-----
meanST=0.01378351983045605 stDevST=0.008680970176483178

Steady State Statistics: numBatchesST=1877 batchSizeST=400 stDevStdStateMeanST=4.679909601220332E-4
95% c.i. = 0.01378359005304907 +/- 2.1171587262286937E-5
-----
Histogram Data
   10% percentile=100.0
   20% percentile=100.0
   30% percentile=100.0
   40% percentile=100.0
   50% percentile=100.0
   60% percentile=100.0
   70% percentile=100.0
   80% percentile=100.0
   90% percentile=100.0
   histogramMean=50.0
Token sojourn times dumped in C:\Users\lliao\Downloads\qpme_models



REPORT REPORT for Probe : /category----------------------------------------


------------------ Color = category --------------------
-----
meanST=0.025864606487979756 stDevST=0.014938530533706062

Steady State Statistics: numBatchesST=1873 batchSizeST=400 stDevStdStateMeanST=7.825571041916786E-4
95% c.i. = 0.025864616905427486 +/- 3.54401246510077E-5
-----
Histogram Data
   10% percentile=100.0
   20% percentile=100.0
   30% percentile=100.0
   40% percentile=100.0
   50% percentile=100.0
   60% percentile=100.0
   70% percentile=100.0
   80% percentile=100.0
   90% percentile=100.0
   histogramMean=50.0
Token sojourn times dumped in C:\Users\lliao\Downloads\qpme_models



REPORT REPORT for Probe : /product----------------------------------------


------------------ Color = product --------------------
-----
meanST=0.04003049560698335 stDevST=0.022465310711095473

Steady State Statistics: numBatchesST=468 batchSizeST=1600 stDevStdStateMeanST=5.96122380260543E-4
95% c.i. = 0.0400304583426791 +/- 5.400831044616515E-5
-----
Histogram Data
   10% percentile=100.0
   20% percentile=100.0
   30% percentile=100.0
   40% percentile=100.0
   50% percentile=100.0
   60% percentile=100.0
   70% percentile=100.0
   80% percentile=100.0
   90% percentile=100.0
   histogramMean=50.0
Token sojourn times dumped in C:\Users\lliao\Downloads\qpme_models



