INFO Logging to C:\Users\lliao\Downloads\qpme_models\SimQPN_Output_new configuration_2023-11-23_180501193.log
WARN Batch means correlation test was run for depository of place Workload, color 0
    However, the standard deviation of the token residence time is 0 and therefore the result of the test is ignored!
    In future runs, you should set numBMeansCorlTested to 0 to switch off the correlation test!
WARN Batch means correlation test was run for depository of place W/category, color 0
    However, the standard deviation of the token residence time is 0 and therefore the result of the test is ignored!
    In future runs, you should set numBMeansCorlTested to 0 to switch off the correlation test!
WARN Batch means correlation test was run for depository of place P/category_category, color 0
    However, the standard deviation of the token residence time is 0 and therefore the result of the test is ignored!
    In future runs, you should set numBMeansCorlTested to 0 to switch off the correlation test!
WARN Batch means correlation test was run for depository of place I/productImages_category, color 0
    However, the standard deviation of the token residence time is 0 and therefore the result of the test is ignored!
    In future runs, you should set numBMeansCorlTested to 0 to switch off the correlation test!
WARN Batch means correlation test was run for depository of place A/isLoggedIn_category, color 0
    However, the standard deviation of the token residence time is 0 and therefore the result of the test is ignored!
    In future runs, you should set numBMeansCorlTested to 0 to switch off the correlation test!
WARN Batch means correlation test was run for depository of place W/index, color 0
    However, the standard deviation of the token residence time is 0 and therefore the result of the test is ignored!
    In future runs, you should set numBMeansCorlTested to 0 to switch off the correlation test!
WARN Batch means correlation test was run for depository of place P/categories_index, color 0
    However, the standard deviation of the token residence time is 0 and therefore the result of the test is ignored!
    In future runs, you should set numBMeansCorlTested to 0 to switch off the correlation test!
WARN Batch means correlation test was run for depository of place A/isLoggedIn_index, color 0
    However, the standard deviation of the token residence time is 0 and therefore the result of the test is ignored!
    In future runs, you should set numBMeansCorlTested to 0 to switch off the correlation test!
WARN Batch means correlation test was run for depository of place I/icon_index, color 0
    However, the standard deviation of the token residence time is 0 and therefore the result of the test is ignored!
    In future runs, you should set numBMeansCorlTested to 0 to switch off the correlation test!
WARN Batch means correlation test was run for depository of place W/product, color 0
    However, the standard deviation of the token residence time is 0 and therefore the result of the test is ignored!
    In future runs, you should set numBMeansCorlTested to 0 to switch off the correlation test!
WARN Batch means correlation test was run for depository of place P/getProduct_product, color 0
    However, the standard deviation of the token residence time is 0 and therefore the result of the test is ignored!
    In future runs, you should set numBMeansCorlTested to 0 to switch off the correlation test!
WARN Batch means correlation test was run for depository of place R/getAds_product, color 0
    However, the standard deviation of the token residence time is 0 and therefore the result of the test is ignored!
    In future runs, you should set numBMeansCorlTested to 0 to switch off the correlation test!
WARN Batch means correlation test was run for depository of place I/product_product, color 0
    However, the standard deviation of the token residence time is 0 and therefore the result of the test is ignored!
    In future runs, you should set numBMeansCorlTested to 0 to switch off the correlation test!
WARN Batch means correlation test was run for depository of place A/isLoggedIn_product, color 0
    However, the standard deviation of the token residence time is 0 and therefore the result of the test is ignored!
    In future runs, you should set numBMeansCorlTested to 0 to switch off the correlation test!
WARN Batch means correlation test was run for depository of place W/loginAction, color 0
    However, the standard deviation of the token residence time is 0 and therefore the result of the test is ignored!
    In future runs, you should set numBMeansCorlTested to 0 to switch off the correlation test!
WARN Batch means correlation test was run for depository of place A/login_loginAction, color 0
    However, the standard deviation of the token residence time is 0 and therefore the result of the test is ignored!
    In future runs, you should set numBMeansCorlTested to 0 to switch off the correlation test!
WARN Batch means correlation test was run for depository of place P/getUser_loginAction, color 0
    However, the standard deviation of the token residence time is 0 and therefore the result of the test is ignored!
    In future runs, you should set numBMeansCorlTested to 0 to switch off the correlation test!
WARN Batch means correlation test was run for depository of place I/icon_loginAction, color 0
    However, the standard deviation of the token residence time is 0 and therefore the result of the test is ignored!
    In future runs, you should set numBMeansCorlTested to 0 to switch off the correlation test!
WARN Batch means correlation test was run for depository of place I/icon_login, color 0
    However, the standard deviation of the token residence time is 0 and therefore the result of the test is ignored!
    In future runs, you should set numBMeansCorlTested to 0 to switch off the correlation test!
WARN Batch means correlation test was run for depository of place A/isLoggedIn_login, color 0
    However, the standard deviation of the token residence time is 0 and therefore the result of the test is ignored!
    In future runs, you should set numBMeansCorlTested to 0 to switch off the correlation test!
WARN Batch means correlation test was run for depository of place W/login, color 0
    However, the standard deviation of the token residence time is 0 and therefore the result of the test is ignored!
    In future runs, you should set numBMeansCorlTested to 0 to switch off the correlation test!
WARN Batch means correlation test was run for depository of place P/categories_login, color 0
    However, the standard deviation of the token residence time is 0 and therefore the result of the test is ignored!
    In future runs, you should set numBMeansCorlTested to 0 to switch off the correlation test!
WARN Batch means correlation test was run for depository of place W/logout, color 0
    However, the standard deviation of the token residence time is 0 and therefore the result of the test is ignored!
    In future runs, you should set numBMeansCorlTested to 0 to switch off the correlation test!
WARN Batch means correlation test was run for depository of place A/logout_logout, color 0
    However, the standard deviation of the token residence time is 0 and therefore the result of the test is ignored!
    In future runs, you should set numBMeansCorlTested to 0 to switch off the correlation test!
WARN Batch means correlation test was run for depository of place P/category_logout, color 0
    However, the standard deviation of the token residence time is 0 and therefore the result of the test is ignored!
    In future runs, you should set numBMeansCorlTested to 0 to switch off the correlation test!
WARN Batch means correlation test was run for depository of place I/icon_logout, color 0
    However, the standard deviation of the token residence time is 0 and therefore the result of the test is ignored!
    In future runs, you should set numBMeansCorlTested to 0 to switch off the correlation test!
WARN The simulation was stopped because of reaching max totalRunLen.
The required precision may not have been reached!
REPORT for Queue of Queueing Place : W/index----------------------------------------

queueUtilQPl=0.020470724347774753

------------------ Color = index --------------------
arrivCnt=747383 deptCnt=747383
arrivThrPut=8.304255563018454 deptThrPut=8.304255563018454
meanTkPop=0.04099019495988336 tkColOcp=0.03975315977098246
-----
meanST=0.00493604690376173 stDevST=0.005290577971002695

Steady State Statistics: numBatchesST=1868 batchSizeST=400 stDevStdStateMeanST=2.860207580746537E-4
95% c.i. = 0.004936038549638177 +/- 1.2970514646617126E-5



REPORT for Depository of Queueing Place : W/index----------------------------------------

tkOcp=0.0

------------------ Color = index --------------------
arrivCnt=747383 deptCnt=747383
arrivThrPut=8.304255563018454 deptThrPut=8.304255563018454
meanTkPop=0.0 tkColOcp=0.0
-----
meanST=0.0 stDevST=0.0

Steady State Statistics: numBatchesST=3736 batchSizeST=200 stDevStdStateMeanST=0.0
95% c.i. = 0.0 +/- 0.0



REPORT for Queue : WebUI----------------------------------------

totArrivThrPut=49.96547782268094 totDeptThrPut=49.96547782268094
meanTotTkPop=0.4743658894692154 queueUtil=0.2229625701253631
meanST=0.009493872772570295



REPORT for Queue of Queueing Place : P/categories_index----------------------------------------

queueUtilQPl=0.00823529800598666

------------------ Color = index --------------------
arrivCnt=747383 deptCnt=747383
arrivThrPut=8.304255563018454 deptThrPut=8.304255563018454
meanTkPop=0.016474227298065386 tkColOcp=0.016283280614245884
-----
meanST=0.001983829516450634 stDevST=0.00206451916805614

Steady State Statistics: numBatchesST=934 batchSizeST=800 stDevStdStateMeanST=7.36133773892017E-5
95% c.i. = 0.001983894999706174 +/- 4.720971694784859E-6



REPORT for Depository of Queueing Place : P/categories_index----------------------------------------

tkOcp=0.0

------------------ Color = index --------------------
arrivCnt=747383 deptCnt=747383
arrivThrPut=8.304255563018454 deptThrPut=8.304255563018454
meanTkPop=0.0 tkColOcp=0.0
-----
meanST=0.0 stDevST=0.0

Steady State Statistics: numBatchesST=3736 batchSizeST=200 stDevStdStateMeanST=0.0
95% c.i. = 0.0 +/- 0.0



REPORT for Queue : Persistence----------------------------------------

totArrivThrPut=49.96547782268093 totDeptThrPut=49.96547782268093
meanTotTkPop=0.21282313797269306 queueUtil=0.10462638599032018
meanST=0.004259403637206604



REPORT for Queue of Queueing Place : A/isLoggedIn_index----------------------------------------

queueUtilQPl=0.005605390642929781

------------------ Color = index --------------------
arrivCnt=747383 deptCnt=747383
arrivThrPut=8.304255563018454 deptThrPut=8.304255563018454
meanTkPop=0.011222916457301734 tkColOcp=0.01104107984684107
-----
meanST=0.00135146568793969 stDevST=0.0021377471864702747

Steady State Statistics: numBatchesST=1868 batchSizeST=400 stDevStdStateMeanST=1.1890854871767493E-4
95% c.i. = 0.0013515060024241136 +/- 5.392283703926253E-6



REPORT for Depository of Queueing Place : A/isLoggedIn_index----------------------------------------

tkOcp=0.0

------------------ Color = index --------------------
arrivCnt=747383 deptCnt=747383
arrivThrPut=8.304255563018454 deptThrPut=8.304255563018454
meanTkPop=0.0 tkColOcp=0.0
-----
meanST=0.0 stDevST=0.0

Steady State Statistics: numBatchesST=3736 batchSizeST=200 stDevStdStateMeanST=0.0
95% c.i. = 0.0 +/- 0.0



REPORT for Queue : Auth----------------------------------------

totArrivThrPut=49.965488933792045 totDeptThrPut=49.965488933792045
meanTotTkPop=0.2433215279706103 queueUtil=0.11752694882370875
meanST=0.0048697917935523315



REPORT for Queue of Queueing Place : W/login----------------------------------------

queueUtilQPl=0.02059571507161278

------------------ Color = login --------------------
arrivCnt=750068 deptCnt=750068
arrivThrPut=8.334088896378598 deptThrPut=8.334088896378598
meanTkPop=0.041245977510697675 tkColOcp=0.03999513066523792
-----
meanST=0.004949068581284301 stDevST=0.005281838646425227

Steady State Statistics: numBatchesST=1875 batchSizeST=400 stDevStdStateMeanST=2.8653469558225094E-4
95% c.i. = 0.004949102895268476 +/- 1.2969542953549353E-5



REPORT for Depository of Queueing Place : W/login----------------------------------------

tkOcp=0.0

------------------ Color = login --------------------
arrivCnt=750068 deptCnt=750068
arrivThrPut=8.334088896378598 deptThrPut=8.334088896378598
meanTkPop=0.0 tkColOcp=0.0
-----
meanST=0.0 stDevST=0.0

Steady State Statistics: numBatchesST=3750 batchSizeST=200 stDevStdStateMeanST=0.0
95% c.i. = 0.0 +/- 0.0



REPORT for Queue : WebUI----------------------------------------

totArrivThrPut=49.96547782268094 totDeptThrPut=49.96547782268094
meanTotTkPop=0.4743658894692154 queueUtil=0.2229625701253631
meanST=0.009493872772570295



REPORT for Queue of Queueing Place : W/loginAction----------------------------------------

queueUtilQPl=0.03230951978615618

------------------ Color = loginAction --------------------
arrivCnt=749351 deptCnt=749351
arrivThrPut=8.326122229704772 deptThrPut=8.326122229704772
meanTkPop=0.064730992194156 tkColOcp=0.062103005460510126
-----
meanST=0.007774446544060791 stDevST=0.007785407949756271

Steady State Statistics: numBatchesST=1873 batchSizeST=400 stDevStdStateMeanST=4.0178318091212167E-4
95% c.i. = 0.007774525710116624 +/- 1.819579163991108E-5



REPORT for Depository of Queueing Place : W/loginAction----------------------------------------

tkOcp=0.0

------------------ Color = loginAction --------------------
arrivCnt=749351 deptCnt=749351
arrivThrPut=8.326122229704772 deptThrPut=8.326122229704772
meanTkPop=0.0 tkColOcp=0.0
-----
meanST=0.0 stDevST=0.0

Steady State Statistics: numBatchesST=3746 batchSizeST=200 stDevStdStateMeanST=0.0
95% c.i. = 0.0 +/- 0.0



REPORT for Queue : WebUI----------------------------------------

totArrivThrPut=49.96547782268094 totDeptThrPut=49.96547782268094
meanTotTkPop=0.4743658894692154 queueUtil=0.2229625701253631
meanST=0.009493872772570295



REPORT for Queue of Queueing Place : A/login_loginAction----------------------------------------

queueUtilQPl=0.08141039070225209

------------------ Color = loginAction --------------------
arrivCnt=749351 deptCnt=749351
arrivThrPut=8.326122229704772 deptThrPut=8.326122229704772
meanTkPop=0.16391686273053602 tkColOcp=0.15042305318582147
-----
meanST=0.0196870593787029 stDevST=0.019619623395554425

Steady State Statistics: numBatchesST=1873 batchSizeST=400 stDevStdStateMeanST=0.001011392930744531
95% c.i. = 0.019687241871451423 +/- 4.5803547555495216E-5



REPORT for Depository of Queueing Place : A/login_loginAction----------------------------------------

tkOcp=0.0

------------------ Color = loginAction --------------------
arrivCnt=749351 deptCnt=749351
arrivThrPut=8.326122229704772 deptThrPut=8.326122229704772
meanTkPop=0.0 tkColOcp=0.0
-----
meanST=0.0 stDevST=0.0

Steady State Statistics: numBatchesST=3746 batchSizeST=200 stDevStdStateMeanST=0.0
95% c.i. = 0.0 +/- 0.0



REPORT for Queue : Auth----------------------------------------

totArrivThrPut=49.965488933792045 totDeptThrPut=49.965488933792045
meanTotTkPop=0.2433215279706103 queueUtil=0.11752694882370875
meanST=0.0048697917935523315



REPORT for Queue of Queueing Place : W/logout----------------------------------------

queueUtilQPl=0.03174580847644974

------------------ Color = logout --------------------
arrivCnt=749099 deptCnt=749099
arrivThrPut=8.323322229702255 deptThrPut=8.323322229702255
meanTkPop=0.06361046165039952 tkColOcp=0.06101233502183879
-----
meanST=0.007642436504909291 stDevST=0.007670144258758949

Steady State Statistics: numBatchesST=1872 batchSizeST=400 stDevStdStateMeanST=4.084186085118735E-4
95% c.i. = 0.007642739764383271 +/- 1.850123374906619E-5



REPORT for Depository of Queueing Place : W/logout----------------------------------------

tkOcp=0.0

------------------ Color = logout --------------------
arrivCnt=749099 deptCnt=749099
arrivThrPut=8.323322229702255 deptThrPut=8.323322229702255
meanTkPop=0.0 tkColOcp=0.0
-----
meanST=0.0 stDevST=0.0

Steady State Statistics: numBatchesST=3745 batchSizeST=200 stDevStdStateMeanST=0.0
95% c.i. = 0.0 +/- 0.0



REPORT for Queue : WebUI----------------------------------------

totArrivThrPut=49.96547782268094 totDeptThrPut=49.96547782268094
meanTotTkPop=0.4743658894692154 queueUtil=0.2229625701253631
meanST=0.009493872772570295



REPORT for Queue of Queueing Place : A/logout_logout----------------------------------------

queueUtilQPl=0.010443549174288715

------------------ Color = logout --------------------
arrivCnt=749099 deptCnt=749099
arrivThrPut=8.323322229702255 deptThrPut=8.323322229702255
meanTkPop=0.02089790057682888 tkColOcp=0.020559708679864893
-----
meanST=0.0025107643318497894 stDevST=0.0029302941455366612

Steady State Statistics: numBatchesST=1872 batchSizeST=400 stDevStdStateMeanST=1.5906447023767505E-4
95% c.i. = 0.002510715267697947 +/- 7.205570176543639E-6



REPORT for Depository of Queueing Place : A/logout_logout----------------------------------------

tkOcp=0.0

------------------ Color = logout --------------------
arrivCnt=749099 deptCnt=749099
arrivThrPut=8.323322229702255 deptThrPut=8.323322229702255
meanTkPop=0.0 tkColOcp=0.0
-----
meanST=0.0 stDevST=0.0

Steady State Statistics: numBatchesST=3745 batchSizeST=200 stDevStdStateMeanST=0.0
95% c.i. = 0.0 +/- 0.0



REPORT for Queue : Auth----------------------------------------

totArrivThrPut=49.965488933792045 totDeptThrPut=49.965488933792045
meanTotTkPop=0.2433215279706103 queueUtil=0.11752694882370875
meanST=0.0048697917935523315



REPORT for Queue of Queueing Place : P/getUser_loginAction----------------------------------------

queueUtilQPl=0.013155097877828153

------------------ Color = loginAction --------------------
arrivCnt=749351 deptCnt=749351
arrivThrPut=8.326122229704772 deptThrPut=8.326122229704772
meanTkPop=0.026317392905584554 tkColOcp=0.025921718396767986
-----
meanST=0.003160822310738251 stDevST=0.0031808853183915194

Steady State Statistics: numBatchesST=1873 batchSizeST=400 stDevStdStateMeanST=1.6381307031046894E-4
95% c.i. = 0.0031608179101887926 +/- 7.418699031892376E-6



REPORT for Depository of Queueing Place : P/getUser_loginAction----------------------------------------

tkOcp=0.0

------------------ Color = loginAction --------------------
arrivCnt=749351 deptCnt=749351
arrivThrPut=8.326122229704772 deptThrPut=8.326122229704772
meanTkPop=0.0 tkColOcp=0.0
-----
meanST=0.0 stDevST=0.0

Steady State Statistics: numBatchesST=3746 batchSizeST=200 stDevStdStateMeanST=0.0
95% c.i. = 0.0 +/- 0.0



REPORT for Queue : Persistence----------------------------------------

totArrivThrPut=49.96547782268093 totDeptThrPut=49.96547782268093
meanTotTkPop=0.21282313797269306 queueUtil=0.10462638599032018
meanST=0.004259403637206604



REPORT for Queue of Queueing Place : W/category----------------------------------------

queueUtilQPl=0.052412140460116136

------------------ Color = category --------------------
arrivCnt=750181 deptCnt=750181
arrivThrPut=8.335344451935281 deptThrPut=8.335344451935281
meanTkPop=0.10520555538363396 tkColOcp=0.09893815439400029
-----
meanST=0.012621620616914946 stDevST=0.012383582317984332

Steady State Statistics: numBatchesST=1875 batchSizeST=400 stDevStdStateMeanST=6.666461603038474E-4
95% c.i. = 0.012621828822329229 +/- 3.017469138705962E-5



REPORT for Depository of Queueing Place : W/category----------------------------------------

tkOcp=0.0

------------------ Color = category --------------------
arrivCnt=750181 deptCnt=750181
arrivThrPut=8.335344451935281 deptThrPut=8.335344451935281
meanTkPop=0.0 tkColOcp=0.0
-----
meanST=0.0 stDevST=0.0

Steady State Statistics: numBatchesST=3750 batchSizeST=200 stDevStdStateMeanST=0.0
95% c.i. = 0.0 +/- 0.0



REPORT for Queue : WebUI----------------------------------------

totArrivThrPut=49.96547782268094 totDeptThrPut=49.96547782268094
meanTotTkPop=0.4743658894692154 queueUtil=0.2229625701253631
meanST=0.009493872772570295



REPORT for Queue of Queueing Place : W/product----------------------------------------

queueUtilQPl=0.07871736669711048

------------------ Color = product --------------------
arrivCnt=750811 deptCnt=750811
arrivThrPut=8.342344451941573 deptThrPut=8.342344451941573
meanTkPop=0.15858270777044486 tkColOcp=0.1451337085885064
-----
meanST=0.01900936945051901 stDevST=0.018723390830887827

Steady State Statistics: numBatchesST=1877 batchSizeST=400 stDevStdStateMeanST=0.0010182034585466293
95% c.i. = 0.019009451143690726 +/- 4.60628200334492E-5



REPORT for Depository of Queueing Place : W/product----------------------------------------

tkOcp=0.0

------------------ Color = product --------------------
arrivCnt=750811 deptCnt=750811
arrivThrPut=8.342344451941573 deptThrPut=8.342344451941573
meanTkPop=0.0 tkColOcp=0.0
-----
meanST=0.0 stDevST=0.0

Steady State Statistics: numBatchesST=3754 batchSizeST=200 stDevStdStateMeanST=0.0
95% c.i. = 0.0 +/- 0.0



REPORT for Queue : WebUI----------------------------------------

totArrivThrPut=49.96547782268094 totDeptThrPut=49.96547782268094
meanTotTkPop=0.4743658894692154 queueUtil=0.2229625701253631
meanST=0.009493872772570295



REPORT for Queue of Queueing Place : P/category_category----------------------------------------

queueUtilQPl=0.02428750784160782

------------------ Color = category --------------------
arrivCnt=750181 deptCnt=750181
arrivThrPut=8.335344451935281 deptThrPut=8.335344451935281
meanTkPop=0.048608978905549695 tkColOcp=0.04732848658052962
-----
meanST=0.005831670087042866 stDevST=0.005812399154831802

Steady State Statistics: numBatchesST=1875 batchSizeST=400 stDevStdStateMeanST=2.933326114224017E-4
95% c.i. = 0.005831519331725826 +/- 1.3277239936995955E-5



REPORT for Depository of Queueing Place : P/category_category----------------------------------------

tkOcp=0.0

------------------ Color = category --------------------
arrivCnt=750181 deptCnt=750181
arrivThrPut=8.335344451935281 deptThrPut=8.335344451935281
meanTkPop=0.0 tkColOcp=0.0
-----
meanST=0.0 stDevST=0.0

Steady State Statistics: numBatchesST=3750 batchSizeST=200 stDevStdStateMeanST=0.0
95% c.i. = 0.0 +/- 0.0



REPORT for Queue : Persistence----------------------------------------

totArrivThrPut=49.96547782268093 totDeptThrPut=49.96547782268093
meanTotTkPop=0.21282313797269306 queueUtil=0.10462638599032018
meanST=0.004259403637206604



REPORT for Queue of Queueing Place : P/getProduct_product----------------------------------------

queueUtilQPl=0.04382576345289085

------------------ Color = product --------------------
arrivCnt=750811 deptCnt=750811
arrivThrPut=8.342344451941573 deptThrPut=8.342344451941573
meanTkPop=0.08782185004894065 tkColOcp=0.08390060191171196
-----
meanST=0.01052723854245808 stDevST=0.010469761031068975

Steady State Statistics: numBatchesST=1877 batchSizeST=400 stDevStdStateMeanST=5.244066564865559E-4
95% c.i. = 0.010527271715466748 +/- 2.3723794335331086E-5



REPORT for Depository of Queueing Place : P/getProduct_product----------------------------------------

tkOcp=0.0

------------------ Color = product --------------------
arrivCnt=750811 deptCnt=750811
arrivThrPut=8.342344451941573 deptThrPut=8.342344451941573
meanTkPop=0.0 tkColOcp=0.0
-----
meanST=0.0 stDevST=0.0

Steady State Statistics: numBatchesST=3754 batchSizeST=200 stDevStdStateMeanST=0.0
95% c.i. = 0.0 +/- 0.0



REPORT for Queue : Persistence----------------------------------------

totArrivThrPut=49.96547782268093 totDeptThrPut=49.96547782268093
meanTotTkPop=0.21282313797269306 queueUtil=0.10462638599032018
meanST=0.004259403637206604



REPORT for Queue of Queueing Place : R/getAds_product----------------------------------------

queueUtilQPl=0.018406476745457895

------------------ Color = product --------------------
arrivCnt=750811 deptCnt=750811
arrivThrPut=8.342344451941573 deptThrPut=8.342344451941573
meanTkPop=0.03682491241194653 tkColOcp=0.03615611999164701
-----
meanST=0.00441421624629465 stDevST=0.004414184328265399

Steady State Statistics: numBatchesST=1877 batchSizeST=400 stDevStdStateMeanST=2.207892560993045E-4
95% c.i. = 0.004414202395925998 +/- 9.988353195674833E-6



REPORT for Depository of Queueing Place : R/getAds_product----------------------------------------

tkOcp=0.0

------------------ Color = product --------------------
arrivCnt=750811 deptCnt=750811
arrivThrPut=8.342344451941573 deptThrPut=8.342344451941573
meanTkPop=0.0 tkColOcp=0.0
-----
meanST=0.0 stDevST=0.0

Steady State Statistics: numBatchesST=3754 batchSizeST=200 stDevStdStateMeanST=0.0
95% c.i. = 0.0 +/- 0.0



REPORT for Queue : Recommender----------------------------------------

totArrivThrPut=8.342344451941573 totDeptThrPut=8.342344451941573
meanTotTkPop=0.03682491241194653 queueUtil=0.018406476745457895
meanST=0.00441421624629465



REPORT for Queue of Queueing Place : I/productImages_category----------------------------------------

queueUtilQPl=0.02244665040454689

------------------ Color = category --------------------
arrivCnt=750181 deptCnt=750181
arrivThrPut=8.335344451935281 deptThrPut=8.335344451935281
meanTkPop=0.04491579384122564 tkColOcp=0.043871113628244224
-----
meanST=0.005388594808556134 stDevST=0.005380560540691529

Steady State Statistics: numBatchesST=937 batchSizeST=800 stDevStdStateMeanST=1.8154523078568394E-4
95% c.i. = 0.005388652590886302 +/- 1.1624201777430645E-5



REPORT for Depository of Queueing Place : I/productImages_category----------------------------------------

tkOcp=0.0

------------------ Color = category --------------------
arrivCnt=750181 deptCnt=750181
arrivThrPut=8.335344451935281 deptThrPut=8.335344451935281
meanTkPop=0.0 tkColOcp=0.0
-----
meanST=0.0 stDevST=0.0

Steady State Statistics: numBatchesST=3750 batchSizeST=200 stDevStdStateMeanST=0.0
95% c.i. = 0.0 +/- 0.0



REPORT for Queue : ImageProvider----------------------------------------

totArrivThrPut=49.96547782268094 totDeptThrPut=49.96547782268094
meanTotTkPop=0.14616254729451517 queueUtil=0.07248588795067551
meanST=0.002925270680152833



REPORT for Queue of Queueing Place : I/product_product----------------------------------------

queueUtilQPl=0.024307118838986473

------------------ Color = product --------------------
arrivCnt=750811 deptCnt=750811
arrivThrPut=8.342344451941573 deptThrPut=8.342344451941573
meanTkPop=0.04864430023865312 tkColOcp=0.04742848631444974
-----
meanST=0.005831010757093804 stDevST=0.005814404370468901

Steady State Statistics: numBatchesST=1877 batchSizeST=400 stDevStdStateMeanST=2.8850852429796315E-4
95% c.i. = 0.005831026717522154 +/- 1.3051926038261912E-5



REPORT for Depository of Queueing Place : I/product_product----------------------------------------

tkOcp=0.0

------------------ Color = product --------------------
arrivCnt=750811 deptCnt=750811
arrivThrPut=8.342344451941573 deptThrPut=8.342344451941573
meanTkPop=0.0 tkColOcp=0.0
-----
meanST=0.0 stDevST=0.0

Steady State Statistics: numBatchesST=3754 batchSizeST=200 stDevStdStateMeanST=0.0
95% c.i. = 0.0 +/- 0.0



REPORT for Queue : ImageProvider----------------------------------------

totArrivThrPut=49.96547782268094 totDeptThrPut=49.96547782268094
meanTotTkPop=0.14616254729451517 queueUtil=0.07248588795067551
meanST=0.002925270680152833



REPORT for Queue of Queueing Place : Workload----------------------------------------

queueUtilQPl=1.0

------------------ Color = workload --------------------
arrivCnt=4496893 deptCnt=4496894
arrivThrPut=49.96547782268093 deptThrPut=49.96548893379205
meanTkPop=1.0 tkColOcp=1.0
-----
meanST=0.020013815800968678 stDevST=0.020022015718539874

Steady State Statistics: numBatchesST=11242 batchSizeST=400 stDevStdStateMeanST=0.0010110874580412318
95% c.i. = 0.020013872310698327 +/- 1.8690246267407978E-5



REPORT for Depository of Queueing Place : Workload----------------------------------------

tkOcp=0.0

------------------ Color = workload --------------------
arrivCnt=4496894 deptCnt=4496893
arrivThrPut=49.96548893379205 deptThrPut=49.96547782268093
meanTkPop=0.0 tkColOcp=0.0
-----
meanST=0.0 stDevST=0.0

Steady State Statistics: numBatchesST=22484 batchSizeST=200 stDevStdStateMeanST=0.0
95% c.i. = 0.0 +/- 0.0



REPORT for Queue : Workload----------------------------------------

totArrivThrPut=49.96547782268093 totDeptThrPut=49.96548893379205
meanTotTkPop=1.0 queueUtil=1.0
meanST=0.020013815800968678



REPORT for Queue of Queueing Place : I/icon_index----------------------------------------

queueUtilQPl=0.005842964316000789

------------------ Color = index --------------------
arrivCnt=747383 deptCnt=747383
arrivThrPut=8.304255563018454 deptThrPut=8.304255563018454
meanTkPop=0.011686930334698635 tkColOcp=0.011598247244134616
-----
meanST=0.0014073423253908911 stDevST=0.001425164180962346

Steady State Statistics: numBatchesST=1868 batchSizeST=400 stDevStdStateMeanST=6.880408562437346E-5
95% c.i. = 0.0014073209765860981 +/- 3.120138574365658E-6



REPORT for Depository of Queueing Place : I/icon_index----------------------------------------

tkOcp=0.0

------------------ Color = index --------------------
arrivCnt=747383 deptCnt=747383
arrivThrPut=8.304255563018454 deptThrPut=8.304255563018454
meanTkPop=0.0 tkColOcp=0.0
-----
meanST=0.0 stDevST=0.0

Steady State Statistics: numBatchesST=3736 batchSizeST=200 stDevStdStateMeanST=0.0
95% c.i. = 0.0 +/- 0.0



REPORT for Queue : ImageProvider----------------------------------------

totArrivThrPut=49.96547782268094 totDeptThrPut=49.96547782268094
meanTotTkPop=0.14616254729451517 queueUtil=0.07248588795067551
meanST=0.002925270680152833



REPORT for Queue of Queueing Place : P/categories_login----------------------------------------

queueUtilQPl=0.008244222147007582

------------------ Color = login --------------------
arrivCnt=750068 deptCnt=750068
arrivThrPut=8.334088896378598 deptThrPut=8.334088896378598
meanTkPop=0.016493164444308483 tkColOcp=0.01630102855029221
-----
meanST=0.001979000302177631 stDevST=0.002065413401104124

Steady State Statistics: numBatchesST=1875 batchSizeST=400 stDevStdStateMeanST=1.0832036424951244E-4
95% c.i. = 0.0019790051593335974 +/- 4.902951155787313E-6



REPORT for Depository of Queueing Place : P/categories_login----------------------------------------

tkOcp=0.0

------------------ Color = login --------------------
arrivCnt=750068 deptCnt=750068
arrivThrPut=8.334088896378598 deptThrPut=8.334088896378598
meanTkPop=0.0 tkColOcp=0.0
-----
meanST=0.0 stDevST=0.0

Steady State Statistics: numBatchesST=3750 batchSizeST=200 stDevStdStateMeanST=0.0
95% c.i. = 0.0 +/- 0.0



REPORT for Queue : Persistence----------------------------------------

totArrivThrPut=49.96547782268093 totDeptThrPut=49.96547782268093
meanTotTkPop=0.21282313797269306 queueUtil=0.10462638599032018
meanST=0.004259403637206604



REPORT for Queue of Queueing Place : I/icon_login----------------------------------------

queueUtilQPl=0.005869146089179232

------------------ Color = login --------------------
arrivCnt=750068 deptCnt=750068
arrivThrPut=8.334088896378598 deptThrPut=8.334088896378598
meanTkPop=0.011739164575422768 tkColOcp=0.011653382426341072
-----
meanST=0.0014085720372533793 stDevST=0.001426644412955441

Steady State Statistics: numBatchesST=1875 batchSizeST=400 stDevStdStateMeanST=7.096978395209973E-5
95% c.i. = 0.0014085317466304705 +/- 3.2123358028265638E-6



REPORT for Depository of Queueing Place : I/icon_login----------------------------------------

tkOcp=0.0

------------------ Color = login --------------------
arrivCnt=750068 deptCnt=750069
arrivThrPut=8.334088896378598 deptThrPut=8.334100007489718
meanTkPop=0.0 tkColOcp=0.0
-----
meanST=0.0 stDevST=0.0

Steady State Statistics: numBatchesST=3750 batchSizeST=200 stDevStdStateMeanST=0.0
95% c.i. = 0.0 +/- 0.0



REPORT for Queue : ImageProvider----------------------------------------

totArrivThrPut=49.96547782268094 totDeptThrPut=49.96547782268094
meanTotTkPop=0.14616254729451517 queueUtil=0.07248588795067551
meanST=0.002925270680152833



REPORT for Queue of Queueing Place : A/isLoggedIn_login----------------------------------------

queueUtilQPl=0.005685989255276824

------------------ Color = login --------------------
arrivCnt=750069 deptCnt=750069
arrivThrPut=8.334100007489718 deptThrPut=8.334100007489718
meanTkPop=0.01138294770124068 tkColOcp=0.011199013655709598
-----
meanST=0.0013658280667391814 stDevST=0.002158751809258452

Steady State Statistics: numBatchesST=937 batchSizeST=800 stDevStdStateMeanST=8.217423793473587E-5
95% c.i. = 0.0013658853366353076 +/- 5.261553379981658E-6



REPORT for Depository of Queueing Place : A/isLoggedIn_login----------------------------------------

tkOcp=0.0

------------------ Color = login --------------------
arrivCnt=750069 deptCnt=750069
arrivThrPut=8.334100007489718 deptThrPut=8.334100007489718
meanTkPop=0.0 tkColOcp=0.0
-----
meanST=0.0 stDevST=0.0

Steady State Statistics: numBatchesST=3750 batchSizeST=200 stDevStdStateMeanST=0.0
95% c.i. = 0.0 +/- 0.0



REPORT for Queue : Auth----------------------------------------

totArrivThrPut=49.965488933792045 totDeptThrPut=49.965488933792045
meanTotTkPop=0.2433215279706103 queueUtil=0.11752694882370875
meanST=0.0048697917935523315



REPORT for Queue of Queueing Place : A/isLoggedIn_category----------------------------------------

queueUtilQPl=0.008587106099384113

------------------ Color = category --------------------
arrivCnt=750181 deptCnt=750181
arrivThrPut=8.335344451935281 deptThrPut=8.335344451935281
meanTkPop=0.01718373650036896 tkColOcp=0.01692328260068268
-----
meanST=0.0020615508572509296 stDevST=0.0026000527247188837

Steady State Statistics: numBatchesST=1875 batchSizeST=400 stDevStdStateMeanST=1.4206177198260254E-4
95% c.i. = 0.00206146894543024 +/- 6.430202981323802E-6



REPORT for Depository of Queueing Place : A/isLoggedIn_category----------------------------------------

tkOcp=0.0

------------------ Color = category --------------------
arrivCnt=750181 deptCnt=750181
arrivThrPut=8.335344451935281 deptThrPut=8.335344451935281
meanTkPop=0.0 tkColOcp=0.0
-----
meanST=0.0 stDevST=0.0

Steady State Statistics: numBatchesST=3750 batchSizeST=200 stDevStdStateMeanST=0.0
95% c.i. = 0.0 +/- 0.0



REPORT for Queue : Auth----------------------------------------

totArrivThrPut=49.965488933792045 totDeptThrPut=49.965488933792045
meanTotTkPop=0.2433215279706103 queueUtil=0.11752694882370875
meanST=0.0048697917935523315



REPORT for Queue of Queueing Place : I/icon_logout----------------------------------------

queueUtilQPl=0.006581369196699813

------------------ Color = logout --------------------
arrivCnt=749099 deptCnt=749099
arrivThrPut=8.323322229702255 deptThrPut=8.323322229702255
meanTkPop=0.013163992606513866 tkColOcp=0.013056368031833873
-----
meanST=0.0015815791150722725 stDevST=0.001596404780736059

Steady State Statistics: numBatchesST=1872 batchSizeST=400 stDevStdStateMeanST=8.064110781539634E-5
95% c.i. = 0.0015816087061642254 +/- 3.653016670597961E-6



REPORT for Depository of Queueing Place : I/icon_logout----------------------------------------

tkOcp=0.0

------------------ Color = logout --------------------
arrivCnt=749099 deptCnt=749099
arrivThrPut=8.323322229702255 deptThrPut=8.323322229702255
meanTkPop=0.0 tkColOcp=0.0
-----
meanST=0.0 stDevST=0.0

Steady State Statistics: numBatchesST=3745 batchSizeST=200 stDevStdStateMeanST=0.0
95% c.i. = 0.0 +/- 0.0



REPORT for Queue : ImageProvider----------------------------------------

totArrivThrPut=49.96547782268094 totDeptThrPut=49.96547782268094
meanTotTkPop=0.14616254729451517 queueUtil=0.07248588795067551
meanST=0.002925270680152833



REPORT for Queue of Queueing Place : I/icon_loginAction----------------------------------------

queueUtilQPl=0.00800544646819444

------------------ Color = loginAction --------------------
arrivCnt=749351 deptCnt=749351
arrivThrPut=8.326122229704772 deptThrPut=8.326122229704772
meanTkPop=0.016012365698001126 tkColOcp=0.01586919775119033
-----
meanST=0.0019231480461425912 stDevST=0.001931266634188497

Steady State Statistics: numBatchesST=1873 batchSizeST=400 stDevStdStateMeanST=9.637315633575914E-5
95% c.i. = 0.0019231497566370367 +/- 4.36450791291235E-6



REPORT for Depository of Queueing Place : I/icon_loginAction----------------------------------------

tkOcp=0.0

------------------ Color = loginAction --------------------
arrivCnt=749351 deptCnt=749351
arrivThrPut=8.326122229704772 deptThrPut=8.326122229704772
meanTkPop=0.0 tkColOcp=0.0
-----
meanST=0.0 stDevST=0.0

Steady State Statistics: numBatchesST=3746 batchSizeST=200 stDevStdStateMeanST=0.0
95% c.i. = 0.0 +/- 0.0



REPORT for Queue : ImageProvider----------------------------------------

totArrivThrPut=49.96547782268094 totDeptThrPut=49.96547782268094
meanTotTkPop=0.14616254729451517 queueUtil=0.07248588795067551
meanST=0.002925270680152833



REPORT for Queue of Queueing Place : A/isLoggedIn_product----------------------------------------

queueUtilQPl=0.00935281488168692

------------------ Color = product --------------------
arrivCnt=750811 deptCnt=750811
arrivThrPut=8.342344451941573 deptThrPut=8.342344451941573
meanTkPop=0.018717164004334038 tkColOcp=0.01842299955258906
-----
meanST=0.002243633562742409 stDevST=0.0027270940609780353

Steady State Statistics: numBatchesST=1877 batchSizeST=400 stDevStdStateMeanST=1.487714436045036E-4
95% c.i. = 0.002243626332999036 +/- 6.7303171830238464E-6



REPORT for Depository of Queueing Place : A/isLoggedIn_product----------------------------------------

tkOcp=0.0

------------------ Color = product --------------------
arrivCnt=750811 deptCnt=750811
arrivThrPut=8.342344451941573 deptThrPut=8.342344451941573
meanTkPop=0.0 tkColOcp=0.0
-----
meanST=0.0 stDevST=0.0

Steady State Statistics: numBatchesST=3754 batchSizeST=200 stDevStdStateMeanST=0.0
95% c.i. = 0.0 +/- 0.0



REPORT for Queue : Auth----------------------------------------

totArrivThrPut=49.965488933792045 totDeptThrPut=49.965488933792045
meanTotTkPop=0.2433215279706103 queueUtil=0.11752694882370875
meanST=0.0048697917935523315



REPORT for Queue of Queueing Place : P/category_logout----------------------------------------

queueUtilQPl=0.008551941766323162

------------------ Color = logout --------------------
arrivCnt=749099 deptCnt=749099
arrivThrPut=8.323322229702255 deptThrPut=8.323322229702255
meanTkPop=0.017107524370244282 tkColOcp=0.016908643321872908
-----
meanST=0.0020553721096120844 stDevST=0.0021230676699637973

Steady State Statistics: numBatchesST=1872 batchSizeST=400 stDevStdStateMeanST=1.0885640115342155E-4
95% c.i. = 0.0020553433506794905 +/- 4.9311605319839876E-6



REPORT for Depository of Queueing Place : P/category_logout----------------------------------------

tkOcp=0.0

------------------ Color = logout --------------------
arrivCnt=749099 deptCnt=749099
arrivThrPut=8.323322229702255 deptThrPut=8.323322229702255
meanTkPop=0.0 tkColOcp=0.0
-----
meanST=0.0 stDevST=0.0

Steady State Statistics: numBatchesST=3745 batchSizeST=200 stDevStdStateMeanST=0.0
95% c.i. = 0.0 +/- 0.0



REPORT for Queue : Persistence----------------------------------------

totArrivThrPut=49.96547782268093 totDeptThrPut=49.96547782268093
meanTotTkPop=0.21282313797269306 queueUtil=0.10462638599032018
meanST=0.004259403637206604



REPORT for Ordinary Place : Finish_index----------------------------------------

tkOcp=1.0

------------------ Color = index --------------------
arrivCnt=747383 deptCnt=0
arrivThrPut=8.304255563018454 deptThrPut=0.0
meanTkPop=457175.7657633945 tkColOcp=1.0
-----
meanST=NaN stDevST=NaN

Steady State Statistics: Only 0 batches collected!
Need at least 60 for steady state statistics.



REPORT for Ordinary Place : Finish_login----------------------------------------

tkOcp=1.0000000000000002

------------------ Color = login --------------------
arrivCnt=750069 deptCnt=0
arrivThrPut=8.334100007489718 deptThrPut=0.0
meanTkPop=457834.70176331926 tkColOcp=1.0000000000000002
-----
meanST=NaN stDevST=NaN

Steady State Statistics: Only 0 batches collected!
Need at least 60 for steady state statistics.



REPORT for Ordinary Place : Finish_loginAction----------------------------------------

tkOcp=1.0

------------------ Color = loginAction --------------------
arrivCnt=749351 deptCnt=0
arrivThrPut=8.326122229704772 deptThrPut=0.0
meanTkPop=457953.6209311535 tkColOcp=1.0
-----
meanST=NaN stDevST=NaN

Steady State Statistics: Only 0 batches collected!
Need at least 60 for steady state statistics.



REPORT for Ordinary Place : Finish_category----------------------------------------

tkOcp=1.0000000000000002

------------------ Color = category --------------------
arrivCnt=750181 deptCnt=0
arrivThrPut=8.335344451935281 deptThrPut=0.0
meanTkPop=458019.60240496695 tkColOcp=1.0000000000000002
-----
meanST=NaN stDevST=NaN

Steady State Statistics: Only 0 batches collected!
Need at least 60 for steady state statistics.



REPORT for Ordinary Place : Finish_product----------------------------------------

tkOcp=1.0

------------------ Color = product --------------------
arrivCnt=750811 deptCnt=0
arrivThrPut=8.342344451941573 deptThrPut=0.0
meanTkPop=458728.52674180525 tkColOcp=1.0
-----
meanST=NaN stDevST=NaN

Steady State Statistics: Only 0 batches collected!
Need at least 60 for steady state statistics.



REPORT for Ordinary Place : Finish_logout----------------------------------------

tkOcp=1.0

------------------ Color = logout --------------------
arrivCnt=749099 deptCnt=0
arrivThrPut=8.323322229702255 deptThrPut=0.0
meanTkPop=457659.4261733295 tkColOcp=1.0
-----
meanST=NaN stDevST=NaN

Steady State Statistics: Only 0 batches collected!
Need at least 60 for steady state statistics.



REPORT REPORT for Probe : /index----------------------------------------


------------------ Color = index --------------------
-----
meanST=0.009678684433542946 stDevST=0.0062974000136158895

Steady State Statistics: numBatchesST=1868 batchSizeST=400 stDevStdStateMeanST=3.396232821445415E-4
95% c.i. = 0.009678760528354573 +/- 1.54012903994828E-5
-----
Histogram Data
   10% percentile=100.0
   20% percentile=100.0
   30% percentile=100.0
   40% percentile=100.0
   50% percentile=100.0
   60% percentile=100.0
   70% percentile=100.0
   80% percentile=100.0
   90% percentile=100.0
   histogramMean=50.0
Token sojourn times dumped in C:\Users\lliao\Downloads\qpme_models



REPORT REPORT for Probe : /login----------------------------------------


------------------ Color = login --------------------
-----
meanST=0.009702468903091377 stDevST=0.006299586627654892

Steady State Statistics: numBatchesST=1875 batchSizeST=400 stDevStdStateMeanST=3.4802824777468923E-4
95% c.i. = 0.009702468885080426 +/- 1.575295200949462E-5
-----
Histogram Data
   10% percentile=100.0
   20% percentile=100.0
   30% percentile=100.0
   40% percentile=100.0
   50% percentile=100.0
   60% percentile=100.0
   70% percentile=100.0
   80% percentile=100.0
   90% percentile=100.0
   histogramMean=50.0
Token sojourn times dumped in C:\Users\lliao\Downloads\qpme_models



REPORT REPORT for Probe : /loginAction----------------------------------------


------------------ Color = loginAction --------------------
-----
meanST=0.032545476279644533 stDevST=0.02143001432753648

Steady State Statistics: numBatchesST=1873 batchSizeST=400 stDevStdStateMeanST=0.0010962492089537973
95% c.i. = 0.03254573524839383 +/- 4.96464838230834E-5
-----
Histogram Data
   10% percentile=100.0
   20% percentile=100.0
   30% percentile=100.0
   40% percentile=100.0
   50% percentile=100.0
   60% percentile=100.0
   70% percentile=100.0
   80% percentile=100.0
   90% percentile=100.0
   histogramMean=50.0
Token sojourn times dumped in C:\Users\lliao\Downloads\qpme_models



REPORT REPORT for Probe : /logout----------------------------------------


------------------ Color = logout --------------------
-----
meanST=0.013790152061443437 stDevST=0.008662188160410422

Steady State Statistics: numBatchesST=1872 batchSizeST=400 stDevStdStateMeanST=4.631842469126568E-4
95% c.i. = 0.013790407088924908 +/- 2.098209984172923E-5
-----
Histogram Data
   10% percentile=100.0
   20% percentile=100.0
   30% percentile=100.0
   40% percentile=100.0
   50% percentile=100.0
   60% percentile=100.0
   70% percentile=100.0
   80% percentile=100.0
   90% percentile=100.0
   histogramMean=50.0
Token sojourn times dumped in C:\Users\lliao\Downloads\qpme_models



REPORT REPORT for Probe : /category----------------------------------------


------------------ Color = category --------------------
-----
meanST=0.025903436369764877 stDevST=0.014941568710996493

Steady State Statistics: numBatchesST=1875 batchSizeST=400 stDevStdStateMeanST=7.827468841494776E-4
95% c.i. = 0.025903458382914482 +/- 3.5429808299844906E-5
-----
Histogram Data
   10% percentile=100.0
   20% percentile=100.0
   30% percentile=100.0
   40% percentile=100.0
   50% percentile=100.0
   60% percentile=100.0
   70% percentile=100.0
   80% percentile=100.0
   90% percentile=100.0
   histogramMean=50.0
Token sojourn times dumped in C:\Users\lliao\Downloads\qpme_models



REPORT REPORT for Probe : /product----------------------------------------


------------------ Color = product --------------------
-----
meanST=0.04202546855910795 stDevST=0.022853822045891273

Steady State Statistics: numBatchesST=1877 batchSizeST=400 stDevStdStateMeanST=0.0012262330561362792
95% c.i. = 0.04202557830560472 +/- 5.547393510575582E-5
-----
Histogram Data
   10% percentile=100.0
   20% percentile=100.0
   30% percentile=100.0
   40% percentile=100.0
   50% percentile=100.0
   60% percentile=100.0
   70% percentile=100.0
   80% percentile=100.0
   90% percentile=100.0
   histogramMean=50.0
Token sojourn times dumped in C:\Users\lliao\Downloads\qpme_models



