INFO Logging to C:\Users\lliao\Downloads\qpme_models\SimQPN_Output_new configuration_2023-11-23_202124788.log
WARN Batch means correlation test was run for depository of place Workload, color 0
    However, the standard deviation of the token residence time is 0 and therefore the result of the test is ignored!
    In future runs, you should set numBMeansCorlTested to 0 to switch off the correlation test!
WARN Batch means correlation test was run for depository of place W/product, color 0
    However, the standard deviation of the token residence time is 0 and therefore the result of the test is ignored!
    In future runs, you should set numBMeansCorlTested to 0 to switch off the correlation test!
WARN Batch means correlation test was run for depository of place P/getProduct_product, color 0
    However, the standard deviation of the token residence time is 0 and therefore the result of the test is ignored!
    In future runs, you should set numBMeansCorlTested to 0 to switch off the correlation test!
WARN Batch means correlation test was run for depository of place R/getAds_product, color 0
    However, the standard deviation of the token residence time is 0 and therefore the result of the test is ignored!
    In future runs, you should set numBMeansCorlTested to 0 to switch off the correlation test!
WARN Batch means correlation test was run for depository of place I/product_product, color 0
    However, the standard deviation of the token residence time is 0 and therefore the result of the test is ignored!
    In future runs, you should set numBMeansCorlTested to 0 to switch off the correlation test!
WARN Batch means correlation test was run for depository of place A/isLoggedIn_product, color 0
    However, the standard deviation of the token residence time is 0 and therefore the result of the test is ignored!
    In future runs, you should set numBMeansCorlTested to 0 to switch off the correlation test!
WARN Batch means correlation test was run for depository of place W/category, color 0
    However, the standard deviation of the token residence time is 0 and therefore the result of the test is ignored!
    In future runs, you should set numBMeansCorlTested to 0 to switch off the correlation test!
WARN Batch means correlation test was run for depository of place P/category_category, color 0
    However, the standard deviation of the token residence time is 0 and therefore the result of the test is ignored!
    In future runs, you should set numBMeansCorlTested to 0 to switch off the correlation test!
WARN Batch means correlation test was run for depository of place I/productImages_category, color 0
    However, the standard deviation of the token residence time is 0 and therefore the result of the test is ignored!
    In future runs, you should set numBMeansCorlTested to 0 to switch off the correlation test!
WARN Batch means correlation test was run for depository of place A/isLoggedIn_category, color 0
    However, the standard deviation of the token residence time is 0 and therefore the result of the test is ignored!
    In future runs, you should set numBMeansCorlTested to 0 to switch off the correlation test!
WARN Batch means correlation test was run for depository of place W/loginAction, color 0
    However, the standard deviation of the token residence time is 0 and therefore the result of the test is ignored!
    In future runs, you should set numBMeansCorlTested to 0 to switch off the correlation test!
WARN Batch means correlation test was run for depository of place A/login_loginAction, color 0
    However, the standard deviation of the token residence time is 0 and therefore the result of the test is ignored!
    In future runs, you should set numBMeansCorlTested to 0 to switch off the correlation test!
WARN Batch means correlation test was run for depository of place P/getUser_loginAction, color 0
    However, the standard deviation of the token residence time is 0 and therefore the result of the test is ignored!
    In future runs, you should set numBMeansCorlTested to 0 to switch off the correlation test!
WARN Batch means correlation test was run for depository of place I/icon_loginAction, color 0
    However, the standard deviation of the token residence time is 0 and therefore the result of the test is ignored!
    In future runs, you should set numBMeansCorlTested to 0 to switch off the correlation test!
WARN Batch means correlation test was run for depository of place W/login, color 0
    However, the standard deviation of the token residence time is 0 and therefore the result of the test is ignored!
    In future runs, you should set numBMeansCorlTested to 0 to switch off the correlation test!
WARN Batch means correlation test was run for depository of place P/categories_login, color 0
    However, the standard deviation of the token residence time is 0 and therefore the result of the test is ignored!
    In future runs, you should set numBMeansCorlTested to 0 to switch off the correlation test!
WARN Batch means correlation test was run for depository of place I/icon_login, color 0
    However, the standard deviation of the token residence time is 0 and therefore the result of the test is ignored!
    In future runs, you should set numBMeansCorlTested to 0 to switch off the correlation test!
WARN Batch means correlation test was run for depository of place A/isLoggedIn_login, color 0
    However, the standard deviation of the token residence time is 0 and therefore the result of the test is ignored!
    In future runs, you should set numBMeansCorlTested to 0 to switch off the correlation test!
WARN Batch means correlation test was run for depository of place W/index, color 0
    However, the standard deviation of the token residence time is 0 and therefore the result of the test is ignored!
    In future runs, you should set numBMeansCorlTested to 0 to switch off the correlation test!
WARN Batch means correlation test was run for depository of place P/categories_index, color 0
    However, the standard deviation of the token residence time is 0 and therefore the result of the test is ignored!
    In future runs, you should set numBMeansCorlTested to 0 to switch off the correlation test!
WARN Batch means correlation test was run for depository of place A/isLoggedIn_index, color 0
    However, the standard deviation of the token residence time is 0 and therefore the result of the test is ignored!
    In future runs, you should set numBMeansCorlTested to 0 to switch off the correlation test!
WARN Batch means correlation test was run for depository of place I/icon_index, color 0
    However, the standard deviation of the token residence time is 0 and therefore the result of the test is ignored!
    In future runs, you should set numBMeansCorlTested to 0 to switch off the correlation test!
WARN Batch means correlation test was run for depository of place W/logout, color 0
    However, the standard deviation of the token residence time is 0 and therefore the result of the test is ignored!
    In future runs, you should set numBMeansCorlTested to 0 to switch off the correlation test!
WARN Batch means correlation test was run for depository of place A/logout_logout, color 0
    However, the standard deviation of the token residence time is 0 and therefore the result of the test is ignored!
    In future runs, you should set numBMeansCorlTested to 0 to switch off the correlation test!
WARN Batch means correlation test was run for depository of place P/category_logout, color 0
    However, the standard deviation of the token residence time is 0 and therefore the result of the test is ignored!
    In future runs, you should set numBMeansCorlTested to 0 to switch off the correlation test!
WARN Batch means correlation test was run for depository of place I/icon_logout, color 0
    However, the standard deviation of the token residence time is 0 and therefore the result of the test is ignored!
    In future runs, you should set numBMeansCorlTested to 0 to switch off the correlation test!
WARN The simulation was stopped because of reaching max totalRunLen.
The required precision may not have been reached!
REPORT for Queue of Queueing Place : W/index----------------------------------------

queueUtilQPl=0.060006699167790736

------------------ Color = index --------------------
arrivCnt=999885 deptCnt=999885
arrivThrPut=11.109834277544296 deptThrPut=11.109834277544296
meanTkPop=0.12252773068275435 tkColOcp=0.10628914474906456
-----
meanST=0.011028763131994955 stDevST=0.014201680802388629

Steady State Statistics: numBatchesST=1249 batchSizeST=800 stDevStdStateMeanST=8.122931000513998E-4
95% c.i. = 0.011027525443056744 +/- 4.504842753049229E-5



REPORT for Depository of Queueing Place : W/index----------------------------------------

tkOcp=0.0

------------------ Color = index --------------------
arrivCnt=999885 deptCnt=999885
arrivThrPut=11.109834277544296 deptThrPut=11.109834277544296
meanTkPop=0.0 tkColOcp=0.0
-----
meanST=0.0 stDevST=0.0

Steady State Statistics: numBatchesST=4999 batchSizeST=200 stDevStdStateMeanST=0.0
95% c.i. = 0.0 +/- 0.0



REPORT for Queue : WebUI----------------------------------------

totArrivThrPut=100.02303072305489 totDeptThrPut=100.02299738971871
meanTotTkPop=1.806706446289104 queueUtil=0.5695192365079296
meanST=0.018062908498236833



REPORT for Queue of Queueing Place : P/categories_index----------------------------------------

queueUtilQPl=0.01591536196670274

------------------ Color = index --------------------
arrivCnt=999885 deptCnt=999885
arrivThrPut=11.109834277544296 deptThrPut=11.109834277544296
meanTkPop=0.03195536353472276 tkColOcp=0.030371079115910325
-----
meanST=0.0028763132497225813 stDevST=0.0037873886456040685

Steady State Statistics: numBatchesST=2499 batchSizeST=400 stDevStdStateMeanST=2.2376253699063104E-4
95% c.i. = 0.0028763591312135333 +/- 8.773085064328637E-6



REPORT for Depository of Queueing Place : P/categories_index----------------------------------------

tkOcp=0.0

------------------ Color = index --------------------
arrivCnt=999885 deptCnt=999885
arrivThrPut=11.109834277544296 deptThrPut=11.109834277544296
meanTkPop=0.0 tkColOcp=0.0
-----
meanST=0.0 stDevST=0.0

Steady State Statistics: numBatchesST=4999 batchSizeST=200 stDevStdStateMeanST=0.0
95% c.i. = 0.0 +/- 0.0



REPORT for Queue : Persistence----------------------------------------

totArrivThrPut=100.02298627860665 totDeptThrPut=100.0229751674946
meanTotTkPop=0.6523692661574689 queueUtil=0.28804782037091003
meanST=0.006522192397270242



REPORT for Queue of Queueing Place : A/isLoggedIn_index----------------------------------------

queueUtilQPl=0.00895632898378489

------------------ Color = index --------------------
arrivCnt=999885 deptCnt=999885
arrivThrPut=11.109834277544296 deptThrPut=11.109834277544296
meanTkPop=0.01800021500103396 tkColOcp=0.017230223799590487
-----
meanST=0.0016202055360462772 stDevST=0.003095635309327446

Steady State Statistics: numBatchesST=1249 batchSizeST=800 stDevStdStateMeanST=1.4078490363144322E-4
95% c.i. = 0.0016200618165461507 +/- 7.807697157869613E-6



REPORT for Depository of Queueing Place : A/isLoggedIn_index----------------------------------------

tkOcp=0.0

------------------ Color = index --------------------
arrivCnt=999885 deptCnt=999885
arrivThrPut=11.109834277544296 deptThrPut=11.109834277544296
meanTkPop=0.0 tkColOcp=0.0
-----
meanST=0.0 stDevST=0.0

Steady State Statistics: numBatchesST=4999 batchSizeST=200 stDevStdStateMeanST=0.0
95% c.i. = 0.0 +/- 0.0



REPORT for Queue : Auth----------------------------------------

totArrivThrPut=100.02298627860668 totDeptThrPut=100.02297516749462
meanTotTkPop=0.4217182923284544 queueUtil=0.19044094474713735
meanST=0.0042162123834936956



REPORT for Queue of Queueing Place : W/login----------------------------------------

queueUtilQPl=0.060096557952413275

------------------ Color = login --------------------
arrivCnt=999232 deptCnt=999232
arrivThrPut=11.1025787213721 deptThrPut=11.1025787213721
meanTkPop=0.1227349635967565 tkColOcp=0.10645474930917295
-----
meanST=0.011054635745162132 stDevST=0.014211907539493012

Steady State Statistics: numBatchesST=2498 batchSizeST=400 stDevStdStateMeanST=0.001136445530699868
95% c.i. = 0.01105463732616318 +/- 4.4565676048365236E-5



REPORT for Depository of Queueing Place : W/login----------------------------------------

tkOcp=0.0

------------------ Color = login --------------------
arrivCnt=999232 deptCnt=999231
arrivThrPut=11.1025787213721 deptThrPut=11.102567610260044
meanTkPop=0.0 tkColOcp=0.0
-----
meanST=0.0 stDevST=0.0

Steady State Statistics: numBatchesST=4996 batchSizeST=200 stDevStdStateMeanST=0.0
95% c.i. = 0.0 +/- 0.0



REPORT for Queue : WebUI----------------------------------------

totArrivThrPut=100.02303072305489 totDeptThrPut=100.02299738971871
meanTotTkPop=1.806706446289104 queueUtil=0.5695192365079296
meanST=0.018062908498236833



REPORT for Queue of Queueing Place : W/loginAction----------------------------------------

queueUtilQPl=0.07551225442389209

------------------ Color = loginAction --------------------
arrivCnt=999079 deptCnt=999079
arrivThrPut=11.10087872122762 deptThrPut=11.10087872122762
meanTkPop=0.15424337784525094 tkColOcp=0.13340912385111353
-----
meanST=0.013894699844823956 stDevST=0.01537994118430445

Steady State Statistics: numBatchesST=2497 batchSizeST=400 stDevStdStateMeanST=0.0012329106808133777
95% c.i. = 0.013894732110751089 +/- 4.8358234261245093E-5



REPORT for Depository of Queueing Place : W/loginAction----------------------------------------

tkOcp=0.0

------------------ Color = loginAction --------------------
arrivCnt=999079 deptCnt=999079
arrivThrPut=11.10087872122762 deptThrPut=11.10087872122762
meanTkPop=0.0 tkColOcp=0.0
-----
meanST=0.0 stDevST=0.0

Steady State Statistics: numBatchesST=4995 batchSizeST=200 stDevStdStateMeanST=0.0
95% c.i. = 0.0 +/- 0.0



REPORT for Queue : WebUI----------------------------------------

totArrivThrPut=100.02303072305489 totDeptThrPut=100.02299738971871
meanTotTkPop=1.806706446289104 queueUtil=0.5695192365079296
meanST=0.018062908498236833



REPORT for Queue of Queueing Place : A/login_loginAction----------------------------------------

queueUtilQPl=0.10922691963148912

------------------ Color = loginAction --------------------
arrivCnt=999079 deptCnt=999078
arrivThrPut=11.10087872122762 deptThrPut=11.100867610115564
meanTkPop=0.22147497876609593 tkColOcp=0.195906191085729
-----
meanST=0.0199511246103771 stDevST=0.019781791112717908

Steady State Statistics: numBatchesST=2497 batchSizeST=400 stDevStdStateMeanST=0.0010438948890438946
95% c.i. = 0.019951505711468275 +/- 4.0944501798944403E-5



REPORT for Depository of Queueing Place : A/login_loginAction----------------------------------------

tkOcp=0.0

------------------ Color = loginAction --------------------
arrivCnt=999078 deptCnt=999078
arrivThrPut=11.100867610115564 deptThrPut=11.100867610115564
meanTkPop=0.0 tkColOcp=0.0
-----
meanST=0.0 stDevST=0.0

Steady State Statistics: numBatchesST=4995 batchSizeST=200 stDevStdStateMeanST=0.0
95% c.i. = 0.0 +/- 0.0



REPORT for Queue : Auth----------------------------------------

totArrivThrPut=100.02298627860668 totDeptThrPut=100.02297516749462
meanTotTkPop=0.4217182923284544 queueUtil=0.19044094474713735
meanST=0.0042162123834936956



REPORT for Queue of Queueing Place : W/logout----------------------------------------

queueUtilQPl=0.07482309255473894

------------------ Color = logout --------------------
arrivCnt=1000802 deptCnt=1000801
arrivThrPut=11.120023167299125 deptThrPut=11.12001205618707
meanTkPop=0.15276136807360494 tkColOcp=0.1321793964389562
-----
meanST=0.013737506222590923 stDevST=0.015261902170708002

Steady State Statistics: numBatchesST=2502 batchSizeST=400 stDevStdStateMeanST=0.0011977450958524432
95% c.i. = 0.01373750368486871 +/- 4.693197597327297E-5



REPORT for Depository of Queueing Place : W/logout----------------------------------------

tkOcp=0.0

------------------ Color = logout --------------------
arrivCnt=1000801 deptCnt=1000801
arrivThrPut=11.12001205618707 deptThrPut=11.12001205618707
meanTkPop=0.0 tkColOcp=0.0
-----
meanST=0.0 stDevST=0.0

Steady State Statistics: numBatchesST=5004 batchSizeST=200 stDevStdStateMeanST=0.0
95% c.i. = 0.0 +/- 0.0



REPORT for Queue : WebUI----------------------------------------

totArrivThrPut=100.02303072305489 totDeptThrPut=100.02299738971871
meanTotTkPop=1.806706446289104 queueUtil=0.5695192365079296
meanST=0.018062908498236833



REPORT for Queue of Queueing Place : A/logout_logout----------------------------------------

queueUtilQPl=0.015242675099508348

------------------ Color = logout --------------------
arrivCnt=1000801 deptCnt=1000801
arrivThrPut=11.12001205618707 deptThrPut=11.12001205618707
meanTkPop=0.03055951473855754 tkColOcp=0.0295278380064542
-----
meanST=0.0027481548207094354 stDevST=0.003618897324669492

Steady State Statistics: numBatchesST=2502 batchSizeST=400 stDevStdStateMeanST=2.1225212934713368E-4
95% c.i. = 0.002748157384752936 +/- 8.316804526514132E-6



REPORT for Depository of Queueing Place : A/logout_logout----------------------------------------

tkOcp=0.0

------------------ Color = logout --------------------
arrivCnt=1000801 deptCnt=1000801
arrivThrPut=11.12001205618707 deptThrPut=11.12001205618707
meanTkPop=0.0 tkColOcp=0.0
-----
meanST=0.0 stDevST=0.0

Steady State Statistics: numBatchesST=5004 batchSizeST=200 stDevStdStateMeanST=0.0
95% c.i. = 0.0 +/- 0.0



REPORT for Queue : Auth----------------------------------------

totArrivThrPut=100.02298627860668 totDeptThrPut=100.02297516749462
meanTotTkPop=0.4217182923284544 queueUtil=0.19044094474713735
meanST=0.0042162123834936956



REPORT for Queue of Queueing Place : P/getUser_loginAction----------------------------------------

queueUtilQPl=0.021107144600057415

------------------ Color = loginAction --------------------
arrivCnt=999078 deptCnt=999078
arrivThrPut=11.100867610115564 deptThrPut=11.100867610115564
meanTkPop=0.04229421477308512 tkColOcp=0.04074639427150526
-----
meanST=0.0038099918185264103 stDevST=0.004193881350346599

Steady State Statistics: numBatchesST=2497 batchSizeST=400 stDevStdStateMeanST=2.3577532992751228E-4
95% c.i. = 0.0038100378915394543 +/- 9.24777343167719E-6



REPORT for Depository of Queueing Place : P/getUser_loginAction----------------------------------------

tkOcp=0.0

------------------ Color = loginAction --------------------
arrivCnt=999078 deptCnt=999078
arrivThrPut=11.100867610115564 deptThrPut=11.100867610115564
meanTkPop=0.0 tkColOcp=0.0
-----
meanST=0.0 stDevST=0.0

Steady State Statistics: numBatchesST=4995 batchSizeST=200 stDevStdStateMeanST=0.0
95% c.i. = 0.0 +/- 0.0



REPORT for Queue : Persistence----------------------------------------

totArrivThrPut=100.02298627860665 totDeptThrPut=100.0229751674946
meanTotTkPop=0.6523692661574689 queueUtil=0.28804782037091003
meanST=0.006522192397270242



REPORT for Queue of Queueing Place : W/category----------------------------------------

queueUtilQPl=0.19408493131903137

------------------ Color = category --------------------
arrivCnt=2000056 deptCnt=2000055
arrivThrPut=22.222846333136445 deptThrPut=22.22283522202439
meanTkPop=0.41615213039118426 tkColOcp=0.30987412407209275
-----
meanST=0.0187263287710493 stDevST=0.01810034581752928

Steady State Statistics: numBatchesST=2500 batchSizeST=800 stDevStdStateMeanST=0.001211983164284939
95% c.i. = 0.01872636584958739 +/- 4.750886703734744E-5



REPORT for Depository of Queueing Place : W/category----------------------------------------

tkOcp=0.0

------------------ Color = category --------------------
arrivCnt=2000055 deptCnt=2000055
arrivThrPut=22.22283522202439 deptThrPut=22.22283522202439
meanTkPop=0.0 tkColOcp=0.0
-----
meanST=0.0 stDevST=0.0

Steady State Statistics: numBatchesST=10000 batchSizeST=200 stDevStdStateMeanST=0.0
95% c.i. = 0.0 +/- 0.0



REPORT for Queue : WebUI----------------------------------------

totArrivThrPut=100.02303072305489 totDeptThrPut=100.02299738971871
meanTotTkPop=1.806706446289104 queueUtil=0.5695192365079296
meanST=0.018062908498236833



REPORT for Queue of Queueing Place : W/product----------------------------------------

queueUtilQPl=0.3578426503434468

------------------ Color = product --------------------
arrivCnt=3003018 deptCnt=3003017
arrivThrPut=33.3668695024753 deptThrPut=33.366858391363245
meanTkPop=0.838286875699553 tkColOcp=0.5149694276453939
-----
meanST=0.02512333688125862 stDevST=0.02285906186071018

Steady State Statistics: numBatchesST=7507 batchSizeST=400 stDevStdStateMeanST=0.0023550401859630445
95% c.i. = 0.025123722875110277 +/- 5.327374227072426E-5



REPORT for Depository of Queueing Place : W/product----------------------------------------

tkOcp=0.0

------------------ Color = product --------------------
arrivCnt=3003017 deptCnt=3003018
arrivThrPut=33.366858391363245 deptThrPut=33.3668695024753
meanTkPop=0.0 tkColOcp=0.0
-----
meanST=0.0 stDevST=0.0

Steady State Statistics: numBatchesST=15015 batchSizeST=200 stDevStdStateMeanST=0.0
95% c.i. = 0.0 +/- 0.0



REPORT for Queue : WebUI----------------------------------------

totArrivThrPut=100.02303072305489 totDeptThrPut=100.02299738971871
meanTotTkPop=1.806706446289104 queueUtil=0.5695192365079296
meanST=0.018062908498236833



REPORT for Queue of Queueing Place : P/category_category----------------------------------------

queueUtilQPl=0.0715285521745037

------------------ Color = category --------------------
arrivCnt=2000055 deptCnt=2000054
arrivThrPut=22.22283522202439 deptThrPut=22.222824110912335
meanTkPop=0.14440317220737775 tkColOcp=0.13106855420737418
-----
meanST=0.006497958743631715 stDevST=0.0064382448959590406

Steady State Statistics: numBatchesST=5000 batchSizeST=400 stDevStdStateMeanST=3.7121940014959006E-4
95% c.i. = 0.006497971477453 +/- 1.0289487726802204E-5



REPORT for Depository of Queueing Place : P/category_category----------------------------------------

tkOcp=0.0

------------------ Color = category --------------------
arrivCnt=2000054 deptCnt=2000054
arrivThrPut=22.222824110912335 deptThrPut=22.222824110912335
meanTkPop=0.0 tkColOcp=0.0
-----
meanST=0.0 stDevST=0.0

Steady State Statistics: numBatchesST=10000 batchSizeST=200 stDevStdStateMeanST=0.0
95% c.i. = 0.0 +/- 0.0



REPORT for Queue : Persistence----------------------------------------

totArrivThrPut=100.02298627860665 totDeptThrPut=100.0229751674946
meanTotTkPop=0.6523692661574689 queueUtil=0.28804782037091003
meanST=0.006522192397270242



REPORT for Queue of Queueing Place : P/getProduct_product----------------------------------------

queueUtilQPl=0.17954069137222606

------------------ Color = product --------------------
arrivCnt=3003018 deptCnt=3003018
arrivThrPut=33.3668695024753 deptThrPut=33.3668695024753
meanTkPop=0.37050187404769375 tkColOcp=0.3034203660319145
-----
meanST=0.011103884768698733 stDevST=0.010806049662505805

Steady State Statistics: numBatchesST=7507 batchSizeST=400 stDevStdStateMeanST=6.171030704953217E-4
95% c.i. = 0.011103896410306612 +/- 1.3959587665633251E-5



REPORT for Depository of Queueing Place : P/getProduct_product----------------------------------------

tkOcp=0.0

------------------ Color = product --------------------
arrivCnt=3003018 deptCnt=3003018
arrivThrPut=33.3668695024753 deptThrPut=33.3668695024753
meanTkPop=0.0 tkColOcp=0.0
-----
meanST=0.0 stDevST=0.0

Steady State Statistics: numBatchesST=15015 batchSizeST=200 stDevStdStateMeanST=0.0
95% c.i. = 0.0 +/- 0.0



REPORT for Queue : Persistence----------------------------------------

totArrivThrPut=100.02298627860665 totDeptThrPut=100.0229751674946
meanTotTkPop=0.6523692661574689 queueUtil=0.28804782037091003
meanST=0.006522192397270242



REPORT for Queue of Queueing Place : R/getAds_product----------------------------------------

queueUtilQPl=0.0736708197959389

------------------ Color = product --------------------
arrivCnt=3003018 deptCnt=3003018
arrivThrPut=33.3668695024753 deptThrPut=33.3668695024753
meanTkPop=0.1480160273708912 tkColOcp=0.13761699961853324
-----
meanST=0.00443601780981913 stDevST=0.004424089614215928

Steady State Statistics: numBatchesST=7507 batchSizeST=400 stDevStdStateMeanST=2.256581783551431E-4
95% c.i. = 0.004436046005604561 +/- 5.10464989371594E-6



REPORT for Depository of Queueing Place : R/getAds_product----------------------------------------

tkOcp=0.0

------------------ Color = product --------------------
arrivCnt=3003018 deptCnt=3003018
arrivThrPut=33.3668695024753 deptThrPut=33.3668695024753
meanTkPop=0.0 tkColOcp=0.0
-----
meanST=0.0 stDevST=0.0

Steady State Statistics: numBatchesST=15015 batchSizeST=200 stDevStdStateMeanST=0.0
95% c.i. = 0.0 +/- 0.0



REPORT for Queue : Recommender----------------------------------------

totArrivThrPut=33.3668695024753 totDeptThrPut=33.3668695024753
meanTotTkPop=0.1480160273708912 queueUtil=0.0736708197959389
meanST=0.00443601780981913



REPORT for Queue of Queueing Place : I/productImages_category----------------------------------------

queueUtilQPl=0.06170646618965548

------------------ Color = category --------------------
arrivCnt=2000054 deptCnt=2000054
arrivThrPut=22.222824110912335 deptThrPut=22.222824110912335
meanTkPop=0.12406451475460623 tkColOcp=0.1152986239252208
-----
meanST=0.005582751955170512 stDevST=0.005503131732529334

Steady State Statistics: numBatchesST=2500 batchSizeST=800 stDevStdStateMeanST=2.032913945696055E-4
95% c.i. = 0.005582767660711232 +/- 7.968876234466965E-6



REPORT for Depository of Queueing Place : I/productImages_category----------------------------------------

tkOcp=0.0

------------------ Color = category --------------------
arrivCnt=2000054 deptCnt=2000054
arrivThrPut=22.222824110912335 deptThrPut=22.222824110912335
meanTkPop=0.0 tkColOcp=0.0
-----
meanST=0.0 stDevST=0.0

Steady State Statistics: numBatchesST=10000 batchSizeST=200 stDevStdStateMeanST=0.0
95% c.i. = 0.0 +/- 0.0



REPORT for Queue : ImageProvider----------------------------------------

totArrivThrPut=100.0229751674946 totDeptThrPut=100.0229751674946
meanTotTkPop=0.4053186358745323 queueUtil=0.19135048629794554
meanST=0.004052255346292203



REPORT for Queue of Queueing Place : I/product_product----------------------------------------

queueUtilQPl=0.0992636635174534

------------------ Color = product --------------------
arrivCnt=3003018 deptCnt=3003018
arrivThrPut=33.3668695024753 deptThrPut=33.3668695024753
meanTkPop=0.20050909574992154 tkColOcp=0.18001989444638014
-----
meanST=0.006009227078825806 stDevST=0.005918051270481673

Steady State Statistics: numBatchesST=7507 batchSizeST=400 stDevStdStateMeanST=3.1311785056325017E-4
95% c.i. = 0.006009252160663807 +/- 7.08308918492973E-6



REPORT for Depository of Queueing Place : I/product_product----------------------------------------

tkOcp=0.0

------------------ Color = product --------------------
arrivCnt=3003018 deptCnt=3003018
arrivThrPut=33.3668695024753 deptThrPut=33.3668695024753
meanTkPop=0.0 tkColOcp=0.0
-----
meanST=0.0 stDevST=0.0

Steady State Statistics: numBatchesST=15015 batchSizeST=200 stDevStdStateMeanST=0.0
95% c.i. = 0.0 +/- 0.0



REPORT for Queue : ImageProvider----------------------------------------

totArrivThrPut=100.0229751674946 totDeptThrPut=100.0229751674946
meanTotTkPop=0.4053186358745323 queueUtil=0.19135048629794554
meanST=0.004052255346292203



REPORT for Queue of Queueing Place : Workload----------------------------------------

queueUtilQPl=1.0

------------------ Color = workload --------------------
arrivCnt=9002072 deptCnt=9002072
arrivThrPut=100.02303072305489 deptThrPut=100.02303072305489
meanTkPop=1.0 tkColOcp=1.0
-----
meanST=0.009997698489441348 stDevST=0.009996849654072553

Steady State Statistics: numBatchesST=22505 batchSizeST=400 stDevStdStateMeanST=4.982343752246888E-4
95% c.i. = 0.00999771013177486 +/- 6.509419646662213E-6



REPORT for Depository of Queueing Place : Workload----------------------------------------

tkOcp=0.0

------------------ Color = workload --------------------
arrivCnt=9002072 deptCnt=9002072
arrivThrPut=100.02303072305489 deptThrPut=100.02303072305489
meanTkPop=0.0 tkColOcp=0.0
-----
meanST=0.0 stDevST=0.0

Steady State Statistics: numBatchesST=45010 batchSizeST=200 stDevStdStateMeanST=0.0
95% c.i. = 0.0 +/- 0.0



REPORT for Queue : Workload----------------------------------------

totArrivThrPut=100.02303072305489 totDeptThrPut=100.02303072305489
meanTotTkPop=1.0 queueUtil=1.0
meanST=0.009997698489441348



REPORT for Queue of Queueing Place : I/icon_index----------------------------------------

queueUtilQPl=0.009233865205669935

------------------ Color = index --------------------
arrivCnt=999885 deptCnt=999885
arrivThrPut=11.109834277544296 deptThrPut=11.109834277544296
meanTkPop=0.018493096259487703 tkColOcp=0.018018782014797476
-----
meanST=0.001664569947444382 stDevST=0.0019177492842580744

Steady State Statistics: numBatchesST=2499 batchSizeST=400 stDevStdStateMeanST=1.0292445090925281E-4
95% c.i. = 0.0016645340226379998 +/- 4.035371493236149E-6



REPORT for Depository of Queueing Place : I/icon_index----------------------------------------

tkOcp=0.0

------------------ Color = index --------------------
arrivCnt=999885 deptCnt=999885
arrivThrPut=11.109834277544296 deptThrPut=11.109834277544296
meanTkPop=0.0 tkColOcp=0.0
-----
meanST=0.0 stDevST=0.0

Steady State Statistics: numBatchesST=4999 batchSizeST=200 stDevStdStateMeanST=0.0
95% c.i. = 0.0 +/- 0.0



REPORT for Queue : ImageProvider----------------------------------------

totArrivThrPut=100.0229751674946 totDeptThrPut=100.0229751674946
meanTotTkPop=0.4053186358745323 queueUtil=0.19135048629794554
meanST=0.004052255346292203



REPORT for Queue of Queueing Place : P/categories_login----------------------------------------

queueUtilQPl=0.015854732821991065

------------------ Color = login --------------------
arrivCnt=999231 deptCnt=999231
arrivThrPut=11.102567610260044 deptThrPut=11.102567610260044
meanTkPop=0.031834480803703574 tkColOcp=0.030253788984841858
-----
meanST=0.002867307988675058 stDevST=0.0037790312293747978

Steady State Statistics: numBatchesST=2498 batchSizeST=400 stDevStdStateMeanST=2.2772672808266405E-4
95% c.i. = 0.0028672782040859166 +/- 8.930296540509192E-6



REPORT for Depository of Queueing Place : P/categories_login----------------------------------------

tkOcp=0.0

------------------ Color = login --------------------
arrivCnt=999231 deptCnt=999231
arrivThrPut=11.102567610260044 deptThrPut=11.102567610260044
meanTkPop=0.0 tkColOcp=0.0
-----
meanST=0.0 stDevST=0.0

Steady State Statistics: numBatchesST=4996 batchSizeST=200 stDevStdStateMeanST=0.0
95% c.i. = 0.0 +/- 0.0



REPORT for Queue : Persistence----------------------------------------

totArrivThrPut=100.02298627860665 totDeptThrPut=100.0229751674946
meanTotTkPop=0.6523692661574689 queueUtil=0.28804782037091003
meanST=0.006522192397270242



REPORT for Queue of Queueing Place : I/icon_login----------------------------------------

queueUtilQPl=0.009171905115844786

------------------ Color = login --------------------
arrivCnt=999231 deptCnt=999231
arrivThrPut=11.102567610260044 deptThrPut=11.102567610260044
meanTkPop=0.018365251547436217 tkColOcp=0.017911413016343695
-----
meanST=0.0016541445359418141 stDevST=0.0019007858967480602

Steady State Statistics: numBatchesST=2498 batchSizeST=400 stDevStdStateMeanST=1.024976381708294E-4
95% c.i. = 0.0016541530641520934 +/- 4.019441684662757E-6



REPORT for Depository of Queueing Place : I/icon_login----------------------------------------

tkOcp=0.0

------------------ Color = login --------------------
arrivCnt=999231 deptCnt=999231
arrivThrPut=11.102567610260044 deptThrPut=11.102567610260044
meanTkPop=0.0 tkColOcp=0.0
-----
meanST=0.0 stDevST=0.0

Steady State Statistics: numBatchesST=4996 batchSizeST=200 stDevStdStateMeanST=0.0
95% c.i. = 0.0 +/- 0.0



REPORT for Queue : ImageProvider----------------------------------------

totArrivThrPut=100.0229751674946 totDeptThrPut=100.0229751674946
meanTotTkPop=0.4053186358745323 queueUtil=0.19135048629794554
meanST=0.004052255346292203



REPORT for Queue of Queueing Place : A/isLoggedIn_login----------------------------------------

queueUtilQPl=0.009169844774427002

------------------ Color = login --------------------
arrivCnt=999231 deptCnt=999231
arrivThrPut=11.102567610260044 deptThrPut=11.102567610260044
meanTkPop=0.01842270033757492 tkColOcp=0.017608109428649887
-----
meanST=0.0016593189057052204 stDevST=0.0031473588178638

Steady State Statistics: numBatchesST=2498 batchSizeST=400 stDevStdStateMeanST=1.9712595757863624E-4
95% c.i. = 0.0016593065501944906 +/- 7.730288279424277E-6



REPORT for Depository of Queueing Place : A/isLoggedIn_login----------------------------------------

tkOcp=0.0

------------------ Color = login --------------------
arrivCnt=999231 deptCnt=999231
arrivThrPut=11.102567610260044 deptThrPut=11.102567610260044
meanTkPop=0.0 tkColOcp=0.0
-----
meanST=0.0 stDevST=0.0

Steady State Statistics: numBatchesST=4996 batchSizeST=200 stDevStdStateMeanST=0.0
95% c.i. = 0.0 +/- 0.0



REPORT for Queue : Auth----------------------------------------

totArrivThrPut=100.02298627860668 totDeptThrPut=100.02297516749462
meanTotTkPop=0.4217182923284544 queueUtil=0.19044094474713735
meanST=0.0042162123834936956



REPORT for Queue of Queueing Place : A/isLoggedIn_category----------------------------------------

queueUtilQPl=0.025193514323785318

------------------ Color = category --------------------
arrivCnt=2000054 deptCnt=2000054
arrivThrPut=22.222824110912335 deptThrPut=22.222824110912335
meanTkPop=0.05080715826072163 tkColOcp=0.04783451963224488
-----
meanST=0.0022862601983954503 stDevST=0.0033309740970717885

Steady State Statistics: numBatchesST=5000 batchSizeST=400 stDevStdStateMeanST=2.231992158074E-4
95% c.i. = 0.0022862610769555235 +/- 6.186652935586494E-6



REPORT for Depository of Queueing Place : A/isLoggedIn_category----------------------------------------

tkOcp=0.0

------------------ Color = category --------------------
arrivCnt=2000054 deptCnt=2000054
arrivThrPut=22.222824110912335 deptThrPut=22.222824110912335
meanTkPop=0.0 tkColOcp=0.0
-----
meanST=0.0 stDevST=0.0

Steady State Statistics: numBatchesST=10000 batchSizeST=200 stDevStdStateMeanST=0.0
95% c.i. = 0.0 +/- 0.0



REPORT for Queue : Auth----------------------------------------

totArrivThrPut=100.02298627860668 totDeptThrPut=100.02297516749462
meanTotTkPop=0.4217182923284544 queueUtil=0.19044094474713735
meanST=0.0042162123834936956



REPORT for Queue of Queueing Place : I/icon_logout----------------------------------------

queueUtilQPl=0.01011158381920112

------------------ Color = logout --------------------
arrivCnt=1000801 deptCnt=1000801
arrivThrPut=11.12001205618707 deptThrPut=11.12001205618707
meanTkPop=0.020243023114582252 tkColOcp=0.01978419095198872
-----
meanST=0.0018204137740407595 stDevST=0.002013066171020382

Steady State Statistics: numBatchesST=2502 batchSizeST=400 stDevStdStateMeanST=1.1088800773351108E-4
95% c.i. = 0.001820414442518403 +/- 4.34499238001003E-6



REPORT for Depository of Queueing Place : I/icon_logout----------------------------------------

tkOcp=0.0

------------------ Color = logout --------------------
arrivCnt=1000801 deptCnt=1000801
arrivThrPut=11.12001205618707 deptThrPut=11.12001205618707
meanTkPop=0.0 tkColOcp=0.0
-----
meanST=0.0 stDevST=0.0

Steady State Statistics: numBatchesST=5004 batchSizeST=200 stDevStdStateMeanST=0.0
95% c.i. = 0.0 +/- 0.0



REPORT for Queue : ImageProvider----------------------------------------

totArrivThrPut=100.0229751674946 totDeptThrPut=100.0229751674946
meanTotTkPop=0.4053186358745323 queueUtil=0.19135048629794554
meanST=0.004052255346292203



REPORT for Queue of Queueing Place : I/icon_loginAction----------------------------------------

queueUtilQPl=0.011814829570932477

------------------ Color = loginAction --------------------
arrivCnt=999078 deptCnt=999078
arrivThrPut=11.100867610115564 deptThrPut=11.100867610115564
meanTkPop=0.023643654448498336 tkColOcp=0.023176805571174117
-----
meanST=0.0021298924803817383 stDevST=0.002250262084318851

Steady State Statistics: numBatchesST=2497 batchSizeST=400 stDevStdStateMeanST=1.1635653626929425E-4
95% c.i. = 0.0021298112615459846 +/- 4.5638315299738284E-6



REPORT for Depository of Queueing Place : I/icon_loginAction----------------------------------------

tkOcp=0.0

------------------ Color = loginAction --------------------
arrivCnt=999078 deptCnt=999078
arrivThrPut=11.100867610115564 deptThrPut=11.100867610115564
meanTkPop=0.0 tkColOcp=0.0
-----
meanST=0.0 stDevST=0.0

Steady State Statistics: numBatchesST=4995 batchSizeST=200 stDevStdStateMeanST=0.0
95% c.i. = 0.0 +/- 0.0



REPORT for Queue : ImageProvider----------------------------------------

totArrivThrPut=100.0229751674946 totDeptThrPut=100.0229751674946
meanTotTkPop=0.4053186358745323 queueUtil=0.19135048629794554
meanST=0.004052255346292203



REPORT for Queue of Queueing Place : A/isLoggedIn_product----------------------------------------

queueUtilQPl=0.04069526623987593

------------------ Color = product --------------------
arrivCnt=3003018 deptCnt=3003018
arrivThrPut=33.3668695024753 deptThrPut=33.3668695024753
meanTkPop=0.0824537252244704 tkColOcp=0.07599667028920161
-----
meanST=0.002471125594157211 stDevST=0.003434598620189034

Steady State Statistics: numBatchesST=7507 batchSizeST=400 stDevStdStateMeanST=2.4716643815217995E-4
95% c.i. = 0.0024711238469351357 +/- 5.5911916928532475E-6



REPORT for Depository of Queueing Place : A/isLoggedIn_product----------------------------------------

tkOcp=0.0

------------------ Color = product --------------------
arrivCnt=3003018 deptCnt=3003018
arrivThrPut=33.3668695024753 deptThrPut=33.3668695024753
meanTkPop=0.0 tkColOcp=0.0
-----
meanST=0.0 stDevST=0.0

Steady State Statistics: numBatchesST=15015 batchSizeST=200 stDevStdStateMeanST=0.0
95% c.i. = 0.0 +/- 0.0



REPORT for Queue : Auth----------------------------------------

totArrivThrPut=100.02298627860668 totDeptThrPut=100.02297516749462
meanTotTkPop=0.4217182923284544 queueUtil=0.19044094474713735
meanST=0.0042162123834936956



REPORT for Queue of Queueing Place : P/category_logout----------------------------------------

queueUtilQPl=0.01564191774025191

------------------ Color = logout --------------------
arrivCnt=1000801 deptCnt=1000801
arrivThrPut=11.12001205618707 deptThrPut=11.12001205618707
meanTkPop=0.03138016079088598 tkColOcp=0.03004004172463272
-----
meanST=0.0028219538461225274 stDevST=0.003659388296340281

Steady State Statistics: numBatchesST=2502 batchSizeST=400 stDevStdStateMeanST=2.1618321411775415E-4
95% c.i. = 0.0028219527121312736 +/- 8.470838616607698E-6



REPORT for Depository of Queueing Place : P/category_logout----------------------------------------

tkOcp=0.0

------------------ Color = logout --------------------
arrivCnt=1000801 deptCnt=1000801
arrivThrPut=11.12001205618707 deptThrPut=11.12001205618707
meanTkPop=0.0 tkColOcp=0.0
-----
meanST=0.0 stDevST=0.0

Steady State Statistics: numBatchesST=5004 batchSizeST=200 stDevStdStateMeanST=0.0
95% c.i. = 0.0 +/- 0.0



REPORT for Queue : Persistence----------------------------------------

totArrivThrPut=100.02298627860665 totDeptThrPut=100.0229751674946
meanTotTkPop=0.6523692661574689 queueUtil=0.28804782037091003
meanST=0.006522192397270242



REPORT for Ordinary Place : Finish_index----------------------------------------

tkOcp=1.0

------------------ Color = index --------------------
arrivCnt=999885 deptCnt=0
arrivThrPut=11.109834277544296 deptThrPut=0.0
meanTkPop=611604.416290711 tkColOcp=1.0
-----
meanST=NaN stDevST=NaN

Steady State Statistics: Only 0 batches collected!
Need at least 60 for steady state statistics.



REPORT for Ordinary Place : Finish_login----------------------------------------

tkOcp=1.0

------------------ Color = login --------------------
arrivCnt=999231 deptCnt=0
arrivThrPut=11.102567610260044 deptThrPut=0.0
meanTkPop=611304.1409632468 tkColOcp=1.0
-----
meanST=NaN stDevST=NaN

Steady State Statistics: Only 0 batches collected!
Need at least 60 for steady state statistics.



REPORT for Ordinary Place : Finish_loginAction----------------------------------------

tkOcp=1.0

------------------ Color = loginAction --------------------
arrivCnt=999078 deptCnt=0
arrivThrPut=11.100867610115564 deptThrPut=0.0
meanTkPop=610825.7400775558 tkColOcp=1.0
-----
meanST=NaN stDevST=NaN

Steady State Statistics: Only 0 batches collected!
Need at least 60 for steady state statistics.



REPORT for Ordinary Place : Finish_category----------------------------------------

tkOcp=1.0

------------------ Color = category --------------------
arrivCnt=2000054 deptCnt=0
arrivThrPut=22.222824110912335 deptThrPut=0.0
meanTkPop=1221791.3656060013 tkColOcp=1.0
-----
meanST=NaN stDevST=NaN

Steady State Statistics: Only 0 batches collected!
Need at least 60 for steady state statistics.



REPORT for Ordinary Place : Finish_product----------------------------------------

tkOcp=1.0

------------------ Color = product --------------------
arrivCnt=3003018 deptCnt=0
arrivThrPut=33.3668695024753 deptThrPut=0.0
meanTkPop=1834876.451290729 tkColOcp=1.0
-----
meanST=NaN stDevST=NaN

Steady State Statistics: Only 0 batches collected!
Need at least 60 for steady state statistics.



REPORT for Ordinary Place : Finish_logout----------------------------------------

tkOcp=1.0

------------------ Color = logout --------------------
arrivCnt=1000801 deptCnt=0
arrivThrPut=11.12001205618707 deptThrPut=0.0
meanTkPop=610715.4132140846 tkColOcp=1.0
-----
meanST=NaN stDevST=NaN

Steady State Statistics: Only 0 batches collected!
Need at least 60 for steady state statistics.



REPORT REPORT for Probe : /index----------------------------------------


------------------ Color = index --------------------
-----
meanST=0.017189851865208196 stDevST=0.015611340610608482

Steady State Statistics: numBatchesST=2499 batchSizeST=400 stDevStdStateMeanST=0.0012645849278032867
95% c.i. = 0.017189970687909777 +/- 4.958073541662893E-5
-----
Histogram Data
   10% percentile=100.0
   20% percentile=100.0
   30% percentile=100.0
   40% percentile=100.0
   50% percentile=100.0
   60% percentile=100.0
   70% percentile=100.0
   80% percentile=100.0
   90% percentile=100.0
   histogramMean=50.0
Token sojourn times dumped in C:\Users\lliao\Downloads\qpme_models



REPORT REPORT for Probe : /login----------------------------------------


------------------ Color = login --------------------
-----
meanST=0.01723541116519798 stDevST=0.01564773529953869

Steady State Statistics: numBatchesST=2498 batchSizeST=400 stDevStdStateMeanST=0.0012271320110265064
95% c.i. = 0.017235375144595676 +/- 4.812194354647797E-5
-----
Histogram Data
   10% percentile=100.0
   20% percentile=100.0
   30% percentile=100.0
   40% percentile=100.0
   50% percentile=100.0
   60% percentile=100.0
   70% percentile=100.0
   80% percentile=100.0
   90% percentile=100.0
   histogramMean=50.0
Token sojourn times dumped in C:\Users\lliao\Downloads\qpme_models



REPORT REPORT for Probe : /loginAction----------------------------------------


------------------ Color = loginAction --------------------
-----
meanST=0.03978571993750923 stDevST=0.02572362169232183

Steady State Statistics: numBatchesST=2497 batchSizeST=400 stDevStdStateMeanST=0.00164485623167767
95% c.i. = 0.0397860869753048 +/- 6.45159006369073E-5
-----
Histogram Data
   10% percentile=100.0
   20% percentile=100.0
   30% percentile=100.0
   40% percentile=100.0
   50% percentile=100.0
   60% percentile=100.0
   70% percentile=100.0
   80% percentile=100.0
   90% percentile=100.0
   histogramMean=50.0
Token sojourn times dumped in C:\Users\lliao\Downloads\qpme_models



REPORT REPORT for Probe : /logout----------------------------------------


------------------ Color = logout --------------------
-----
meanST=0.021128028663463645 stDevST=0.016592917900536863

Steady State Statistics: numBatchesST=2502 batchSizeST=400 stDevStdStateMeanST=0.0013006817357736685
95% c.i. = 0.021128028224271313 +/- 5.096540506288583E-5
-----
Histogram Data
   10% percentile=100.0
   20% percentile=100.0
   30% percentile=100.0
   40% percentile=100.0
   50% percentile=100.0
   60% percentile=100.0
   70% percentile=100.0
   80% percentile=100.0
   90% percentile=100.0
   histogramMean=50.0
Token sojourn times dumped in C:\Users\lliao\Downloads\qpme_models



REPORT REPORT for Probe : /category----------------------------------------


------------------ Color = category --------------------
-----
meanST=0.0330933053494614 stDevST=0.020428002982261134

Steady State Statistics: numBatchesST=5000 batchSizeST=400 stDevStdStateMeanST=0.00185360297641085
95% c.i. = 0.03309336606470714 +/- 5.137830907667485E-5
-----
Histogram Data
   10% percentile=100.0
   20% percentile=100.0
   30% percentile=100.0
   40% percentile=100.0
   50% percentile=100.0
   60% percentile=100.0
   70% percentile=100.0
   80% percentile=100.0
   90% percentile=100.0
   histogramMean=50.0
Token sojourn times dumped in C:\Users\lliao\Downloads\qpme_models



REPORT REPORT for Probe : /product----------------------------------------


------------------ Color = product --------------------
-----
meanST=0.04914358721229664 stDevST=0.02666108257838057

Steady State Statistics: numBatchesST=1876 batchSizeST=1600 stDevStdStateMeanST=0.0012516473006753013
95% c.i. = 0.04914280051766597 +/- 5.663874752884239E-5
-----
Histogram Data
   10% percentile=100.0
   20% percentile=100.0
   30% percentile=100.0
   40% percentile=100.0
   50% percentile=100.0
   60% percentile=100.0
   70% percentile=100.0
   80% percentile=100.0
   90% percentile=100.0
   histogramMean=50.0
Token sojourn times dumped in C:\Users\lliao\Downloads\qpme_models



